Archive member included to satisfy reference by file (symbol)

d:/robomaster/gcc-arm-none-eabi-10.3-2021.10/bin/../lib/gcc/arm-none-eabi/10.3.1/../../../../arm-none-eabi/lib/thumb/v7e-m/nofp\libstdc++_nano.a(atexit_arm.o)
                              CMakeFiles/RM_Frame_C.elf.dir/userCode/tasks/Src/ChassisTask.cpp.obj (__aeabi_atexit)
d:/robomaster/gcc-arm-none-eabi-10.3-2021.10/bin/../lib/gcc/arm-none-eabi/10.3.1/../../../../arm-none-eabi/lib/thumb/v7e-m/nofp\libstdc++_nano.a(class_type_info.o)
                              CMakeFiles/RM_Frame_C.elf.dir/userCode/devices/Src/Motor.cpp.obj (vtable for __cxxabiv1::__class_type_info)
d:/robomaster/gcc-arm-none-eabi-10.3-2021.10/bin/../lib/gcc/arm-none-eabi/10.3.1/../../../../arm-none-eabi/lib/thumb/v7e-m/nofp\libstdc++_nano.a(del_ops.o)
                              d:/robomaster/gcc-arm-none-eabi-10.3-2021.10/bin/../lib/gcc/arm-none-eabi/10.3.1/../../../../arm-none-eabi/lib/thumb/v7e-m/nofp\libstdc++_nano.a(class_type_info.o) (operator delete(void*, unsigned int))
d:/robomaster/gcc-arm-none-eabi-10.3-2021.10/bin/../lib/gcc/arm-none-eabi/10.3.1/../../../../arm-none-eabi/lib/thumb/v7e-m/nofp\libstdc++_nano.a(pure.o)
                              CMakeFiles/RM_Frame_C.elf.dir/userCode/devices/Src/Motor.cpp.obj (__cxa_pure_virtual)
d:/robomaster/gcc-arm-none-eabi-10.3-2021.10/bin/../lib/gcc/arm-none-eabi/10.3.1/../../../../arm-none-eabi/lib/thumb/v7e-m/nofp\libstdc++_nano.a(si_class_type_info.o)
                              CMakeFiles/RM_Frame_C.elf.dir/userCode/devices/Src/Servo.cpp.obj (vtable for __cxxabiv1::__si_class_type_info)
d:/robomaster/gcc-arm-none-eabi-10.3-2021.10/bin/../lib/gcc/arm-none-eabi/10.3.1/../../../../arm-none-eabi/lib/thumb/v7e-m/nofp\libstdc++_nano.a(tinfo.o)
                              d:/robomaster/gcc-arm-none-eabi-10.3-2021.10/bin/../lib/gcc/arm-none-eabi/10.3.1/../../../../arm-none-eabi/lib/thumb/v7e-m/nofp\libstdc++_nano.a(class_type_info.o) (std::type_info::~type_info())
d:/robomaster/gcc-arm-none-eabi-10.3-2021.10/bin/../lib/gcc/arm-none-eabi/10.3.1/../../../../arm-none-eabi/lib/thumb/v7e-m/nofp\libstdc++_nano.a(vmi_class_type_info.o)
                              CMakeFiles/RM_Frame_C.elf.dir/userCode/devices/Src/Motor.cpp.obj (vtable for __cxxabiv1::__vmi_class_type_info)
d:/robomaster/gcc-arm-none-eabi-10.3-2021.10/bin/../lib/gcc/arm-none-eabi/10.3.1/../../../../arm-none-eabi/lib/thumb/v7e-m/nofp\libstdc++_nano.a(del_op.o)
                              d:/robomaster/gcc-arm-none-eabi-10.3-2021.10/bin/../lib/gcc/arm-none-eabi/10.3.1/../../../../arm-none-eabi/lib/thumb/v7e-m/nofp\libstdc++_nano.a(del_ops.o) (operator delete(void*))
d:/robomaster/gcc-arm-none-eabi-10.3-2021.10/bin/../lib/gcc/arm-none-eabi/10.3.1/../../../../arm-none-eabi/lib/thumb/v7e-m/nofp\libstdc++_nano.a(eh_terminate.o)
                              d:/robomaster/gcc-arm-none-eabi-10.3-2021.10/bin/../lib/gcc/arm-none-eabi/10.3.1/../../../../arm-none-eabi/lib/thumb/v7e-m/nofp\libstdc++_nano.a(pure.o) (std::terminate())
d:/robomaster/gcc-arm-none-eabi-10.3-2021.10/bin/../lib/gcc/arm-none-eabi/10.3.1/../../../../arm-none-eabi/lib/thumb/v7e-m/nofp\libstdc++_nano.a(eh_unex_handler.o)
                              d:/robomaster/gcc-arm-none-eabi-10.3-2021.10/bin/../lib/gcc/arm-none-eabi/10.3.1/../../../../arm-none-eabi/lib/thumb/v7e-m/nofp\libstdc++_nano.a(eh_terminate.o) (__cxxabiv1::__unexpected_handler)
d:/robomaster/gcc-arm-none-eabi-10.3-2021.10/bin/../lib/gcc/arm-none-eabi/10.3.1/../../../../arm-none-eabi/lib/thumb/v7e-m/nofp\libstdc++_nano.a(eh_term_handler.o)
                              d:/robomaster/gcc-arm-none-eabi-10.3-2021.10/bin/../lib/gcc/arm-none-eabi/10.3.1/../../../../arm-none-eabi/lib/thumb/v7e-m/nofp\libstdc++_nano.a(eh_terminate.o) (__cxxabiv1::__terminate_handler)
d:/robomaster/gcc-arm-none-eabi-10.3-2021.10/bin/../lib/gcc/arm-none-eabi/10.3.1/../../../../arm-none-eabi/lib/thumb/v7e-m/nofp\libm.a(lib_a-s_log2.o)
                              CMakeFiles/RM_Frame_C.elf.dir/userCode/devices/Src/Motor.cpp.obj (log2)
d:/robomaster/gcc-arm-none-eabi-10.3-2021.10/bin/../lib/gcc/arm-none-eabi/10.3.1/../../../../arm-none-eabi/lib/thumb/v7e-m/nofp\libm.a(lib_a-w_log.o)
                              d:/robomaster/gcc-arm-none-eabi-10.3-2021.10/bin/../lib/gcc/arm-none-eabi/10.3.1/../../../../arm-none-eabi/lib/thumb/v7e-m/nofp\libm.a(lib_a-s_log2.o) (log)
d:/robomaster/gcc-arm-none-eabi-10.3-2021.10/bin/../lib/gcc/arm-none-eabi/10.3.1/../../../../arm-none-eabi/lib/thumb/v7e-m/nofp\libm.a(lib_a-e_log.o)
                              d:/robomaster/gcc-arm-none-eabi-10.3-2021.10/bin/../lib/gcc/arm-none-eabi/10.3.1/../../../../arm-none-eabi/lib/thumb/v7e-m/nofp\libm.a(lib_a-w_log.o) (__ieee754_log)
d:/robomaster/gcc-arm-none-eabi-10.3-2021.10/bin/../lib/gcc/arm-none-eabi/10.3.1/../../../../arm-none-eabi/lib/thumb/v7e-m/nofp\libm.a(lib_a-s_nan.o)
[...]
Memory Configuration

Name             Origin             Length             Attributes
RAM              0x20000000         0x00020000         xrw
CCMRAM           0x10000000         0x00010000         rw
FLASH            0x08000000         0x00100000         xr
*default*        0x00000000         0xffffffff

Linker script and memory map

LOAD d:/robomaster/gcc-arm-none-eabi-10.3-2021.10/bin/../lib/gcc/arm-none-eabi/10.3.1/thumb/v7e-m/nofp/crti.o
LOAD d:/robomaster/gcc-arm-none-eabi-10.3-2021.10/bin/../lib/gcc/arm-none-eabi/10.3.1/thumb/v7e-m/nofp/crtbegin.o
LOAD d:/robomaster/gcc-arm-none-eabi-10.3-2021.10/bin/../lib/gcc/arm-none-eabi/10.3.1/../../../../arm-none-eabi/lib/thumb/v7e-m/nofp/crt0.o
LOAD CMakeFiles/RM_Frame_C.elf.dir/Drivers/STM32F4xx_HAL_Driver/Src/stm32f4xx_hal.c.obj
LOAD CMakeFiles/RM_Frame_C.elf.dir/Drivers/STM32F4xx_HAL_Driver/Src/stm32f4xx_hal_adc.c.obj
LOAD CMakeFiles/RM_Frame_C.elf.dir/Drivers/STM32F4xx_HAL_Driver/Src/stm32f4xx_hal_adc_ex.c.obj
LOAD CMakeFiles/RM_Frame_C.elf.dir/Drivers/STM32F4xx_HAL_Driver/Src/stm32f4xx_hal_can.c.obj
LOAD CMakeFiles/RM_Frame_C.elf.dir/Drivers/STM32F4xx_HAL_Driver/Src/stm32f4xx_hal_cortex.c.obj
LOAD CMakeFiles/RM_Frame_C.elf.dir/Drivers/STM32F4xx_HAL_Driver/Src/stm32f4xx_hal_dma.c.obj
LOAD CMakeFiles/RM_Frame_C.elf.dir/Drivers/STM32F4xx_HAL_Driver/Src/stm32f4xx_hal_dma_ex.c.obj
LOAD CMakeFiles/RM_Frame_C.elf.dir/Drivers/STM32F4xx_HAL_Driver/Src/stm32f4xx_hal_exti.c.obj
LOAD CMakeFiles/RM_Frame_C.elf.dir/Drivers/STM32F4xx_HAL_Driver/Src/stm32f4xx_hal_flash.c.obj
LOAD CMakeFiles/RM_Frame_C.elf.dir/Drivers/STM32F4xx_HAL_Driver/Src/stm32f4xx_hal_flash_ex.c.obj
LOAD CMakeFiles/RM_Frame_C.elf.dir/Drivers/STM32F4xx_HAL_Driver/Src/stm32f4xx_hal_flash_ramfunc.c.obj
LOAD CMakeFiles/RM_Frame_C.elf.dir/Drivers/STM32F4xx_HAL_Driver/Src/stm32f4xx_hal_gpio.c.obj
LOAD CMakeFiles/RM_Frame_C.elf.dir/Drivers/STM32F4xx_HAL_Driver/Src/stm32f4xx_hal_i2c.c.obj
LOAD CMakeFiles/RM_Frame_C.elf.dir/Drivers/STM32F4xx_HAL_Driver/Src/stm32f4xx_hal_i2c_ex.c.obj
LOAD CMakeFiles/RM_Frame_C.elf.dir/Drivers/STM32F4xx_HAL_Driver/Src/stm32f4xx_hal_iwdg.c.obj
LOAD CMakeFiles/RM_Frame_C.elf.dir/Drivers/STM32F4xx_HAL_Driver/Src/stm32f4xx_hal_pcd.c.obj
LOAD CMakeFiles/RM_Frame_C.elf.dir/Drivers/STM32F4xx_HAL_Driver/Src/stm32f4xx_hal_pcd_ex.c.obj
LOAD CMakeFiles/RM_Frame_C.elf.dir/Drivers/STM32F4xx_HAL_Driver/Src/stm32f4xx_hal_pwr.c.obj
LOAD CMakeFiles/RM_Frame_C.elf.dir/Drivers/STM32F4xx_HAL_Driver/Src/stm32f4xx_hal_pwr_ex.c.obj
LOAD CMakeFiles/RM_Frame_C.elf.dir/Drivers/STM32F4xx_HAL_Driver/Src/stm32f4xx_hal_rcc.c.obj
LOAD CMakeFiles/RM_Frame_C.elf.dir/Drivers/STM32F4xx_HAL_Driver/Src/stm32f4xx_hal_rcc_ex.c.obj
LOAD CMakeFiles/RM_Frame_C.elf.dir/Drivers/STM32F4xx_HAL_Driver/Src/stm32f4xx_hal_spi.c.obj
LOAD CMakeFiles/RM_Frame_C.elf.dir/Drivers/STM32F4xx_HAL_Driver/Src/stm32f4xx_hal_tim.c.obj
LOAD CMakeFiles/RM_Frame_C.elf.dir/Drivers/STM32F4xx_HAL_Driver/Src/stm32f4xx_hal_tim_ex.c.obj
LOAD CMakeFiles/RM_Frame_C.elf.dir/Drivers/STM32F4xx_HAL_Driver/Src/stm32f4xx_hal_uart.c.obj
LOAD CMakeFiles/RM_Frame_C.elf.dir/Drivers/STM32F4xx_HAL_Driver/Src/stm32f4xx_ll_usb.c.obj
LOAD CMakeFiles/RM_Frame_C.elf.dir/Middlewares/ST/STM32_USB_Device_Library/Class/CDC/Src/usbd_cdc.c.obj
LOAD CMakeFiles/RM_Frame_C.elf.dir/Middlewares/ST/STM32_USB_Device_Library/Core/Src/usbd_core.c.obj
LOAD CMakeFiles/RM_Frame_C.elf.dir/Middlewares/ST/STM32_USB_Device_Library/Core/Src/usbd_ctlreq.c.obj
LOAD CMakeFiles/RM_Frame_C.elf.dir/Middlewares/ST/STM32_USB_Device_Library/Core/Src/usbd_ioreq.c.obj
LOAD CMakeFiles/RM_Frame_C.elf.dir/Src/adc.c.obj
LOAD CMakeFiles/RM_Frame_C.elf.dir/Src/can.c.obj
LOAD CMakeFiles/RM_Frame_C.elf.dir/Src/dma.c.obj
LOAD CMakeFiles/RM_Frame_C.elf.dir/Src/gpio.c.obj
LOAD CMakeFiles/RM_Frame_C.elf.dir/Src/i2c.c.obj
LOAD CMakeFiles/RM_Frame_C.elf.dir/Src/iwdg.c.obj
LOAD CMakeFiles/RM_Frame_C.elf.dir/Src/main.c.obj
LOAD CMakeFiles/RM_Frame_C.elf.dir/Src/spi.c.obj
LOAD CMakeFiles/RM_Frame_C.elf.dir/Src/stm32f4xx_hal_msp.c.obj
LOAD CMakeFiles/RM_Frame_C.elf.dir/Src/stm32f4xx_it.c.obj
LOAD CMakeFiles/RM_Frame_C.elf.dir/Src/system_stm32f4xx.c.obj
LOAD CMakeFiles/RM_Frame_C.elf.dir/Src/tim.c.obj
LOAD CMakeFiles/RM_Frame_C.elf.dir/Src/usart.c.obj
LOAD CMakeFiles/RM_Frame_C.elf.dir/Src/usb_device.c.obj
LOAD CMakeFiles/RM_Frame_C.elf.dir/Src/usbd_cdc_if.c.obj
LOAD CMakeFiles/RM_Frame_C.elf.dir/Src/usbd_conf.c.obj
LOAD CMakeFiles/RM_Frame_C.elf.dir/Src/usbd_desc.c.obj
LOAD CMakeFiles/RM_Frame_C.elf.dir/startup/startup_stm32f407xx.s.obj
LOAD CMakeFiles/RM_Frame_C.elf.dir/userCode/devices/Src/BMI088Middleware.c.obj
LOAD CMakeFiles/RM_Frame_C.elf.dir/userCode/devices/Src/BMI088driver.c.obj
LOAD CMakeFiles/RM_Frame_C.elf.dir/userCode/devices/Src/Device.cpp.obj
LOAD CMakeFiles/RM_Frame_C.elf.dir/userCode/devices/Src/Motor.cpp.obj
LOAD CMakeFiles/RM_Frame_C.elf.dir/userCode/devices/Src/RemoteControl.cpp.obj
LOAD CMakeFiles/RM_Frame_C.elf.dir/userCode/devices/Src/Servo.cpp.obj
LOAD CMakeFiles/RM_Frame_C.elf.dir/userCode/tasks/Src/ChassisTask.cpp.obj
LOAD CMakeFiles/RM_Frame_C.elf.dir/userCode/tasks/Src/ControlTask.cpp.obj
LOAD CMakeFiles/RM_Frame_C.elf.dir/userCode/tasks/Src/UserTask.cpp.obj
LOAD d:/robomaster/gcc-arm-none-eabi-10.3-2021.10/bin/../lib/gcc/arm-none-eabi/10.3.1/../../../../arm-none-eabi/lib/thumb/v7e-m/nofp\libstdc++_nano.a
LOAD d:/robomaster/gcc-arm-none-eabi-10.3-2021.10/bin/../lib/gcc/arm-none-eabi/10.3.1/../../../../arm-none-eabi/lib/thumb/v7e-m/nofp\libm.a
START GROUP
LOAD d:/robomaster/gcc-arm-none-eabi-10.3-2021.10/bin/../lib/gcc/arm-none-eabi/10.3.1/thumb/v7e-m/nofp\libgcc.a
LOAD d:/robomaster/gcc-arm-none-eabi-10.3-2021.10/bin/../lib/gcc/arm-none-eabi/10.3.1/../../../../arm-none-eabi/lib/thumb/v7e-m/nofp\libg_nano.a
LOAD d:/robomaster/gcc-arm-none-eabi-10.3-2021.10/bin/../lib/gcc/arm-none-eabi/10.3.1/../../../../arm-none-eabi/lib/thumb/v7e-m/nofp\libc_nano.a
END GROUP
START GROUP
LOAD d:/robomaster/gcc-arm-none-eabi-10.3-2021.10/bin/../lib/gcc/arm-none-eabi/10.3.1/thumb/v7e-m/nofp\libgcc.a
LOAD d:/robomaster/gcc-arm-none-eabi-10.3-2021.10/bin/../lib/gcc/arm-none-eabi/10.3.1/../../../../arm-none-eabi/lib/thumb/v7e-m/nofp\libc_nano.a
LOAD d:/robomaster/gcc-arm-none-eabi-10.3-2021.10/bin/../lib/gcc/arm-none-eabi/10.3.1/../../../../arm-none-eabi/lib/thumb/v7e-m/nofp\libnosys.a
END GROUP
START GROUP
LOAD d:/robomaster/gcc-arm-none-eabi-10.3-2021.10/bin/../lib/gcc/arm-none-eabi/10.3.1/thumb/v7e-m/nofp\libgcc.a
LOAD d:/robomaster/gcc-arm-none-eabi-10.3-2021.10/bin/../lib/gcc/arm-none-eabi/10.3.1/../../../../arm-none-eabi/lib/thumb/v7e-m/nofp\libc_nano.a
LOAD d:/robomaster/gcc-arm-none-eabi-10.3-2021.10/bin/../lib/gcc/arm-none-eabi/10.3.1/../../../../arm-none-eabi/lib/thumb/v7e-m/nofp\libnosys.a
END GROUP
LOAD d:/robomaster/gcc-arm-none-eabi-10.3-2021.10/bin/../lib/gcc/arm-none-eabi/10.3.1/thumb/v7e-m/nofp/crtend.o
LOAD d:/robomaster/gcc-arm-none-eabi-10.3-2021.10/bin/../lib/gcc/arm-none-eabi/10.3.1/thumb/v7e-m/nofp/crtn.o
                0x20020000                _estack = 0x20020000
                0x00001000                _Min_Heap_Size = 0x1000
                0x00000800                _Min_Stack_Size = 0x800

.isr_vector     0x08000000      0x188
                0x08000000                . = ALIGN (0x4)
 *(.isr_vector)
 .isr_vector    0x08000000      0x188 CMakeFiles/RM_Frame_C.elf.dir/startup/startup_stm32f407xx.s.obj
                0x08000000                g_pfnVectors
                0x08000188                . = ALIGN (0x4)

.text           0x08000188     0xfdf8
                0x08000188                . = ALIGN (0x4)
 *(.text)
 .text          0x08000188       0x40 d:/robomaster/gcc-arm-none-eabi-10.3-2021.10/bin/../lib/gcc/arm-none-eabi/10.3.1/thumb/v7e-m/nofp/crtbegin.o
 .text          0x080001c8      0x378 d:/robomaster/gcc-arm-none-eabi-10.3-2021.10/bin/../lib/gcc/arm-none-eabi/10.3.1/thumb/v7e-m/nofp\libgcc.a(_arm_addsubdf3.o)
                0x080001c8                __aeabi_drsub
                0x080001d0                __aeabi_dsub
                0x080001d0                __subdf3
                0x080001d4                __aeabi_dadd
                0x080001d4                __adddf3
                0x0800044c                __floatunsidf
                0x0800044c                __aeabi_ui2d
                0x0800046c                __floatsidf
                0x0800046c                __aeabi_i2d
                0x08000490                __aeabi_f2d
                0x08000490                __extendsfdf2
                0x080004d4                __floatundidf
                0x080004d4                __aeabi_ul2d
                0x080004e4                __floatdidf
                0x080004e4                __aeabi_l2d
 .text          0x08000540      0x424 d:/robomaster/gcc-arm-none-eabi-10.3-2021.10/bin/../lib/gcc/arm-none-eabi/10.3.1/thumb/v7e-m/nofp\libgcc.a(_arm_muldivdf3.o)
                0x08000540                __aeabi_dmul
                0x08000540                __muldf3
                0x08000794                __divdf3
                0x08000794                __aeabi_ddiv
 .text          0x08000964      0x110 d:/robomaster/gcc-arm-none-eabi-10.3-2021.10/bin/../lib/gcc/arm-none-eabi/10.3.1/thumb/v7e-m/nofp\libgcc.a(_arm_cmpdf2.o)
                0x08000964                __gtdf2
                0x08000964                __gedf2
                0x0800096c                __ltdf2
                0x0800096c                __ledf2
                0x08000974                __nedf2
                0x08000974                __eqdf2
                0x08000974                __cmpdf2
                0x080009f0                __aeabi_cdrcmple
                0x08000a00                __aeabi_cdcmpeq
                0x08000a00                __aeabi_cdcmple
                0x08000a10                __aeabi_dcmpeq
                0x08000a24                __aeabi_dcmplt
                0x08000a38                __aeabi_dcmple
                0x08000a4c                __aeabi_dcmpge
                0x08000a60                __aeabi_dcmpgt
 .text          0x08000a74       0x2c d:/robomaster/gcc-arm-none-eabi-10.3-2021.10/bin/../lib/gcc/arm-none-eabi/10.3.1/thumb/v7e-m/nofp\libgcc.a(_arm_unorddf2.o)
                0x08000a74                __unorddf2
                0x08000a74                __aeabi_dcmpun
 .text          0x08000aa0       0x40 d:/robomaster/gcc-arm-none-eabi-10.3-2021.10/bin/../lib/gcc/arm-none-eabi/10.3.1/thumb/v7e-m/nofp\libgcc.a(_arm_fixunsdfsi.o)
                0x08000aa0                __aeabi_d2uiz
                0x08000aa0                __fixunsdfsi
 .text          0x08000ae0       0xa0 d:/robomaster/gcc-arm-none-eabi-10.3-2021.10/bin/../lib/gcc/arm-none-eabi/10.3.1/thumb/v7e-m/nofp\libgcc.a(_arm_truncdfsf2.o)
                0x08000ae0                __truncdfsf2
                0x08000ae0                __aeabi_d2f
 .text          0x08000b80      0x21c d:/robomaster/gcc-arm-none-eabi-10.3-2021.10/bin/../lib/gcc/arm-none-eabi/10.3.1/thumb/v7e-m/nofp\libgcc.a(_arm_addsubsf3.o)
                0x08000b80                __aeabi_frsub
                0x08000b88                __subsf3
                0x08000b88                __aeabi_fsub
                0x08000b8c                __aeabi_fadd
                0x08000b8c                __addsf3
                0x08000cec                __aeabi_ui2f
                0x08000cec                __floatunsisf
                0x08000cf4                __aeabi_i2f
                0x08000cf4                __floatsisf
                0x08000d10                __aeabi_ul2f
                0x08000d10                __floatundisf
                0x08000d20                __aeabi_l2f
                0x08000d20                __floatdisf
 .text          0x08000d9c      0x2a0 d:/robomaster/gcc-arm-none-eabi-10.3-2021.10/bin/../lib/gcc/arm-none-eabi/10.3.1/thumb/v7e-m/nofp\libgcc.a(_arm_muldivsf3.o)
                0x08000d9c                __mulsf3
                0x08000d9c                __aeabi_fmul
                0x08000f04                __aeabi_fdiv
                0x08000f04                __divsf3
 .text          0x0800103c       0xec d:/robomaster/gcc-arm-none-eabi-10.3-2021.10/bin/../lib/gcc/arm-none-eabi/10.3.1/thumb/v7e-m/nofp\libgcc.a(_arm_cmpsf2.o)
                0x0800103c                __gesf2
                0x0800103c                __gtsf2
                0x08001044                __lesf2
                0x08001044                __ltsf2
                0x0800104c                __nesf2
                0x0800104c                __eqsf2
                0x0800104c                __cmpsf2
                0x080010ac                __aeabi_cfrcmple
                0x080010b4                __aeabi_cfcmpeq
                0x080010b4                __aeabi_cfcmple
                0x080010c4                __aeabi_fcmpeq
                0x080010d8                __aeabi_fcmplt
                0x080010ec                __aeabi_fcmple
                0x08001100                __aeabi_fcmpge
                0x08001114                __aeabi_fcmpgt
 .text          0x08001128       0x4c d:/robomaster/gcc-arm-none-eabi-10.3-2021.10/bin/../lib/gcc/arm-none-eabi/10.3.1/thumb/v7e-m/nofp\libgcc.a(_arm_fixsfsi.o)
                0x08001128                __aeabi_f2iz
                0x08001128                __fixsfsi
 .text          0x08001174       0x40 d:/robomaster/gcc-arm-none-eabi-10.3-2021.10/bin/../lib/gcc/arm-none-eabi/10.3.1/thumb/v7e-m/nofp\libgcc.a(_arm_fixunssfsi.o)
                0x08001174                __fixunssfsi
                0x08001174                __aeabi_f2uiz
 .text          0x080011b4       0x30 d:/robomaster/gcc-arm-none-eabi-10.3-2021.10/bin/../lib/gcc/arm-none-eabi/10.3.1/thumb/v7e-m/nofp\libgcc.a(_aeabi_uldivmod.o)
                0x080011b4                __aeabi_uldivmod
 .text          0x080011e4      0x2d0 d:/robomaster/gcc-arm-none-eabi-10.3-2021.10/bin/../lib/gcc/arm-none-eabi/10.3.1/thumb/v7e-m/nofp\libgcc.a(_udivmoddi4.o)
                0x080011e4                __udivmoddi4
 .text          0x080014b4      0x9d8 d:/robomaster/gcc-arm-none-eabi-10.3-2021.10/bin/../lib/gcc/arm-none-eabi/10.3.1/thumb/v7e-m/nofp\libgcc.a(unwind-arm.o)
                0x0800175c                _Unwind_GetCFA
                0x08001760                __gnu_Unwind_RaiseException
                0x080017c8                __gnu_Unwind_ForcedUnwind
                0x080017d8                __gnu_Unwind_Resume
                0x0800181c                __gnu_Unwind_Resume_or_Rethrow
                0x0800182c                _Unwind_Complete
                0x08001830                _Unwind_DeleteException
                0x0800183c                _Unwind_VRS_Get
                0x08001888                _Unwind_VRS_Set
                0x080018d0                __gnu_Unwind_Backtrace
                0x08001bfc                __aeabi_unwind_cpp_pr0
                0x08001c00                __aeabi_unwind_cpp_pr1
                0x08001c04                __aeabi_unwind_cpp_pr2
                0x08001c08                _Unwind_VRS_Pop
 .text          0x08001e8c      0x1ac d:/robomaster/gcc-arm-none-eabi-10.3-2021.10/bin/../lib/gcc/arm-none-eabi/10.3.1/thumb/v7e-m/nofp\libgcc.a(libunwind.o)
                0x08001e8c                __restore_core_regs
                0x08001e8c                restore_core_regs
                0x08001ea4                __gnu_Unwind_Restore_VFP
                0x08001eac                __gnu_Unwind_Save_VFP
                0x08001eb4                __gnu_Unwind_Restore_VFP_D
                0x08001ebc                __gnu_Unwind_Save_VFP_D
                0x08001ec4                __gnu_Unwind_Restore_VFP_D_16_to_31
                0x08001ecc                __gnu_Unwind_Save_VFP_D_16_to_31
                0x08001ed4                __gnu_Unwind_Restore_WMMXD
                0x08001f18                __gnu_Unwind_Save_WMMXD
                0x08001f5c                __gnu_Unwind_Restore_WMMXC
                0x08001f70                __gnu_Unwind_Save_WMMXC
                0x08001f84                ___Unwind_RaiseException
                0x08001f84                _Unwind_RaiseException
                0x08001fa8                _Unwind_Resume
                0x08001fa8                ___Unwind_Resume
                0x08001fcc                _Unwind_Resume_or_Rethrow
                0x08001fcc                ___Unwind_Resume_or_Rethrow
                0x08001ff0                _Unwind_ForcedUnwind
                0x08001ff0                ___Unwind_ForcedUnwind
                0x08002014                ___Unwind_Backtrace
                0x08002014                _Unwind_Backtrace
 .text          0x08002038      0x350 d:/robomaster/gcc-arm-none-eabi-10.3-2021.10/bin/../lib/gcc/arm-none-eabi/10.3.1/thumb/v7e-m/nofp\libgcc.a(pr-support.o)
                0x08002090                __gnu_unwind_execute
                0x0800233c                __gnu_unwind_frame
                0x08002368                _Unwind_GetRegionStart
                0x08002374                _Unwind_GetLanguageSpecificData
 .text          0x08002388        0x4 d:/robomaster/gcc-arm-none-eabi-10.3-2021.10/bin/../lib/gcc/arm-none-eabi/10.3.1/thumb/v7e-m/nofp\libgcc.a(_dvmd_tls.o)
                0x08002388                __aeabi_idiv0
                0x08002388                __aeabi_ldiv0
 .text          0x0800238c       0x14 d:/robomaster/gcc-arm-none-eabi-10.3-2021.10/bin/../lib/gcc/arm-none-eabi/10.3.1/../../../../arm-none-eabi/lib/thumb/v7e-m/nofp\libg_nano.a(lib_a-strcmp.o)
                0x0800238c                strcmp
 *(.text*)
 .text.HAL_Init
                0x080023a0       0x44 CMakeFiles/RM_Frame_C.elf.dir/Drivers/STM32F4xx_HAL_Driver/Src/stm32f4xx_hal.c.obj
                0x080023a0                HAL_Init
 .text.HAL_InitTick
                0x080023e4       0x60 CMakeFiles/RM_Frame_C.elf.dir/Drivers/STM32F4xx_HAL_Driver/Src/stm32f4xx_hal.c.obj
                0x080023e4                HAL_InitTick
 .text.HAL_IncTick
                0x08002444       0x24 CMakeFiles/RM_Frame_C.elf.dir/Drivers/STM32F4xx_HAL_Driver/Src/stm32f4xx_hal.c.obj
                0x08002444                HAL_IncTick
 .text.HAL_GetTick
                0x08002468       0x14 CMakeFiles/RM_Frame_C.elf.dir/Drivers/STM32F4xx_HAL_Driver/Src/stm32f4xx_hal.c.obj
                0x08002468                HAL_GetTick
 .text.HAL_Delay
                0x0800247c       0x48 CMakeFiles/RM_Frame_C.elf.dir/Drivers/STM32F4xx_HAL_Driver/Src/stm32f4xx_hal.c.obj
                0x0800247c                HAL_Delay
 .text.HAL_ADC_Init
                0x080024c4       0x86 CMakeFiles/RM_Frame_C.elf.dir/Drivers/STM32F4xx_HAL_Driver/Src/stm32f4xx_hal_adc.c.obj
                0x080024c4                HAL_ADC_Init
 *fill*         0x0800254a        0x2 
 .text.HAL_ADC_Start
                0x0800254c      0x188 CMakeFiles/RM_Frame_C.elf.dir/Drivers/STM32F4xx_HAL_Driver/Src/stm32f4xx_hal_adc.c.obj
                0x0800254c                HAL_ADC_Start
 .text.HAL_ADC_Stop
                0x080026d4       0x64 CMakeFiles/RM_Frame_C.elf.dir/Drivers/STM32F4xx_HAL_Driver/Src/stm32f4xx_hal_adc.c.obj
                0x080026d4                HAL_ADC_Stop
 .text.HAL_ADC_PollForConversion
                0x08002738      0x108 CMakeFiles/RM_Frame_C.elf.dir/Drivers/STM32F4xx_HAL_Driver/Src/stm32f4xx_hal_adc.c.obj
                0x08002738                HAL_ADC_PollForConversion
 .text.HAL_ADC_GetValue
                0x08002840       0x18 CMakeFiles/RM_Frame_C.elf.dir/Drivers/STM32F4xx_HAL_Driver/Src/stm32f4xx_hal_adc.c.obj
                0x08002840                HAL_ADC_GetValue
 .text.HAL_ADC_ConfigChannel
                0x08002858      0x244 CMakeFiles/RM_Frame_C.elf.dir/Drivers/STM32F4xx_HAL_Driver/Src/stm32f4xx_hal_adc.c.obj
                0x08002858                HAL_ADC_ConfigChannel
 .text.ADC_Init
                0x08002a9c      0x1f8 CMakeFiles/RM_Frame_C.elf.dir/Drivers/STM32F4xx_HAL_Driver/Src/stm32f4xx_hal_adc.c.obj
 .text.HAL_CAN_Init
                0x08002c94      0x1f6 CMakeFiles/RM_Frame_C.elf.dir/Drivers/STM32F4xx_HAL_Driver/Src/stm32f4xx_hal_can.c.obj
                0x08002c94                HAL_CAN_Init
 *fill*         0x08002e8a        0x2 
 .text.HAL_CAN_ConfigFilter
                0x08002e8c      0x1c0 CMakeFiles/RM_Frame_C.elf.dir/Drivers/STM32F4xx_HAL_Driver/Src/stm32f4xx_hal_can.c.obj
                0x08002e8c                HAL_CAN_ConfigFilter
 .text.HAL_CAN_Start
                0x0800304c       0x88 CMakeFiles/RM_Frame_C.elf.dir/Drivers/STM32F4xx_HAL_Driver/Src/stm32f4xx_hal_can.c.obj
                0x0800304c                HAL_CAN_Start
 .text.HAL_CAN_AddTxMessage
                0x080030d4      0x1b4 CMakeFiles/RM_Frame_C.elf.dir/Drivers/STM32F4xx_HAL_Driver/Src/stm32f4xx_hal_can.c.obj
                0x080030d4                HAL_CAN_AddTxMessage
 .text.HAL_CAN_GetRxMessage
                0x08003288      0x222 CMakeFiles/RM_Frame_C.elf.dir/Drivers/STM32F4xx_HAL_Driver/Src/stm32f4xx_hal_can.c.obj
                0x08003288                HAL_CAN_GetRxMessage
 .text.HAL_CAN_ActivateNotification
                0x080034aa       0x4a CMakeFiles/RM_Frame_C.elf.dir/Drivers/STM32F4xx_HAL_Driver/Src/stm32f4xx_hal_can.c.obj
                0x080034aa                HAL_CAN_ActivateNotification
 .text.HAL_CAN_IRQHandler
                0x080034f4      0x36e CMakeFiles/RM_Frame_C.elf.dir/Drivers/STM32F4xx_HAL_Driver/Src/stm32f4xx_hal_can.c.obj
                0x080034f4                HAL_CAN_IRQHandler
 .text.HAL_CAN_TxMailbox0CompleteCallback
                0x08003862       0x12 CMakeFiles/RM_Frame_C.elf.dir/Drivers/STM32F4xx_HAL_Driver/Src/stm32f4xx_hal_can.c.obj
                0x08003862                HAL_CAN_TxMailbox0CompleteCallback
 .text.HAL_CAN_TxMailbox1CompleteCallback
                0x08003874       0x12 CMakeFiles/RM_Frame_C.elf.dir/Drivers/STM32F4xx_HAL_Driver/Src/stm32f4xx_hal_can.c.obj
                0x08003874                HAL_CAN_TxMailbox1CompleteCallback
 .text.HAL_CAN_TxMailbox2CompleteCallback
                0x08003886       0x12 CMakeFiles/RM_Frame_C.elf.dir/Drivers/STM32F4xx_HAL_Driver/Src/stm32f4xx_hal_can.c.obj
                0x08003886                HAL_CAN_TxMailbox2CompleteCallback
 .text.HAL_CAN_TxMailbox0AbortCallback
                0x08003898       0x12 CMakeFiles/RM_Frame_C.elf.dir/Drivers/STM32F4xx_HAL_Driver/Src/stm32f4xx_hal_can.c.obj
                0x08003898                HAL_CAN_TxMailbox0AbortCallback
 .text.HAL_CAN_TxMailbox1AbortCallback
                0x080038aa       0x12 CMakeFiles/RM_Frame_C.elf.dir/Drivers/STM32F4xx_HAL_Driver/Src/stm32f4xx_hal_can.c.obj
                0x080038aa                HAL_CAN_TxMailbox1AbortCallback
 .text.HAL_CAN_TxMailbox2AbortCallback
                0x080038bc       0x12 CMakeFiles/RM_Frame_C.elf.dir/Drivers/STM32F4xx_HAL_Driver/Src/stm32f4xx_hal_can.c.obj
                0x080038bc                HAL_CAN_TxMailbox2AbortCallback
 .text.HAL_CAN_RxFifo0FullCallback
                0x080038ce       0x12 CMakeFiles/RM_Frame_C.elf.dir/Drivers/STM32F4xx_HAL_Driver/Src/stm32f4xx_hal_can.c.obj
                0x080038ce                HAL_CAN_RxFifo0FullCallback
 .text.HAL_CAN_RxFifo1MsgPendingCallback
                0x080038e0       0x12 CMakeFiles/RM_Frame_C.elf.dir/Drivers/STM32F4xx_HAL_Driver/Src/stm32f4xx_hal_can.c.obj
                0x080038e0                HAL_CAN_RxFifo1MsgPendingCallback
 .text.HAL_CAN_RxFifo1FullCallback
                0x080038f2       0x12 CMakeFiles/RM_Frame_C.elf.dir/Drivers/STM32F4xx_HAL_Driver/Src/stm32f4xx_hal_can.c.obj
                0x080038f2                HAL_CAN_RxFifo1FullCallback
 .text.HAL_CAN_SleepCallback
                0x08003904       0x12 CMakeFiles/RM_Frame_C.elf.dir/Drivers/STM32F4xx_HAL_Driver/Src/stm32f4xx_hal_can.c.obj
                0x08003904                HAL_CAN_SleepCallback
 .text.HAL_CAN_WakeUpFromRxMsgCallback
                0x08003916       0x12 CMakeFiles/RM_Frame_C.elf.dir/Drivers/STM32F4xx_HAL_Driver/Src/stm32f4xx_hal_can.c.obj
                0x08003916                HAL_CAN_WakeUpFromRxMsgCallback
 .text.HAL_CAN_ErrorCallback
                0x08003928       0x12 CMakeFiles/RM_Frame_C.elf.dir/Drivers/STM32F4xx_HAL_Driver/Src/stm32f4xx_hal_can.c.obj
                0x08003928                HAL_CAN_ErrorCallback
 *fill*         0x0800393a        0x2 
 .text.__NVIC_SetPriorityGrouping
                0x0800393c       0x48 CMakeFiles/RM_Frame_C.elf.dir/Drivers/STM32F4xx_HAL_Driver/Src/stm32f4xx_hal_cortex.c.obj
 .text.__NVIC_GetPriorityGrouping
                0x08003984       0x1c CMakeFiles/RM_Frame_C.elf.dir/Drivers/STM32F4xx_HAL_Driver/Src/stm32f4xx_hal_cortex.c.obj
 .text.__NVIC_EnableIRQ
                0x080039a0       0x38 CMakeFiles/RM_Frame_C.elf.dir/Drivers/STM32F4xx_HAL_Driver/Src/stm32f4xx_hal_cortex.c.obj
 .text.__NVIC_SetPriority
                0x080039d8       0x54 CMakeFiles/RM_Frame_C.elf.dir/Drivers/STM32F4xx_HAL_Driver/Src/stm32f4xx_hal_cortex.c.obj
 .text.NVIC_EncodePriority
                0x08003a2c       0x64 CMakeFiles/RM_Frame_C.elf.dir/Drivers/STM32F4xx_HAL_Driver/Src/stm32f4xx_hal_cortex.c.obj
 .text.SysTick_Config
                0x08003a90       0x44 CMakeFiles/RM_Frame_C.elf.dir/Drivers/STM32F4xx_HAL_Driver/Src/stm32f4xx_hal_cortex.c.obj
 .text.HAL_NVIC_SetPriorityGrouping
                0x08003ad4       0x16 CMakeFiles/RM_Frame_C.elf.dir/Drivers/STM32F4xx_HAL_Driver/Src/stm32f4xx_hal_cortex.c.obj
                0x08003ad4                HAL_NVIC_SetPriorityGrouping
 .text.HAL_NVIC_SetPriority
                0x08003aea       0x38 CMakeFiles/RM_Frame_C.elf.dir/Drivers/STM32F4xx_HAL_Driver/Src/stm32f4xx_hal_cortex.c.obj
                0x08003aea                HAL_NVIC_SetPriority
 .text.HAL_NVIC_EnableIRQ
                0x08003b22       0x1c CMakeFiles/RM_Frame_C.elf.dir/Drivers/STM32F4xx_HAL_Driver/Src/stm32f4xx_hal_cortex.c.obj
                0x08003b22                HAL_NVIC_EnableIRQ
 .text.HAL_SYSTICK_Config
                0x08003b3e       0x18 CMakeFiles/RM_Frame_C.elf.dir/Drivers/STM32F4xx_HAL_Driver/Src/stm32f4xx_hal_cortex.c.obj
                0x08003b3e                HAL_SYSTICK_Config
 *fill*         0x08003b56        0x2 
 .text.HAL_DMA_Init
                0x08003b58      0x15c CMakeFiles/RM_Frame_C.elf.dir/Drivers/STM32F4xx_HAL_Driver/Src/stm32f4xx_hal_dma.c.obj
                0x08003b58                HAL_DMA_Init
 .text.HAL_DMA_Abort_IT
                0x08003cb4       0x42 CMakeFiles/RM_Frame_C.elf.dir/Drivers/STM32F4xx_HAL_Driver/Src/stm32f4xx_hal_dma.c.obj
                0x08003cb4                HAL_DMA_Abort_IT
 *fill*         0x08003cf6        0x2 
 .text.HAL_DMA_IRQHandler
                0x08003cf8      0x314 CMakeFiles/RM_Frame_C.elf.dir/Drivers/STM32F4xx_HAL_Driver/Src/stm32f4xx_hal_dma.c.obj
                0x08003cf8                HAL_DMA_IRQHandler
 .text.DMA_CalcBaseAndBitshift
                0x0800400c       0x68 CMakeFiles/RM_Frame_C.elf.dir/Drivers/STM32F4xx_HAL_Driver/Src/stm32f4xx_hal_dma.c.obj
 .text.DMA_CheckFifoParam
                0x08004074       0xf4 CMakeFiles/RM_Frame_C.elf.dir/Drivers/STM32F4xx_HAL_Driver/Src/stm32f4xx_hal_dma.c.obj
 .text.HAL_GPIO_Init
                0x08004168      0x334 CMakeFiles/RM_Frame_C.elf.dir/Drivers/STM32F4xx_HAL_Driver/Src/stm32f4xx_hal_gpio.c.obj
                0x08004168                HAL_GPIO_Init
 .text.HAL_GPIO_ReadPin
                0x0800449c       0x2e CMakeFiles/RM_Frame_C.elf.dir/Drivers/STM32F4xx_HAL_Driver/Src/stm32f4xx_hal_gpio.c.obj
                0x0800449c                HAL_GPIO_ReadPin
 .text.HAL_GPIO_WritePin
                0x080044ca       0x30 CMakeFiles/RM_Frame_C.elf.dir/Drivers/STM32F4xx_HAL_Driver/Src/stm32f4xx_hal_gpio.c.obj
                0x080044ca                HAL_GPIO_WritePin
 *fill*         0x080044fa        0x2 
 .text.HAL_GPIO_EXTI_IRQHandler
                0x080044fc       0x30 CMakeFiles/RM_Frame_C.elf.dir/Drivers/STM32F4xx_HAL_Driver/Src/stm32f4xx_hal_gpio.c.obj
                0x080044fc                HAL_GPIO_EXTI_IRQHandler
 .text.HAL_I2C_Init
                0x0800452c      0x288 CMakeFiles/RM_Frame_C.elf.dir/Drivers/STM32F4xx_HAL_Driver/Src/stm32f4xx_hal_i2c.c.obj
                0x0800452c                HAL_I2C_Init
 .text.HAL_IWDG_Init
                0x080047b4       0x72 CMakeFiles/RM_Frame_C.elf.dir/Drivers/STM32F4xx_HAL_Driver/Src/stm32f4xx_hal_iwdg.c.obj
                0x080047b4                HAL_IWDG_Init
 .text.HAL_IWDG_Refresh
                0x08004826       0x1e CMakeFiles/RM_Frame_C.elf.dir/Drivers/STM32F4xx_HAL_Driver/Src/stm32f4xx_hal_iwdg.c.obj
                0x08004826                HAL_IWDG_Refresh
 .text.HAL_PCD_Init
                0x08004844      0x23a CMakeFiles/RM_Frame_C.elf.dir/Drivers/STM32F4xx_HAL_Driver/Src/stm32f4xx_hal_pcd.c.obj
                0x08004844                HAL_PCD_Init
 .text.HAL_PCD_Start
                0x08004a7e       0x66 CMakeFiles/RM_Frame_C.elf.dir/Drivers/STM32F4xx_HAL_Driver/Src/stm32f4xx_hal_pcd.c.obj
                0x08004a7e                HAL_PCD_Start
 .text.HAL_PCD_IRQHandler
                0x08004ae4      0x746 CMakeFiles/RM_Frame_C.elf.dir/Drivers/STM32F4xx_HAL_Driver/Src/stm32f4xx_hal_pcd.c.obj
                0x08004ae4                HAL_PCD_IRQHandler
 .text.HAL_PCD_SetAddress
                0x0800522a       0x4a CMakeFiles/RM_Frame_C.elf.dir/Drivers/STM32F4xx_HAL_Driver/Src/stm32f4xx_hal_pcd.c.obj
                0x0800522a                HAL_PCD_SetAddress
 .text.HAL_PCD_EP_Open
                0x08005274       0xd0 CMakeFiles/RM_Frame_C.elf.dir/Drivers/STM32F4xx_HAL_Driver/Src/stm32f4xx_hal_pcd.c.obj
                0x08005274                HAL_PCD_EP_Open
 .text.HAL_PCD_EP_Close
                0x08005344       0x94 CMakeFiles/RM_Frame_C.elf.dir/Drivers/STM32F4xx_HAL_Driver/Src/stm32f4xx_hal_pcd.c.obj
                0x08005344                HAL_PCD_EP_Close
 .text.HAL_PCD_EP_Receive
                0x080053d8       0x96 CMakeFiles/RM_Frame_C.elf.dir/Drivers/STM32F4xx_HAL_Driver/Src/stm32f4xx_hal_pcd.c.obj
                0x080053d8                HAL_PCD_EP_Receive
 .text.HAL_PCD_EP_GetRxCount
                0x0800546e       0x2e CMakeFiles/RM_Frame_C.elf.dir/Drivers/STM32F4xx_HAL_Driver/Src/stm32f4xx_hal_pcd.c.obj
                0x0800546e                HAL_PCD_EP_GetRxCount
 .text.HAL_PCD_EP_Transmit
                0x0800549c       0x94 CMakeFiles/RM_Frame_C.elf.dir/Drivers/STM32F4xx_HAL_Driver/Src/stm32f4xx_hal_pcd.c.obj
                0x0800549c                HAL_PCD_EP_Transmit
 .text.HAL_PCD_EP_SetStall
                0x08005530       0xc8 CMakeFiles/RM_Frame_C.elf.dir/Drivers/STM32F4xx_HAL_Driver/Src/stm32f4xx_hal_pcd.c.obj
                0x08005530                HAL_PCD_EP_SetStall
 .text.HAL_PCD_EP_ClrStall
                0x080055f8       0xac CMakeFiles/RM_Frame_C.elf.dir/Drivers/STM32F4xx_HAL_Driver/Src/stm32f4xx_hal_pcd.c.obj
                0x080055f8                HAL_PCD_EP_ClrStall
 .text.PCD_WriteEmptyTxFifo
                0x080056a4      0x11a CMakeFiles/RM_Frame_C.elf.dir/Drivers/STM32F4xx_HAL_Driver/Src/stm32f4xx_hal_pcd.c.obj
 *fill*         0x080057be        0x2 
 .text.PCD_EP_OutXfrComplete_int
                0x080057c0      0x210 CMakeFiles/RM_Frame_C.elf.dir/Drivers/STM32F4xx_HAL_Driver/Src/stm32f4xx_hal_pcd.c.obj
 .text.PCD_EP_OutSetupPacket_int
                0x080059d0       0xc0 CMakeFiles/RM_Frame_C.elf.dir/Drivers/STM32F4xx_HAL_Driver/Src/stm32f4xx_hal_pcd.c.obj
 .text.HAL_PCDEx_SetTxFiFo
                0x08005a90       0x8c CMakeFiles/RM_Frame_C.elf.dir/Drivers/STM32F4xx_HAL_Driver/Src/stm32f4xx_hal_pcd_ex.c.obj
                0x08005a90                HAL_PCDEx_SetTxFiFo
 .text.HAL_PCDEx_SetRxFiFo
                0x08005b1c       0x20 CMakeFiles/RM_Frame_C.elf.dir/Drivers/STM32F4xx_HAL_Driver/Src/stm32f4xx_hal_pcd_ex.c.obj
                0x08005b1c                HAL_PCDEx_SetRxFiFo
 .text.HAL_PCDEx_LPM_Callback
                0x08005b3c       0x16 CMakeFiles/RM_Frame_C.elf.dir/Drivers/STM32F4xx_HAL_Driver/Src/stm32f4xx_hal_pcd_ex.c.obj
                0x08005b3c                HAL_PCDEx_LPM_Callback
 *fill*         0x08005b52        0x2 
 .text.HAL_RCC_OscConfig
                0x08005b54      0x4dc CMakeFiles/RM_Frame_C.elf.dir/Drivers/STM32F4xx_HAL_Driver/Src/stm32f4xx_hal_rcc.c.obj
                0x08005b54                HAL_RCC_OscConfig
 .text.HAL_RCC_ClockConfig
                0x08006030      0x1cc CMakeFiles/RM_Frame_C.elf.dir/Drivers/STM32F4xx_HAL_Driver/Src/stm32f4xx_hal_rcc.c.obj
                0x08006030                HAL_RCC_ClockConfig
 .text.HAL_RCC_GetSysClockFreq
                0x080061fc      0x18c CMakeFiles/RM_Frame_C.elf.dir/Drivers/STM32F4xx_HAL_Driver/Src/stm32f4xx_hal_rcc.c.obj
                0x080061fc                HAL_RCC_GetSysClockFreq
 .text.HAL_RCC_GetHCLKFreq
                0x08006388       0x14 CMakeFiles/RM_Frame_C.elf.dir/Drivers/STM32F4xx_HAL_Driver/Src/stm32f4xx_hal_rcc.c.obj
                0x08006388                HAL_RCC_GetHCLKFreq
 .text.HAL_RCC_GetPCLK1Freq
                0x0800639c       0x28 CMakeFiles/RM_Frame_C.elf.dir/Drivers/STM32F4xx_HAL_Driver/Src/stm32f4xx_hal_rcc.c.obj
                0x0800639c                HAL_RCC_GetPCLK1Freq
 .text.HAL_RCC_GetPCLK2Freq
                0x080063c4       0x28 CMakeFiles/RM_Frame_C.elf.dir/Drivers/STM32F4xx_HAL_Driver/Src/stm32f4xx_hal_rcc.c.obj
                0x080063c4                HAL_RCC_GetPCLK2Freq
 .text.HAL_SPI_Init
                0x080063ec       0xc8 CMakeFiles/RM_Frame_C.elf.dir/Drivers/STM32F4xx_HAL_Driver/Src/stm32f4xx_hal_spi.c.obj
                0x080063ec                HAL_SPI_Init
 .text.HAL_SPI_TransmitReceive
                0x080064b4      0x344 CMakeFiles/RM_Frame_C.elf.dir/Drivers/STM32F4xx_HAL_Driver/Src/stm32f4xx_hal_spi.c.obj
                0x080064b4                HAL_SPI_TransmitReceive
 .text.SPI_WaitFlagStateUntilTimeout
                0x080067f8       0xd4 CMakeFiles/RM_Frame_C.elf.dir/Drivers/STM32F4xx_HAL_Driver/Src/stm32f4xx_hal_spi.c.obj
 .text.SPI_EndRxTxTransaction
                0x080068cc       0x84 CMakeFiles/RM_Frame_C.elf.dir/Drivers/STM32F4xx_HAL_Driver/Src/stm32f4xx_hal_spi.c.obj
 .text.HAL_TIM_Base_Init
                0x08006950       0x56 CMakeFiles/RM_Frame_C.elf.dir/Drivers/STM32F4xx_HAL_Driver/Src/stm32f4xx_hal_tim.c.obj
                0x08006950                HAL_TIM_Base_Init
 .text.HAL_TIM_Base_Start_IT
                0x080069a6       0x46 CMakeFiles/RM_Frame_C.elf.dir/Drivers/STM32F4xx_HAL_Driver/Src/stm32f4xx_hal_tim.c.obj
                0x080069a6                HAL_TIM_Base_Start_IT
 .text.HAL_TIM_PWM_Init
                0x080069ec       0x56 CMakeFiles/RM_Frame_C.elf.dir/Drivers/STM32F4xx_HAL_Driver/Src/stm32f4xx_hal_tim.c.obj
                0x080069ec                HAL_TIM_PWM_Init
 .text.HAL_TIM_PWM_MspInit
                0x08006a42       0x12 CMakeFiles/RM_Frame_C.elf.dir/Drivers/STM32F4xx_HAL_Driver/Src/stm32f4xx_hal_tim.c.obj
                0x08006a42                HAL_TIM_PWM_MspInit
 .text.HAL_TIM_PWM_Start
                0x08006a54       0x7c CMakeFiles/RM_Frame_C.elf.dir/Drivers/STM32F4xx_HAL_Driver/Src/stm32f4xx_hal_tim.c.obj
                0x08006a54                HAL_TIM_PWM_Start
 .text.HAL_TIM_IRQHandler
                0x08006ad0      0x210 CMakeFiles/RM_Frame_C.elf.dir/Drivers/STM32F4xx_HAL_Driver/Src/stm32f4xx_hal_tim.c.obj
                0x08006ad0                HAL_TIM_IRQHandler
 .text.HAL_TIM_PWM_ConfigChannel
                0x08006ce0      0x18c CMakeFiles/RM_Frame_C.elf.dir/Drivers/STM32F4xx_HAL_Driver/Src/stm32f4xx_hal_tim.c.obj
                0x08006ce0                HAL_TIM_PWM_ConfigChannel
 .text.HAL_TIM_ConfigClockSource
                0x08006e6c      0x188 CMakeFiles/RM_Frame_C.elf.dir/Drivers/STM32F4xx_HAL_Driver/Src/stm32f4xx_hal_tim.c.obj
                0x08006e6c                HAL_TIM_ConfigClockSource
 .text.HAL_TIM_OC_DelayElapsedCallback
                0x08006ff4       0x12 CMakeFiles/RM_Frame_C.elf.dir/Drivers/STM32F4xx_HAL_Driver/Src/stm32f4xx_hal_tim.c.obj
                0x08006ff4                HAL_TIM_OC_DelayElapsedCallback
 .text.HAL_TIM_IC_CaptureCallback
                0x08007006       0x12 CMakeFiles/RM_Frame_C.elf.dir/Drivers/STM32F4xx_HAL_Driver/Src/stm32f4xx_hal_tim.c.obj
                0x08007006                HAL_TIM_IC_CaptureCallback
 .text.HAL_TIM_PWM_PulseFinishedCallback
                0x08007018       0x12 CMakeFiles/RM_Frame_C.elf.dir/Drivers/STM32F4xx_HAL_Driver/Src/stm32f4xx_hal_tim.c.obj
                0x08007018                HAL_TIM_PWM_PulseFinishedCallback
 .text.HAL_TIM_TriggerCallback
                0x0800702a       0x12 CMakeFiles/RM_Frame_C.elf.dir/Drivers/STM32F4xx_HAL_Driver/Src/stm32f4xx_hal_tim.c.obj
                0x0800702a                HAL_TIM_TriggerCallback
 .text.TIM_Base_SetConfig
                0x0800703c      0x13c CMakeFiles/RM_Frame_C.elf.dir/Drivers/STM32F4xx_HAL_Driver/Src/stm32f4xx_hal_tim.c.obj
                0x0800703c                TIM_Base_SetConfig
 .text.TIM_OC1_SetConfig
                0x08007178       0xe0 CMakeFiles/RM_Frame_C.elf.dir/Drivers/STM32F4xx_HAL_Driver/Src/stm32f4xx_hal_tim.c.obj
 .text.TIM_OC2_SetConfig
                0x08007258       0xe8 CMakeFiles/RM_Frame_C.elf.dir/Drivers/STM32F4xx_HAL_Driver/Src/stm32f4xx_hal_tim.c.obj
                0x08007258                TIM_OC2_SetConfig
 .text.TIM_OC3_SetConfig
                0x08007340       0xe8 CMakeFiles/RM_Frame_C.elf.dir/Drivers/STM32F4xx_HAL_Driver/Src/stm32f4xx_hal_tim.c.obj
 .text.TIM_OC4_SetConfig
                0x08007428       0xa8 CMakeFiles/RM_Frame_C.elf.dir/Drivers/STM32F4xx_HAL_Driver/Src/stm32f4xx_hal_tim.c.obj
 .text.TIM_TI1_ConfigInputStage
                0x080074d0       0x5c CMakeFiles/RM_Frame_C.elf.dir/Drivers/STM32F4xx_HAL_Driver/Src/stm32f4xx_hal_tim.c.obj
 .text.TIM_TI2_ConfigInputStage
                0x0800752c       0x5e CMakeFiles/RM_Frame_C.elf.dir/Drivers/STM32F4xx_HAL_Driver/Src/stm32f4xx_hal_tim.c.obj
 .text.TIM_ITRx_SetConfig
                0x0800758a       0x34 CMakeFiles/RM_Frame_C.elf.dir/Drivers/STM32F4xx_HAL_Driver/Src/stm32f4xx_hal_tim.c.obj
 .text.TIM_ETR_SetConfig
                0x080075be       0x3e CMakeFiles/RM_Frame_C.elf.dir/Drivers/STM32F4xx_HAL_Driver/Src/stm32f4xx_hal_tim.c.obj
                0x080075be                TIM_ETR_SetConfig
 .text.TIM_CCxChannelCmd
                0x080075fc       0x48 CMakeFiles/RM_Frame_C.elf.dir/Drivers/STM32F4xx_HAL_Driver/Src/stm32f4xx_hal_tim.c.obj
                0x080075fc                TIM_CCxChannelCmd
 .text.HAL_TIMEx_MasterConfigSynchronization
                0x08007644       0xf4 CMakeFiles/RM_Frame_C.elf.dir/Drivers/STM32F4xx_HAL_Driver/Src/stm32f4xx_hal_tim_ex.c.obj
                0x08007644                HAL_TIMEx_MasterConfigSynchronization
 .text.HAL_TIMEx_ConfigBreakDeadTime
                0x08007738       0xa2 CMakeFiles/RM_Frame_C.elf.dir/Drivers/STM32F4xx_HAL_Driver/Src/stm32f4xx_hal_tim_ex.c.obj
                0x08007738                HAL_TIMEx_ConfigBreakDeadTime
 .text.HAL_TIMEx_CommutCallback
                0x080077da       0x12 CMakeFiles/RM_Frame_C.elf.dir/Drivers/STM32F4xx_HAL_Driver/Src/stm32f4xx_hal_tim_ex.c.obj
                0x080077da                HAL_TIMEx_CommutCallback
 .text.HAL_TIMEx_BreakCallback
                0x080077ec       0x12 CMakeFiles/RM_Frame_C.elf.dir/Drivers/STM32F4xx_HAL_Driver/Src/stm32f4xx_hal_tim_ex.c.obj
                0x080077ec                HAL_TIMEx_BreakCallback
 .text.HAL_UART_Init
                0x080077fe       0x9a CMakeFiles/RM_Frame_C.elf.dir/Drivers/STM32F4xx_HAL_Driver/Src/stm32f4xx_hal_uart.c.obj
                0x080077fe                HAL_UART_Init
 .text.HAL_UART_IRQHandler
                0x08007898      0x200 CMakeFiles/RM_Frame_C.elf.dir/Drivers/STM32F4xx_HAL_Driver/Src/stm32f4xx_hal_uart.c.obj
                0x08007898                HAL_UART_IRQHandler
 .text.HAL_UART_TxCpltCallback
                0x08007a98       0x12 CMakeFiles/RM_Frame_C.elf.dir/Drivers/STM32F4xx_HAL_Driver/Src/stm32f4xx_hal_uart.c.obj
                0x08007a98                HAL_UART_TxCpltCallback
 .text.HAL_UART_RxCpltCallback
                0x08007aaa       0x12 CMakeFiles/RM_Frame_C.elf.dir/Drivers/STM32F4xx_HAL_Driver/Src/stm32f4xx_hal_uart.c.obj
                0x08007aaa                HAL_UART_RxCpltCallback
 .text.HAL_UART_ErrorCallback
                0x08007abc       0x12 CMakeFiles/RM_Frame_C.elf.dir/Drivers/STM32F4xx_HAL_Driver/Src/stm32f4xx_hal_uart.c.obj
                0x08007abc                HAL_UART_ErrorCallback
 .text.UART_EndRxTransfer
                0x08007ace       0x3a CMakeFiles/RM_Frame_C.elf.dir/Drivers/STM32F4xx_HAL_Driver/Src/stm32f4xx_hal_uart.c.obj
 .text.UART_DMAAbortOnError
                0x08007b08       0x28 CMakeFiles/RM_Frame_C.elf.dir/Drivers/STM32F4xx_HAL_Driver/Src/stm32f4xx_hal_uart.c.obj
 .text.UART_Transmit_IT
                0x08007b30       0xaa CMakeFiles/RM_Frame_C.elf.dir/Drivers/STM32F4xx_HAL_Driver/Src/stm32f4xx_hal_uart.c.obj
 .text.UART_EndTransmit_IT
                0x08007bda       0x30 CMakeFiles/RM_Frame_C.elf.dir/Drivers/STM32F4xx_HAL_Driver/Src/stm32f4xx_hal_uart.c.obj
 .text.UART_Receive_IT
                0x08007c0a      0x102 CMakeFiles/RM_Frame_C.elf.dir/Drivers/STM32F4xx_HAL_Driver/Src/stm32f4xx_hal_uart.c.obj
 .text.UART_SetConfig
                0x08007d0c      0x9b0 CMakeFiles/RM_Frame_C.elf.dir/Drivers/STM32F4xx_HAL_Driver/Src/stm32f4xx_hal_uart.c.obj
 .text.USB_CoreInit
                0x080086bc       0xc2 CMakeFiles/RM_Frame_C.elf.dir/Drivers/STM32F4xx_HAL_Driver/Src/stm32f4xx_ll_usb.c.obj
                0x080086bc                USB_CoreInit
 *fill*         0x0800877e        0x2 
 .text.USB_SetTurnaroundTime
                0x08008780      0x144 CMakeFiles/RM_Frame_C.elf.dir/Drivers/STM32F4xx_HAL_Driver/Src/stm32f4xx_ll_usb.c.obj
                0x08008780                USB_SetTurnaroundTime
 .text.USB_EnableGlobalInt
                0x080088c4       0x20 CMakeFiles/RM_Frame_C.elf.dir/Drivers/STM32F4xx_HAL_Driver/Src/stm32f4xx_ll_usb.c.obj
                0x080088c4                USB_EnableGlobalInt
 .text.USB_DisableGlobalInt
                0x080088e4       0x20 CMakeFiles/RM_Frame_C.elf.dir/Drivers/STM32F4xx_HAL_Driver/Src/stm32f4xx_ll_usb.c.obj
                0x080088e4                USB_DisableGlobalInt
 .text.USB_SetCurrentMode
                0x08008904       0x54 CMakeFiles/RM_Frame_C.elf.dir/Drivers/STM32F4xx_HAL_Driver/Src/stm32f4xx_ll_usb.c.obj
                0x08008904                USB_SetCurrentMode
 .text.USB_DevInit
                0x08008958      0x2e4 CMakeFiles/RM_Frame_C.elf.dir/Drivers/STM32F4xx_HAL_Driver/Src/stm32f4xx_ll_usb.c.obj
                0x08008958                USB_DevInit
 .text.USB_FlushTxFifo
                0x08008c3c       0x48 CMakeFiles/RM_Frame_C.elf.dir/Drivers/STM32F4xx_HAL_Driver/Src/stm32f4xx_ll_usb.c.obj
                0x08008c3c                USB_FlushTxFifo
 .text.USB_FlushRxFifo
                0x08008c84       0x40 CMakeFiles/RM_Frame_C.elf.dir/Drivers/STM32F4xx_HAL_Driver/Src/stm32f4xx_ll_usb.c.obj
                0x08008c84                USB_FlushRxFifo
 .text.USB_SetDevSpeed
                0x08008cc4       0x30 CMakeFiles/RM_Frame_C.elf.dir/Drivers/STM32F4xx_HAL_Driver/Src/stm32f4xx_ll_usb.c.obj
                0x08008cc4                USB_SetDevSpeed
 .text.USB_GetDevSpeed
                0x08008cf4       0x48 CMakeFiles/RM_Frame_C.elf.dir/Drivers/STM32F4xx_HAL_Driver/Src/stm32f4xx_ll_usb.c.obj
                0x08008cf4                USB_GetDevSpeed
 .text.USB_ActivateEndpoint
                0x08008d3c      0x10c CMakeFiles/RM_Frame_C.elf.dir/Drivers/STM32F4xx_HAL_Driver/Src/stm32f4xx_ll_usb.c.obj
                0x08008d3c                USB_ActivateEndpoint
 .text.USB_DeactivateEndpoint
                0x08008e48      0x108 CMakeFiles/RM_Frame_C.elf.dir/Drivers/STM32F4xx_HAL_Driver/Src/stm32f4xx_ll_usb.c.obj
                0x08008e48                USB_DeactivateEndpoint
 .text.USB_EPStartXfer
                0x08008f50      0x488 CMakeFiles/RM_Frame_C.elf.dir/Drivers/STM32F4xx_HAL_Driver/Src/stm32f4xx_ll_usb.c.obj
                0x08008f50                USB_EPStartXfer
 .text.USB_EP0StartXfer
                0x080093d8      0x2a4 CMakeFiles/RM_Frame_C.elf.dir/Drivers/STM32F4xx_HAL_Driver/Src/stm32f4xx_ll_usb.c.obj
                0x080093d8                USB_EP0StartXfer
 .text.USB_WritePacket
                0x0800967c       0x68 CMakeFiles/RM_Frame_C.elf.dir/Drivers/STM32F4xx_HAL_Driver/Src/stm32f4xx_ll_usb.c.obj
                0x0800967c                USB_WritePacket
 .text.USB_ReadPacket
                0x080096e4       0x50 CMakeFiles/RM_Frame_C.elf.dir/Drivers/STM32F4xx_HAL_Driver/Src/stm32f4xx_ll_usb.c.obj
                0x080096e4                USB_ReadPacket
 .text.USB_EPSetStall
                0x08009734       0xda CMakeFiles/RM_Frame_C.elf.dir/Drivers/STM32F4xx_HAL_Driver/Src/stm32f4xx_ll_usb.c.obj
                0x08009734                USB_EPSetStall
 .text.USB_EPClearStall
                0x0800980e       0xca CMakeFiles/RM_Frame_C.elf.dir/Drivers/STM32F4xx_HAL_Driver/Src/stm32f4xx_ll_usb.c.obj
                0x0800980e                USB_EPClearStall
 .text.USB_SetDevAddress
                0x080098d8       0x4a CMakeFiles/RM_Frame_C.elf.dir/Drivers/STM32F4xx_HAL_Driver/Src/stm32f4xx_ll_usb.c.obj
                0x080098d8                USB_SetDevAddress
 .text.USB_DevConnect
                0x08009922       0x30 CMakeFiles/RM_Frame_C.elf.dir/Drivers/STM32F4xx_HAL_Driver/Src/stm32f4xx_ll_usb.c.obj
                0x08009922                USB_DevConnect
 .text.USB_DevDisconnect
                0x08009952       0x30 CMakeFiles/RM_Frame_C.elf.dir/Drivers/STM32F4xx_HAL_Driver/Src/stm32f4xx_ll_usb.c.obj
                0x08009952                USB_DevDisconnect
 .text.USB_ReadInterrupts
                0x08009982       0x24 CMakeFiles/RM_Frame_C.elf.dir/Drivers/STM32F4xx_HAL_Driver/Src/stm32f4xx_ll_usb.c.obj
                0x08009982                USB_ReadInterrupts
 .text.USB_ReadDevAllOutEpInterrupt
                0x080099a6       0x32 CMakeFiles/RM_Frame_C.elf.dir/Drivers/STM32F4xx_HAL_Driver/Src/stm32f4xx_ll_usb.c.obj
                0x080099a6                USB_ReadDevAllOutEpInterrupt
 .text.USB_ReadDevAllInEpInterrupt
                0x080099d8       0x32 CMakeFiles/RM_Frame_C.elf.dir/Drivers/STM32F4xx_HAL_Driver/Src/stm32f4xx_ll_usb.c.obj
                0x080099d8                USB_ReadDevAllInEpInterrupt
 .text.USB_ReadDevOutEPInterrupt
                0x08009a0a       0x3a CMakeFiles/RM_Frame_C.elf.dir/Drivers/STM32F4xx_HAL_Driver/Src/stm32f4xx_ll_usb.c.obj
                0x08009a0a                USB_ReadDevOutEPInterrupt
 .text.USB_ReadDevInEPInterrupt
                0x08009a44       0x5a CMakeFiles/RM_Frame_C.elf.dir/Drivers/STM32F4xx_HAL_Driver/Src/stm32f4xx_ll_usb.c.obj
                0x08009a44                USB_ReadDevInEPInterrupt
 .text.USB_GetMode
                0x08009a9e       0x1a CMakeFiles/RM_Frame_C.elf.dir/Drivers/STM32F4xx_HAL_Driver/Src/stm32f4xx_ll_usb.c.obj
                0x08009a9e                USB_GetMode
 .text.USB_ActivateSetup
                0x08009ab8       0x68 CMakeFiles/RM_Frame_C.elf.dir/Drivers/STM32F4xx_HAL_Driver/Src/stm32f4xx_ll_usb.c.obj
                0x08009ab8                USB_ActivateSetup
 .text.USB_EP0_OutStart
                0x08009b20       0xb8 CMakeFiles/RM_Frame_C.elf.dir/Drivers/STM32F4xx_HAL_Driver/Src/stm32f4xx_ll_usb.c.obj
                0x08009b20                USB_EP0_OutStart
 .text.USB_CoreReset
                0x08009bd8       0x64 CMakeFiles/RM_Frame_C.elf.dir/Drivers/STM32F4xx_HAL_Driver/Src/stm32f4xx_ll_usb.c.obj
 .text.USBD_CDC_Init
                0x08009c3c       0xf6 CMakeFiles/RM_Frame_C.elf.dir/Middlewares/ST/STM32_USB_Device_Library/Class/CDC/Src/usbd_cdc.c.obj
 .text.USBD_CDC_DeInit
                0x08009d32       0x6e CMakeFiles/RM_Frame_C.elf.dir/Middlewares/ST/STM32_USB_Device_Library/Class/CDC/Src/usbd_cdc.c.obj
 .text.USBD_CDC_Setup
                0x08009da0      0x146 CMakeFiles/RM_Frame_C.elf.dir/Middlewares/ST/STM32_USB_Device_Library/Class/CDC/Src/usbd_cdc.c.obj
 .text.USBD_CDC_DataIn
                0x08009ee6       0xa6 CMakeFiles/RM_Frame_C.elf.dir/Middlewares/ST/STM32_USB_Device_Library/Class/CDC/Src/usbd_cdc.c.obj
 .text.USBD_CDC_DataOut
                0x08009f8c       0x56 CMakeFiles/RM_Frame_C.elf.dir/Middlewares/ST/STM32_USB_Device_Library/Class/CDC/Src/usbd_cdc.c.obj
 .text.USBD_CDC_EP0_RxReady
                0x08009fe2       0x50 CMakeFiles/RM_Frame_C.elf.dir/Middlewares/ST/STM32_USB_Device_Library/Class/CDC/Src/usbd_cdc.c.obj
 *fill*         0x0800a032        0x2 
 .text.USBD_CDC_GetFSCfgDesc
                0x0800a034       0x20 CMakeFiles/RM_Frame_C.elf.dir/Middlewares/ST/STM32_USB_Device_Library/Class/CDC/Src/usbd_cdc.c.obj
 .text.USBD_CDC_GetHSCfgDesc
                0x0800a054       0x20 CMakeFiles/RM_Frame_C.elf.dir/Middlewares/ST/STM32_USB_Device_Library/Class/CDC/Src/usbd_cdc.c.obj
 .text.USBD_CDC_GetOtherSpeedCfgDesc
                0x0800a074       0x20 CMakeFiles/RM_Frame_C.elf.dir/Middlewares/ST/STM32_USB_Device_Library/Class/CDC/Src/usbd_cdc.c.obj
 .text.USBD_CDC_GetDeviceQualifierDescriptor
                0x0800a094       0x20 CMakeFiles/RM_Frame_C.elf.dir/Middlewares/ST/STM32_USB_Device_Library/Class/CDC/Src/usbd_cdc.c.obj
                0x0800a094                USBD_CDC_GetDeviceQualifierDescriptor
 .text.USBD_CDC_RegisterInterface
                0x0800a0b4       0x2c CMakeFiles/RM_Frame_C.elf.dir/Middlewares/ST/STM32_USB_Device_Library/Class/CDC/Src/usbd_cdc.c.obj
                0x0800a0b4                USBD_CDC_RegisterInterface
 .text.USBD_CDC_SetTxBuffer
                0x0800a0e0       0x32 CMakeFiles/RM_Frame_C.elf.dir/Middlewares/ST/STM32_USB_Device_Library/Class/CDC/Src/usbd_cdc.c.obj
                0x0800a0e0                USBD_CDC_SetTxBuffer
 .text.USBD_CDC_SetRxBuffer
                0x0800a112       0x26 CMakeFiles/RM_Frame_C.elf.dir/Middlewares/ST/STM32_USB_Device_Library/Class/CDC/Src/usbd_cdc.c.obj
                0x0800a112                USBD_CDC_SetRxBuffer
 .text.USBD_CDC_ReceivePacket
                0x0800a138       0x54 CMakeFiles/RM_Frame_C.elf.dir/Middlewares/ST/STM32_USB_Device_Library/Class/CDC/Src/usbd_cdc.c.obj
                0x0800a138                USBD_CDC_ReceivePacket
 .text.USBD_Init
                0x0800a18c       0x56 CMakeFiles/RM_Frame_C.elf.dir/Middlewares/ST/STM32_USB_Device_Library/Core/Src/usbd_core.c.obj
                0x0800a18c                USBD_Init
 .text.USBD_RegisterClass
                0x0800a1e2       0x32 CMakeFiles/RM_Frame_C.elf.dir/Middlewares/ST/STM32_USB_Device_Library/Core/Src/usbd_core.c.obj
                0x0800a1e2                USBD_RegisterClass
 .text.USBD_Start
                0x0800a214       0x18 CMakeFiles/RM_Frame_C.elf.dir/Middlewares/ST/STM32_USB_Device_Library/Core/Src/usbd_core.c.obj
                0x0800a214                USBD_Start
 .text.USBD_RunTestMode
                0x0800a22c       0x14 CMakeFiles/RM_Frame_C.elf.dir/Middlewares/ST/STM32_USB_Device_Library/Core/Src/usbd_core.c.obj
                0x0800a22c                USBD_RunTestMode
 .text.USBD_SetClassConfig
                0x0800a240       0x3e CMakeFiles/RM_Frame_C.elf.dir/Middlewares/ST/STM32_USB_Device_Library/Core/Src/usbd_core.c.obj
                0x0800a240                USBD_SetClassConfig
 .text.USBD_ClrClassConfig
                0x0800a27e       0x26 CMakeFiles/RM_Frame_C.elf.dir/Middlewares/ST/STM32_USB_Device_Library/Core/Src/usbd_core.c.obj
                0x0800a27e                USBD_ClrClassConfig
 .text.USBD_LL_SetupStage
                0x0800a2a4       0x9a CMakeFiles/RM_Frame_C.elf.dir/Middlewares/ST/STM32_USB_Device_Library/Core/Src/usbd_core.c.obj
                0x0800a2a4                USBD_LL_SetupStage
 .text.USBD_LL_DataOutStage
                0x0800a33e       0xe2 CMakeFiles/RM_Frame_C.elf.dir/Middlewares/ST/STM32_USB_Device_Library/Core/Src/usbd_core.c.obj
                0x0800a33e                USBD_LL_DataOutStage
 .text.USBD_LL_DataInStage
                0x0800a420      0x14a CMakeFiles/RM_Frame_C.elf.dir/Middlewares/ST/STM32_USB_Device_Library/Core/Src/usbd_core.c.obj
                0x0800a420                USBD_LL_DataInStage
 .text.USBD_LL_Reset
                0x0800a56a       0x82 CMakeFiles/RM_Frame_C.elf.dir/Middlewares/ST/STM32_USB_Device_Library/Core/Src/usbd_core.c.obj
                0x0800a56a                USBD_LL_Reset
 .text.USBD_LL_SetSpeed
                0x0800a5ec       0x1e CMakeFiles/RM_Frame_C.elf.dir/Middlewares/ST/STM32_USB_Device_Library/Core/Src/usbd_core.c.obj
                0x0800a5ec                USBD_LL_SetSpeed
 .text.USBD_LL_Suspend
                0x0800a60a       0x28 CMakeFiles/RM_Frame_C.elf.dir/Middlewares/ST/STM32_USB_Device_Library/Core/Src/usbd_core.c.obj
                0x0800a60a                USBD_LL_Suspend
 .text.USBD_LL_Resume
                0x0800a632       0x20 CMakeFiles/RM_Frame_C.elf.dir/Middlewares/ST/STM32_USB_Device_Library/Core/Src/usbd_core.c.obj
                0x0800a632                USBD_LL_Resume
 .text.USBD_LL_SOF
                0x0800a652       0x34 CMakeFiles/RM_Frame_C.elf.dir/Middlewares/ST/STM32_USB_Device_Library/Core/Src/usbd_core.c.obj
                0x0800a652                USBD_LL_SOF
 .text.USBD_LL_IsoINIncomplete
                0x0800a686       0x18 CMakeFiles/RM_Frame_C.elf.dir/Middlewares/ST/STM32_USB_Device_Library/Core/Src/usbd_core.c.obj
                0x0800a686                USBD_LL_IsoINIncomplete
 .text.USBD_LL_IsoOUTIncomplete
                0x0800a69e       0x18 CMakeFiles/RM_Frame_C.elf.dir/Middlewares/ST/STM32_USB_Device_Library/Core/Src/usbd_core.c.obj
                0x0800a69e                USBD_LL_IsoOUTIncomplete
 .text.USBD_LL_DevConnected
                0x0800a6b6       0x14 CMakeFiles/RM_Frame_C.elf.dir/Middlewares/ST/STM32_USB_Device_Library/Core/Src/usbd_core.c.obj
                0x0800a6b6                USBD_LL_DevConnected
 .text.USBD_LL_DevDisconnected
                0x0800a6ca       0x2e CMakeFiles/RM_Frame_C.elf.dir/Middlewares/ST/STM32_USB_Device_Library/Core/Src/usbd_core.c.obj
                0x0800a6ca                USBD_LL_DevDisconnected
 .text.USBD_StdDevReq
                0x0800a6f8       0xd4 CMakeFiles/RM_Frame_C.elf.dir/Middlewares/ST/STM32_USB_Device_Library/Core/Src/usbd_ctlreq.c.obj
                0x0800a6f8                USBD_StdDevReq
 .text.USBD_StdItfReq
                0x0800a7cc       0x90 CMakeFiles/RM_Frame_C.elf.dir/Middlewares/ST/STM32_USB_Device_Library/Core/Src/usbd_ctlreq.c.obj
                0x0800a7cc                USBD_StdItfReq
 .text.USBD_StdEPReq
                0x0800a85c      0x2c2 CMakeFiles/RM_Frame_C.elf.dir/Middlewares/ST/STM32_USB_Device_Library/Core/Src/usbd_ctlreq.c.obj
                0x0800a85c                USBD_StdEPReq
 *fill*         0x0800ab1e        0x2 
 .text.USBD_GetDescriptor
                0x0800ab20      0x1f4 CMakeFiles/RM_Frame_C.elf.dir/Middlewares/ST/STM32_USB_Device_Library/Core/Src/usbd_ctlreq.c.obj
 .text.USBD_SetAddress
                0x0800ad14       0x86 CMakeFiles/RM_Frame_C.elf.dir/Middlewares/ST/STM32_USB_Device_Library/Core/Src/usbd_ctlreq.c.obj
 *fill*         0x0800ad9a        0x2 
 .text.USBD_SetConfig
                0x0800ad9c      0x11c CMakeFiles/RM_Frame_C.elf.dir/Middlewares/ST/STM32_USB_Device_Library/Core/Src/usbd_ctlreq.c.obj
 .text.USBD_GetConfig
                0x0800aeb8       0x6a CMakeFiles/RM_Frame_C.elf.dir/Middlewares/ST/STM32_USB_Device_Library/Core/Src/usbd_ctlreq.c.obj
 .text.USBD_GetStatus
                0x0800af22       0x66 CMakeFiles/RM_Frame_C.elf.dir/Middlewares/ST/STM32_USB_Device_Library/Core/Src/usbd_ctlreq.c.obj
 .text.USBD_SetFeature
                0x0800af88       0x28 CMakeFiles/RM_Frame_C.elf.dir/Middlewares/ST/STM32_USB_Device_Library/Core/Src/usbd_ctlreq.c.obj
 .text.USBD_ClrFeature
                0x0800afb0       0x42 CMakeFiles/RM_Frame_C.elf.dir/Middlewares/ST/STM32_USB_Device_Library/Core/Src/usbd_ctlreq.c.obj
 .text.USBD_ParseSetupRequest
                0x0800aff2       0x78 CMakeFiles/RM_Frame_C.elf.dir/Middlewares/ST/STM32_USB_Device_Library/Core/Src/usbd_ctlreq.c.obj
                0x0800aff2                USBD_ParseSetupRequest
 .text.USBD_CtlError
                0x0800b06a       0x22 CMakeFiles/RM_Frame_C.elf.dir/Middlewares/ST/STM32_USB_Device_Library/Core/Src/usbd_ctlreq.c.obj
                0x0800b06a                USBD_CtlError
 .text.USBD_GetString
                0x0800b08c       0x84 CMakeFiles/RM_Frame_C.elf.dir/Middlewares/ST/STM32_USB_Device_Library/Core/Src/usbd_ctlreq.c.obj
                0x0800b08c                USBD_GetString
 .text.USBD_GetLen
                0x0800b110       0x2e CMakeFiles/RM_Frame_C.elf.dir/Middlewares/ST/STM32_USB_Device_Library/Core/Src/usbd_ctlreq.c.obj
 .text.USBD_CtlSendData
                0x0800b13e       0x38 CMakeFiles/RM_Frame_C.elf.dir/Middlewares/ST/STM32_USB_Device_Library/Core/Src/usbd_ioreq.c.obj
                0x0800b13e                USBD_CtlSendData
 .text.USBD_CtlContinueSendData
                0x0800b176       0x24 CMakeFiles/RM_Frame_C.elf.dir/Middlewares/ST/STM32_USB_Device_Library/Core/Src/usbd_ioreq.c.obj
                0x0800b176                USBD_CtlContinueSendData
 .text.USBD_CtlPrepareRx
                0x0800b19a       0x3c CMakeFiles/RM_Frame_C.elf.dir/Middlewares/ST/STM32_USB_Device_Library/Core/Src/usbd_ioreq.c.obj
                0x0800b19a                USBD_CtlPrepareRx
 .text.USBD_CtlContinueRx
                0x0800b1d6       0x24 CMakeFiles/RM_Frame_C.elf.dir/Middlewares/ST/STM32_USB_Device_Library/Core/Src/usbd_ioreq.c.obj
                0x0800b1d6                USBD_CtlContinueRx
 .text.USBD_CtlSendStatus
                0x0800b1fa       0x26 CMakeFiles/RM_Frame_C.elf.dir/Middlewares/ST/STM32_USB_Device_Library/Core/Src/usbd_ioreq.c.obj
                0x0800b1fa                USBD_CtlSendStatus
 .text.USBD_CtlReceiveStatus
                0x0800b220       0x26 CMakeFiles/RM_Frame_C.elf.dir/Middlewares/ST/STM32_USB_Device_Library/Core/Src/usbd_ioreq.c.obj
                0x0800b220                USBD_CtlReceiveStatus
 *fill*         0x0800b246        0x2 
 .text.MX_ADC1_Init
                0x0800b248       0xa4 CMakeFiles/RM_Frame_C.elf.dir/Src/adc.c.obj
                0x0800b248                MX_ADC1_Init
 .text.MX_ADC3_Init
                0x0800b2ec       0xa4 CMakeFiles/RM_Frame_C.elf.dir/Src/adc.c.obj
                0x0800b2ec                MX_ADC3_Init
 .text.HAL_ADC_MspInit
                0x0800b390       0xb4 CMakeFiles/RM_Frame_C.elf.dir/Src/adc.c.obj
                0x0800b390                HAL_ADC_MspInit
 .text.MX_CAN1_Init
                0x0800b444       0x6c CMakeFiles/RM_Frame_C.elf.dir/Src/can.c.obj
                0x0800b444                MX_CAN1_Init
 .text.MX_CAN2_Init
                0x0800b4b0       0x6c CMakeFiles/RM_Frame_C.elf.dir/Src/can.c.obj
                0x0800b4b0                MX_CAN2_Init
 .text.HAL_CAN_MspInit
                0x0800b51c      0x160 CMakeFiles/RM_Frame_C.elf.dir/Src/can.c.obj
                0x0800b51c                HAL_CAN_MspInit
 .text.MX_DMA_Init
                0x0800b67c       0x7c CMakeFiles/RM_Frame_C.elf.dir/Src/dma.c.obj
                0x0800b67c                MX_DMA_Init
 .text.MX_GPIO_Init
                0x0800b6f8      0x230 CMakeFiles/RM_Frame_C.elf.dir/Src/gpio.c.obj
                0x0800b6f8                MX_GPIO_Init
 .text.MX_I2C3_Init
                0x0800b928       0x5c CMakeFiles/RM_Frame_C.elf.dir/Src/i2c.c.obj
                0x0800b928                MX_I2C3_Init
 .text.HAL_I2C_MspInit
                0x0800b984       0xd4 CMakeFiles/RM_Frame_C.elf.dir/Src/i2c.c.obj
                0x0800b984                HAL_I2C_MspInit
 .text.MX_IWDG_Init
                0x0800ba58       0x34 CMakeFiles/RM_Frame_C.elf.dir/Src/iwdg.c.obj
                0x0800ba58                MX_IWDG_Init
 .text.SystemClock_Config
                0x0800ba8c       0xd8 CMakeFiles/RM_Frame_C.elf.dir/Src/main.c.obj
                0x0800ba8c                SystemClock_Config
 .text.Error_Handler
                0x0800bb64        0xc CMakeFiles/RM_Frame_C.elf.dir/Src/main.c.obj
                0x0800bb64                Error_Handler
 .text.MX_SPI1_Init
                0x0800bb70       0x6c CMakeFiles/RM_Frame_C.elf.dir/Src/spi.c.obj
                0x0800bb70                MX_SPI1_Init
 .text.MX_SPI2_Init
                0x0800bbdc       0x6c CMakeFiles/RM_Frame_C.elf.dir/Src/spi.c.obj
                0x0800bbdc                MX_SPI2_Init
 .text.HAL_SPI_MspInit
                0x0800bc48      0x178 CMakeFiles/RM_Frame_C.elf.dir/Src/spi.c.obj
                0x0800bc48                HAL_SPI_MspInit
 .text.HAL_MspInit
                0x0800bdc0       0x4c CMakeFiles/RM_Frame_C.elf.dir/Src/stm32f4xx_hal_msp.c.obj
                0x0800bdc0                HAL_MspInit
 .text.NMI_Handler
                0x0800be0c        0xc CMakeFiles/RM_Frame_C.elf.dir/Src/stm32f4xx_it.c.obj
                0x0800be0c                NMI_Handler
 .text.HardFault_Handler
                0x0800be18        0x6 CMakeFiles/RM_Frame_C.elf.dir/Src/stm32f4xx_it.c.obj
                0x0800be18                HardFault_Handler
 .text.MemManage_Handler
                0x0800be1e        0x6 CMakeFiles/RM_Frame_C.elf.dir/Src/stm32f4xx_it.c.obj
                0x0800be1e                MemManage_Handler
 .text.BusFault_Handler
                0x0800be24        0x6 CMakeFiles/RM_Frame_C.elf.dir/Src/stm32f4xx_it.c.obj
                0x0800be24                BusFault_Handler
 .text.UsageFault_Handler
                0x0800be2a        0x6 CMakeFiles/RM_Frame_C.elf.dir/Src/stm32f4xx_it.c.obj
                0x0800be2a                UsageFault_Handler
 .text.SVC_Handler
                0x0800be30        0xc CMakeFiles/RM_Frame_C.elf.dir/Src/stm32f4xx_it.c.obj
                0x0800be30                SVC_Handler
 .text.DebugMon_Handler
                0x0800be3c        0xc CMakeFiles/RM_Frame_C.elf.dir/Src/stm32f4xx_it.c.obj
                0x0800be3c                DebugMon_Handler
 .text.PendSV_Handler
                0x0800be48        0xc CMakeFiles/RM_Frame_C.elf.dir/Src/stm32f4xx_it.c.obj
                0x0800be48                PendSV_Handler
 .text.SysTick_Handler
                0x0800be54        0xc CMakeFiles/RM_Frame_C.elf.dir/Src/stm32f4xx_it.c.obj
                0x0800be54                SysTick_Handler
 .text.EXTI0_IRQHandler
                0x0800be60        0xe CMakeFiles/RM_Frame_C.elf.dir/Src/stm32f4xx_it.c.obj
                0x0800be60                EXTI0_IRQHandler
 .text.EXTI3_IRQHandler
                0x0800be6e        0xe CMakeFiles/RM_Frame_C.elf.dir/Src/stm32f4xx_it.c.obj
                0x0800be6e                EXTI3_IRQHandler
 .text.DMA1_Stream1_IRQHandler
                0x0800be7c       0x14 CMakeFiles/RM_Frame_C.elf.dir/Src/stm32f4xx_it.c.obj
                0x0800be7c                DMA1_Stream1_IRQHandler
 .text.CAN1_RX0_IRQHandler
                0x0800be90       0x14 CMakeFiles/RM_Frame_C.elf.dir/Src/stm32f4xx_it.c.obj
                0x0800be90                CAN1_RX0_IRQHandler
 .text.TIM1_UP_TIM10_IRQHandler
                0x0800bea4       0x1c CMakeFiles/RM_Frame_C.elf.dir/Src/stm32f4xx_it.c.obj
                0x0800bea4                TIM1_UP_TIM10_IRQHandler
 .text.USART1_IRQHandler
                0x0800bec0       0x14 CMakeFiles/RM_Frame_C.elf.dir/Src/stm32f4xx_it.c.obj
                0x0800bec0                USART1_IRQHandler
 .text.DMA2_Stream2_IRQHandler
                0x0800bed4       0x14 CMakeFiles/RM_Frame_C.elf.dir/Src/stm32f4xx_it.c.obj
                0x0800bed4                DMA2_Stream2_IRQHandler
 .text.CAN2_RX0_IRQHandler
                0x0800bee8       0x14 CMakeFiles/RM_Frame_C.elf.dir/Src/stm32f4xx_it.c.obj
                0x0800bee8                CAN2_RX0_IRQHandler
 .text.OTG_FS_IRQHandler
                0x0800befc       0x14 CMakeFiles/RM_Frame_C.elf.dir/Src/stm32f4xx_it.c.obj
                0x0800befc                OTG_FS_IRQHandler
 .text.DMA2_Stream7_IRQHandler
                0x0800bf10       0x14 CMakeFiles/RM_Frame_C.elf.dir/Src/stm32f4xx_it.c.obj
                0x0800bf10                DMA2_Stream7_IRQHandler
 .text.USART6_IRQHandler
                0x0800bf24       0x14 CMakeFiles/RM_Frame_C.elf.dir/Src/stm32f4xx_it.c.obj
                0x0800bf24                USART6_IRQHandler
 .text.SystemInit
                0x0800bf38       0x5c CMakeFiles/RM_Frame_C.elf.dir/Src/system_stm32f4xx.c.obj
                0x0800bf38                SystemInit
 .text.MX_TIM1_Init
                0x0800bf94      0x194 CMakeFiles/RM_Frame_C.elf.dir/Src/tim.c.obj
                0x0800bf94                MX_TIM1_Init
 .text.MX_TIM4_Init
                0x0800c128       0xec CMakeFiles/RM_Frame_C.elf.dir/Src/tim.c.obj
                0x0800c128                MX_TIM4_Init
 .text.MX_TIM5_Init
                0x0800c214      0x120 CMakeFiles/RM_Frame_C.elf.dir/Src/tim.c.obj
                0x0800c214                MX_TIM5_Init
 .text.MX_TIM8_Init
                0x0800c334      0x174 CMakeFiles/RM_Frame_C.elf.dir/Src/tim.c.obj
                0x0800c334                MX_TIM8_Init
 .text.MX_TIM10_Init
                0x0800c4a8       0x48 CMakeFiles/RM_Frame_C.elf.dir/Src/tim.c.obj
                0x0800c4a8                MX_TIM10_Init
 .text.HAL_TIM_Base_MspInit
                0x0800c4f0      0x110 CMakeFiles/RM_Frame_C.elf.dir/Src/tim.c.obj
                0x0800c4f0                HAL_TIM_Base_MspInit
 .text.HAL_TIM_MspPostInit
                0x0800c600      0x1a8 CMakeFiles/RM_Frame_C.elf.dir/Src/tim.c.obj
                0x0800c600                HAL_TIM_MspPostInit
 .text.MX_USART1_UART_Init
                0x0800c7a8       0x54 CMakeFiles/RM_Frame_C.elf.dir/Src/usart.c.obj
                0x0800c7a8                MX_USART1_UART_Init
 .text.MX_USART3_UART_Init
                0x0800c7fc       0x54 CMakeFiles/RM_Frame_C.elf.dir/Src/usart.c.obj
                0x0800c7fc                MX_USART3_UART_Init
 .text.MX_USART6_UART_Init
                0x0800c850       0x54 CMakeFiles/RM_Frame_C.elf.dir/Src/usart.c.obj
                0x0800c850                MX_USART6_UART_Init
 .text.HAL_UART_MspInit
                0x0800c8a4      0x314 CMakeFiles/RM_Frame_C.elf.dir/Src/usart.c.obj
                0x0800c8a4                HAL_UART_MspInit
 .text.MX_USB_DEVICE_Init
                0x0800cbb8       0x60 CMakeFiles/RM_Frame_C.elf.dir/Src/usb_device.c.obj
                0x0800cbb8                MX_USB_DEVICE_Init
 .text.CDC_Init_FS
                0x0800cc18       0x28 CMakeFiles/RM_Frame_C.elf.dir/Src/usbd_cdc_if.c.obj
 .text.CDC_DeInit_FS
                0x0800cc40        0xe CMakeFiles/RM_Frame_C.elf.dir/Src/usbd_cdc_if.c.obj
 *fill*         0x0800cc4e        0x2 
 .text.CDC_Control_FS
                0x0800cc50       0xbc CMakeFiles/RM_Frame_C.elf.dir/Src/usbd_cdc_if.c.obj
 .text.CDC_Receive_FS
                0x0800cd0c       0x28 CMakeFiles/RM_Frame_C.elf.dir/Src/usbd_cdc_if.c.obj
 .text.HAL_PCD_MspInit
                0x0800cd34       0xa8 CMakeFiles/RM_Frame_C.elf.dir/Src/usbd_conf.c.obj
                0x0800cd34                HAL_PCD_MspInit
 .text.HAL_PCD_SetupStageCallback
                0x0800cddc       0x24 CMakeFiles/RM_Frame_C.elf.dir/Src/usbd_conf.c.obj
                0x0800cddc                HAL_PCD_SetupStageCallback
 .text.HAL_PCD_DataOutStageCallback
                0x0800ce00       0x36 CMakeFiles/RM_Frame_C.elf.dir/Src/usbd_conf.c.obj
                0x0800ce00                HAL_PCD_DataOutStageCallback
 .text.HAL_PCD_DataInStageCallback
                0x0800ce36       0x34 CMakeFiles/RM_Frame_C.elf.dir/Src/usbd_conf.c.obj
                0x0800ce36                HAL_PCD_DataInStageCallback
 .text.HAL_PCD_SOFCallback
                0x0800ce6a       0x1c CMakeFiles/RM_Frame_C.elf.dir/Src/usbd_conf.c.obj
                0x0800ce6a                HAL_PCD_SOFCallback
 .text.HAL_PCD_ResetCallback
                0x0800ce86       0x50 CMakeFiles/RM_Frame_C.elf.dir/Src/usbd_conf.c.obj
                0x0800ce86                HAL_PCD_ResetCallback
 *fill*         0x0800ced6        0x2 
 .text.HAL_PCD_SuspendCallback
                0x0800ced8       0x4c CMakeFiles/RM_Frame_C.elf.dir/Src/usbd_conf.c.obj
                0x0800ced8                HAL_PCD_SuspendCallback
 .text.HAL_PCD_ResumeCallback
                0x0800cf24       0x1c CMakeFiles/RM_Frame_C.elf.dir/Src/usbd_conf.c.obj
                0x0800cf24                HAL_PCD_ResumeCallback
 .text.HAL_PCD_ISOOUTIncompleteCallback
                0x0800cf40       0x24 CMakeFiles/RM_Frame_C.elf.dir/Src/usbd_conf.c.obj
                0x0800cf40                HAL_PCD_ISOOUTIncompleteCallback
 .text.HAL_PCD_ISOINIncompleteCallback
                0x0800cf64       0x24 CMakeFiles/RM_Frame_C.elf.dir/Src/usbd_conf.c.obj
                0x0800cf64                HAL_PCD_ISOINIncompleteCallback
 .text.HAL_PCD_ConnectCallback
                0x0800cf88       0x1c CMakeFiles/RM_Frame_C.elf.dir/Src/usbd_conf.c.obj
                0x0800cf88                HAL_PCD_ConnectCallback
 .text.HAL_PCD_DisconnectCallback
                0x0800cfa4       0x1c CMakeFiles/RM_Frame_C.elf.dir/Src/usbd_conf.c.obj
                0x0800cfa4                HAL_PCD_DisconnectCallback
 .text.USBD_LL_Init
                0x0800cfc0       0x98 CMakeFiles/RM_Frame_C.elf.dir/Src/usbd_conf.c.obj
                0x0800cfc0                USBD_LL_Init
 .text.USBD_LL_Start
                0x0800d058       0x36 CMakeFiles/RM_Frame_C.elf.dir/Src/usbd_conf.c.obj
                0x0800d058                USBD_LL_Start
 .text.USBD_LL_OpenEP
                0x0800d08e       0x4c CMakeFiles/RM_Frame_C.elf.dir/Src/usbd_conf.c.obj
                0x0800d08e                USBD_LL_OpenEP
 .text.USBD_LL_CloseEP
                0x0800d0da       0x3e CMakeFiles/RM_Frame_C.elf.dir/Src/usbd_conf.c.obj
                0x0800d0da                USBD_LL_CloseEP
 .text.USBD_LL_StallEP
                0x0800d118       0x3e CMakeFiles/RM_Frame_C.elf.dir/Src/usbd_conf.c.obj
                0x0800d118                USBD_LL_StallEP
 .text.USBD_LL_ClearStallEP
                0x0800d156       0x3e CMakeFiles/RM_Frame_C.elf.dir/Src/usbd_conf.c.obj
                0x0800d156                USBD_LL_ClearStallEP
 .text.USBD_LL_IsStallEP
                0x0800d194       0x56 CMakeFiles/RM_Frame_C.elf.dir/Src/usbd_conf.c.obj
                0x0800d194                USBD_LL_IsStallEP
 .text.USBD_LL_SetUSBAddress
                0x0800d1ea       0x3e CMakeFiles/RM_Frame_C.elf.dir/Src/usbd_conf.c.obj
                0x0800d1ea                USBD_LL_SetUSBAddress
 .text.USBD_LL_Transmit
                0x0800d228       0x46 CMakeFiles/RM_Frame_C.elf.dir/Src/usbd_conf.c.obj
                0x0800d228                USBD_LL_Transmit
 .text.USBD_LL_PrepareReceive
                0x0800d26e       0x46 CMakeFiles/RM_Frame_C.elf.dir/Src/usbd_conf.c.obj
                0x0800d26e                USBD_LL_PrepareReceive
 .text.USBD_LL_GetRxDataSize
                0x0800d2b4       0x26 CMakeFiles/RM_Frame_C.elf.dir/Src/usbd_conf.c.obj
                0x0800d2b4                USBD_LL_GetRxDataSize
 *fill*         0x0800d2da        0x2 
 .text.USBD_Get_USB_Status
                0x0800d2dc       0x58 CMakeFiles/RM_Frame_C.elf.dir/Src/usbd_conf.c.obj
                0x0800d2dc                USBD_Get_USB_Status
 .text.USBD_FS_DeviceDescriptor
                0x0800d334       0x24 CMakeFiles/RM_Frame_C.elf.dir/Src/usbd_desc.c.obj
                0x0800d334                USBD_FS_DeviceDescriptor
 .text.USBD_FS_LangIDStrDescriptor
                0x0800d358       0x24 CMakeFiles/RM_Frame_C.elf.dir/Src/usbd_desc.c.obj
                0x0800d358                USBD_FS_LangIDStrDescriptor
 .text.USBD_FS_ProductStrDescriptor
                0x0800d37c       0x3c CMakeFiles/RM_Frame_C.elf.dir/Src/usbd_desc.c.obj
                0x0800d37c                USBD_FS_ProductStrDescriptor
 .text.USBD_FS_ManufacturerStrDescriptor
                0x0800d3b8       0x28 CMakeFiles/RM_Frame_C.elf.dir/Src/usbd_desc.c.obj
                0x0800d3b8                USBD_FS_ManufacturerStrDescriptor
 .text.USBD_FS_SerialStrDescriptor
                0x0800d3e0       0x24 CMakeFiles/RM_Frame_C.elf.dir/Src/usbd_desc.c.obj
                0x0800d3e0                USBD_FS_SerialStrDescriptor
 .text.USBD_FS_ConfigStrDescriptor
                0x0800d404       0x3c CMakeFiles/RM_Frame_C.elf.dir/Src/usbd_desc.c.obj
                0x0800d404                USBD_FS_ConfigStrDescriptor
 .text.USBD_FS_InterfaceStrDescriptor
                0x0800d440       0x3c CMakeFiles/RM_Frame_C.elf.dir/Src/usbd_desc.c.obj
                0x0800d440                USBD_FS_InterfaceStrDescriptor
 .text.Get_SerialNum
                0x0800d47c       0x58 CMakeFiles/RM_Frame_C.elf.dir/Src/usbd_desc.c.obj
 .text.IntToUnicode
                0x0800d4d4       0x7c CMakeFiles/RM_Frame_C.elf.dir/Src/usbd_desc.c.obj
 .text.Reset_Handler
                0x0800d550       0x50 CMakeFiles/RM_Frame_C.elf.dir/startup/startup_stm32f407xx.s.obj
                0x0800d550                Reset_Handler
 .text.Default_Handler
                0x0800d5a0        0x2 CMakeFiles/RM_Frame_C.elf.dir/startup/startup_stm32f407xx.s.obj
                0x0800d5a0                RTC_Alarm_IRQHandler
                0x0800d5a0                HASH_RNG_IRQHandler
                0x0800d5a0                EXTI2_IRQHandler
                0x0800d5a0                TIM8_CC_IRQHandler
                0x0800d5a0                TIM1_CC_IRQHandler
                0x0800d5a0                DMA2_Stream5_IRQHandler
                0x0800d5a0                DMA1_Stream5_IRQHandler
                0x0800d5a0                PVD_IRQHandler
                0x0800d5a0                SDIO_IRQHandler
                0x0800d5a0                TAMP_STAMP_IRQHandler
                0x0800d5a0                CAN2_RX1_IRQHandler
                0x0800d5a0                TIM8_TRG_COM_TIM14_IRQHandler
                0x0800d5a0                TIM8_UP_TIM13_IRQHandler
                0x0800d5a0                I2C3_ER_IRQHandler
                0x0800d5a0                I2C2_EV_IRQHandler
                0x0800d5a0                DMA1_Stream2_IRQHandler
                0x0800d5a0                FPU_IRQHandler
                0x0800d5a0                OTG_HS_WKUP_IRQHandler
                0x0800d5a0                CAN2_SCE_IRQHandler
                0x0800d5a0                SPI1_IRQHandler
                0x0800d5a0                TIM6_DAC_IRQHandler
                0x0800d5a0                TIM1_BRK_TIM9_IRQHandler
                0x0800d5a0                DCMI_IRQHandler
                0x0800d5a0                DMA2_Stream3_IRQHandler
                0x0800d5a0                CAN1_RX1_IRQHandler
                0x0800d5a0                UART5_IRQHandler
                0x0800d5a0                DMA2_Stream0_IRQHandler
                0x0800d5a0                TIM4_IRQHandler
                0x0800d5a0                I2C1_EV_IRQHandler
                0x0800d5a0                DMA1_Stream6_IRQHandler
                0x0800d5a0                UART4_IRQHandler
                0x0800d5a0                TIM3_IRQHandler
                0x0800d5a0                RCC_IRQHandler
                0x0800d5a0                TIM8_BRK_TIM12_IRQHandler
                0x0800d5a0                Default_Handler
                0x0800d5a0                EXTI15_10_IRQHandler
                0x0800d5a0                ADC_IRQHandler
                0x0800d5a0                DMA1_Stream7_IRQHandler
                0x0800d5a0                TIM7_IRQHandler
                0x0800d5a0                CAN2_TX_IRQHandler
                0x0800d5a0                TIM5_IRQHandler
                0x0800d5a0                I2C3_EV_IRQHandler
                0x0800d5a0                EXTI9_5_IRQHandler
                0x0800d5a0                RTC_WKUP_IRQHandler
                0x0800d5a0                ETH_WKUP_IRQHandler
                0x0800d5a0                SPI2_IRQHandler
                0x0800d5a0                OTG_HS_EP1_IN_IRQHandler
                0x0800d5a0                DMA1_Stream0_IRQHandler
                0x0800d5a0                CAN1_TX_IRQHandler
                0x0800d5a0                EXTI4_IRQHandler
                0x0800d5a0                FSMC_IRQHandler
                0x0800d5a0                ETH_IRQHandler
                0x0800d5a0                OTG_HS_EP1_OUT_IRQHandler
                0x0800d5a0                WWDG_IRQHandler
                0x0800d5a0                TIM2_IRQHandler
                0x0800d5a0                OTG_FS_WKUP_IRQHandler
                0x0800d5a0                TIM1_TRG_COM_TIM11_IRQHandler
                0x0800d5a0                OTG_HS_IRQHandler
                0x0800d5a0                EXTI1_IRQHandler
                0x0800d5a0                USART2_IRQHandler
                0x0800d5a0                I2C2_ER_IRQHandler
                0x0800d5a0                DMA2_Stream1_IRQHandler
                0x0800d5a0                CAN1_SCE_IRQHandler
                0x0800d5a0                FLASH_IRQHandler
                0x0800d5a0                DMA2_Stream4_IRQHandler
                0x0800d5a0                SPI3_IRQHandler
                0x0800d5a0                DMA1_Stream4_IRQHandler
                0x0800d5a0                I2C1_ER_IRQHandler
                0x0800d5a0                DMA2_Stream6_IRQHandler
                0x0800d5a0                DMA1_Stream3_IRQHandler
 *fill*         0x0800d5a2        0x2 
 .text.BMI088_ACCEL_NS_L
                0x0800d5a4       0x18 CMakeFiles/RM_Frame_C.elf.dir/userCode/devices/Src/BMI088Middleware.c.obj
                0x0800d5a4                BMI088_ACCEL_NS_L
 .text.BMI088_ACCEL_NS_H
                0x0800d5bc       0x18 CMakeFiles/RM_Frame_C.elf.dir/userCode/devices/Src/BMI088Middleware.c.obj
                0x0800d5bc                BMI088_ACCEL_NS_H
 .text.BMI088_GYRO_NS_L
                0x0800d5d4       0x18 CMakeFiles/RM_Frame_C.elf.dir/userCode/devices/Src/BMI088Middleware.c.obj
                0x0800d5d4                BMI088_GYRO_NS_L
 .text.BMI088_GYRO_NS_H
                0x0800d5ec       0x18 CMakeFiles/RM_Frame_C.elf.dir/userCode/devices/Src/BMI088Middleware.c.obj
                0x0800d5ec                BMI088_GYRO_NS_H
 .text.BMI088_read_write_byte
                0x0800d604       0x2c CMakeFiles/RM_Frame_C.elf.dir/userCode/devices/Src/BMI088Middleware.c.obj
                0x0800d604                BMI088_read_write_byte
 .text.BMI088_read
                0x0800d630      0x1e8 CMakeFiles/RM_Frame_C.elf.dir/userCode/devices/Src/BMI088driver.c.obj
                0x0800d630                BMI088_read
 .text.BMI088_read_muli_reg
                0x0800d818       0x4a CMakeFiles/RM_Frame_C.elf.dir/userCode/devices/Src/BMI088driver.c.obj
 *fill*         0x0800d862        0x2 
 .text._Z13aRGB_led_showm
                0x0800d864       0x9c CMakeFiles/RM_Frame_C.elf.dir/userCode/devices/Src/Device.cpp.obj
                0x0800d864                aRGB_led_show(unsigned long)
 .text._Z15aRGB_led_changem
                0x0800d900      0x190 CMakeFiles/RM_Frame_C.elf.dir/userCode/devices/Src/Device.cpp.obj
                0x0800d900                aRGB_led_change(unsigned long)
 .text._Z15bsp_ADC_vccMoniv
                0x0800da90      0x194 CMakeFiles/RM_Frame_C.elf.dir/userCode/devices/Src/Device.cpp.obj
                0x0800da90                bsp_ADC_vccMoni()
 .text._Z14bsp_flash_readP12flash_data_t
                0x0800dc24       0x24 CMakeFiles/RM_Frame_C.elf.dir/userCode/devices/Src/Device.cpp.obj
                0x0800dc24                bsp_flash_read(flash_data_t*)
 .text.HAL_TIM_PeriodElapsedCallback
                0x0800dc48       0x9c CMakeFiles/RM_Frame_C.elf.dir/userCode/devices/Src/Device.cpp.obj
                0x0800dc48                HAL_TIM_PeriodElapsedCallback
 .text.HAL_GPIO_EXTI_Callback
                0x0800dce4       0x8c CMakeFiles/RM_Frame_C.elf.dir/userCode/devices/Src/Device.cpp.obj
                0x0800dce4                HAL_GPIO_EXTI_Callback
 .text.main     0x0800dd70       0xac CMakeFiles/RM_Frame_C.elf.dir/userCode/devices/Src/Device.cpp.obj
                0x0800dd70                main
 .text._ZN3PID7PIDCalcEff
                0x0800de1c      0x276 CMakeFiles/RM_Frame_C.elf.dir/userCode/devices/Src/Motor.cpp.obj
                0x0800de1c                PID::PIDCalc(float, float)
 *fill*         0x0800e092        0x2 
 .text._ZN5Motor4InitEv
                0x0800e094       0x70 CMakeFiles/RM_Frame_C.elf.dir/userCode/devices/Src/Motor.cpp.obj
                0x0800e094                Motor::Init()
 .text._ZN5Motor14CANPackageSendEv
                0x0800e104      0x198 CMakeFiles/RM_Frame_C.elf.dir/userCode/devices/Src/Motor.cpp.obj
                0x0800e104                Motor::CANPackageSend()
 .text._ZN6DeviceC2Ev
                0x0800e29c       0x20 CMakeFiles/RM_Frame_C.elf.dir/userCode/devices/Src/Motor.cpp.obj
                0x0800e29c                Device::Device()
                0x0800e29c                Device::Device()
 .text._ZSt4log2ImEN9__gnu_cxx11__enable_ifIXsrSt12__is_integerIT_E7__valueEdE6__typeES3_
                0x0800e2bc       0x28 CMakeFiles/RM_Frame_C.elf.dir/userCode/devices/Src/Motor.cpp.obj
                0x0800e2bc                __gnu_cxx::__enable_if<std::__is_integer<unsigned long>::__value, double>::__type std::log2<unsigned long>(unsigned long)
 .text._ZN5MotorC2EmP12MOTOR_INIT_t
                0x0800e2e4       0xe8 CMakeFiles/RM_Frame_C.elf.dir/userCode/devices/Src/Motor.cpp.obj
                0x0800e2e4                Motor::Motor(unsigned long, MOTOR_INIT_t*)
                0x0800e2e4                Motor::Motor(unsigned long, MOTOR_INIT_t*)
 .text._ZN5MotorD2Ev
                0x0800e3cc       0x34 CMakeFiles/RM_Frame_C.elf.dir/userCode/devices/Src/Motor.cpp.obj
                0x0800e3cc                Motor::~Motor()
                0x0800e3cc                Motor::~Motor()
 .text._ZN5Motor6HandleEv
                0x0800e400       0x70 CMakeFiles/RM_Frame_C.elf.dir/userCode/devices/Src/Motor.cpp.obj
                0x0800e400                Motor::Handle()
 .text._ZN5Motor9IT_HandleEP19__CAN_HandleTypeDef
                0x0800e470       0xd4 CMakeFiles/RM_Frame_C.elf.dir/userCode/devices/Src/Motor.cpp.obj
                0x0800e470                Motor::IT_Handle(__CAN_HandleTypeDef*)
 .text._ZN5Motor14SetTargetSpeedEf
                0x0800e544       0x22 CMakeFiles/RM_Frame_C.elf.dir/userCode/devices/Src/Motor.cpp.obj
                0x0800e544                Motor::SetTargetSpeed(float)
 .text._ZN5Motor4StopEv
                0x0800e566       0x18 CMakeFiles/RM_Frame_C.elf.dir/userCode/devices/Src/Motor.cpp.obj
                0x0800e566                Motor::Stop()
 .text._ZN5Motor11ErrorHandleEv
                0x0800e57e       0x12 CMakeFiles/RM_Frame_C.elf.dir/userCode/devices/Src/Motor.cpp.obj
                0x0800e57e                Motor::ErrorHandle()
 .text._ZN5Motor16MotorStateUpdateEv
                0x0800e590      0x238 CMakeFiles/RM_Frame_C.elf.dir/userCode/devices/Src/Motor.cpp.obj
                0x0800e590                Motor::MotorStateUpdate()
 .text._ZN5Motor13IntensityCalcEv
                0x0800e7c8       0x86 CMakeFiles/RM_Frame_C.elf.dir/userCode/devices/Src/Motor.cpp.obj
                0x0800e7c8                Motor::IntensityCalc()
 .text.HAL_CAN_RxFifo0MsgPendingCallback
                0x0800e84e       0x16 CMakeFiles/RM_Frame_C.elf.dir/userCode/devices/Src/Motor.cpp.obj
                0x0800e84e                HAL_CAN_RxFifo0MsgPendingCallback
 .text._ZN13RemoteControl4initEv
                0x0800e864       0xcc CMakeFiles/RM_Frame_C.elf.dir/userCode/devices/Src/RemoteControl.cpp.obj
                0x0800e864                RemoteControl::init()
 .text._ZN13RemoteControl10sbus_to_rcEPVKh
                0x0800e930      0x250 CMakeFiles/RM_Frame_C.elf.dir/userCode/devices/Src/RemoteControl.cpp.obj
                0x0800e930                RemoteControl::sbus_to_rc(unsigned char const volatile*)
 .text._ZN13RemoteControl8ITHandleEv
                0x0800eb80      0x158 CMakeFiles/RM_Frame_C.elf.dir/userCode/devices/Src/RemoteControl.cpp.obj
                0x0800eb80                RemoteControl::ITHandle()
 .text.USART3_IRQHandler
                0x0800ecd8        0xc CMakeFiles/RM_Frame_C.elf.dir/userCode/devices/Src/RemoteControl.cpp.obj
                0x0800ecd8                USART3_IRQHandler
 .text._Z12ChassisStartv
                0x0800ece4        0xc CMakeFiles/RM_Frame_C.elf.dir/userCode/tasks/Src/ChassisTask.cpp.obj
                0x0800ece4                ChassisStart()
 .text._Z13ChassisHandlev
                0x0800ecf0       0x5c CMakeFiles/RM_Frame_C.elf.dir/userCode/tasks/Src/ChassisTask.cpp.obj
                0x0800ecf0                ChassisHandle()
 .text._Z18ChassisSetVelocityfff
                0x0800ed4c       0x40 CMakeFiles/RM_Frame_C.elf.dir/userCode/tasks/Src/ChassisTask.cpp.obj
                0x0800ed4c                ChassisSetVelocity(float, float, float)
 .text._Z11ChassisStopv
                0x0800ed8c       0x3c CMakeFiles/RM_Frame_C.elf.dir/userCode/tasks/Src/ChassisTask.cpp.obj
                0x0800ed8c                ChassisStop()
 .text._Z15WheelsSpeedCalcfff
                0x0800edc8       0xc8 CMakeFiles/RM_Frame_C.elf.dir/userCode/tasks/Src/ChassisTask.cpp.obj
                0x0800edc8                WheelsSpeedCalc(float, float, float)
 .text._Z41__static_initialization_and_destruction_0ii
                0x0800ee90       0x90 CMakeFiles/RM_Frame_C.elf.dir/userCode/tasks/Src/ChassisTask.cpp.obj
 .text._GLOBAL__sub_I_pidRegulator
                0x0800ef20       0x10 CMakeFiles/RM_Frame_C.elf.dir/userCode/tasks/Src/ChassisTask.cpp.obj
 .text._Z10CtrlHandlev
                0x0800ef30       0xb8 CMakeFiles/RM_Frame_C.elf.dir/userCode/tasks/Src/ControlTask.cpp.obj
                0x0800ef30                CtrlHandle()
 .text._Z8UserStopv
                0x0800efe8       0x14 CMakeFiles/RM_Frame_C.elf.dir/userCode/tasks/Src/UserTask.cpp.obj
                0x0800efe8                UserStop()
 .text._Z8UserInitv
                0x0800effc       0x14 CMakeFiles/RM_Frame_C.elf.dir/userCode/tasks/Src/UserTask.cpp.obj
                0x0800effc                UserInit()
 .text._Z10UserHandlev
                0x0800f010       0x24 CMakeFiles/RM_Frame_C.elf.dir/userCode/tasks/Src/UserTask.cpp.obj
                0x0800f010                UserHandle()
 .text._Z41__static_initialization_and_destruction_0ii
                0x0800f034       0x48 CMakeFiles/RM_Frame_C.elf.dir/userCode/tasks/Src/UserTask.cpp.obj
 .text._GLOBAL__sub_I_userPidRegulator
                0x0800f07c       0x10 CMakeFiles/RM_Frame_C.elf.dir/userCode/tasks/Src/UserTask.cpp.obj
 .text.__aeabi_atexit
                0x0800f08c        0xa d:/robomaster/gcc-arm-none-eabi-10.3-2021.10/bin/../lib/gcc/arm-none-eabi/10.3.1/../../../../arm-none-eabi/lib/thumb/v7e-m/nofp\libstdc++_nano.a(atexit_arm.o)
                0x0800f08c                __aeabi_atexit
 .text._ZNK10__cxxabiv117__class_type_info11__do_upcastEPKS0_PPv
                0x0800f096       0x32 d:/robomaster/gcc-arm-none-eabi-10.3-2021.10/bin/../lib/gcc/arm-none-eabi/10.3.1/../../../../arm-none-eabi/lib/thumb/v7e-m/nofp\libstdc++_nano.a(class_type_info.o)
                0x0800f096                __cxxabiv1::__class_type_info::__do_upcast(__cxxabiv1::__class_type_info const*, void**) const
 .text._ZNK10__cxxabiv117__class_type_info20__do_find_public_srcEiPKvPKS0_S2_
                0x0800f0c8        0xc d:/robomaster/gcc-arm-none-eabi-10.3-2021.10/bin/../lib/gcc/arm-none-eabi/10.3.1/../../../../arm-none-eabi/lib/thumb/v7e-m/nofp\libstdc++_nano.a(class_type_info.o)
                0x0800f0c8                __cxxabiv1::__class_type_info::__do_find_public_src(int, void const*, __cxxabiv1::__class_type_info const*, void const*) const
 .text._ZN10__cxxabiv117__class_type_infoD2Ev
                0x0800f0d4       0x14 d:/robomaster/gcc-arm-none-eabi-10.3-2021.10/bin/../lib/gcc/arm-none-eabi/10.3.1/../../../../arm-none-eabi/lib/thumb/v7e-m/nofp\libstdc++_nano.a(class_type_info.o)
                0x0800f0d4                __cxxabiv1::__class_type_info::~__class_type_info()
                0x0800f0d4                __cxxabiv1::__class_type_info::~__class_type_info()
 .text._ZN10__cxxabiv117__class_type_infoD0Ev
                0x0800f0e8       0x14 d:/robomaster/gcc-arm-none-eabi-10.3-2021.10/bin/../lib/gcc/arm-none-eabi/10.3.1/../../../../arm-none-eabi/lib/thumb/v7e-m/nofp\libstdc++_nano.a(class_type_info.o)
                0x0800f0e8                __cxxabiv1::__class_type_info::~__class_type_info()
 .text._ZNK10__cxxabiv117__class_type_info12__do_dyncastEiNS0_10__sub_kindEPKS0_PKvS3_S5_RNS0_16__dyncast_resultE
                0x0800f0fc       0x3e d:/robomaster/gcc-arm-none-eabi-10.3-2021.10/bin/../lib/gcc/arm-none-eabi/10.3.1/../../../../arm-none-eabi/lib/thumb/v7e-m/nofp\libstdc++_nano.a(class_type_info.o)
                0x0800f0fc                __cxxabiv1::__class_type_info::__do_dyncast(int, __cxxabiv1::__class_type_info::__sub_kind, __cxxabiv1::__class_type_info const*, void const*, __cxxabiv1::__class_type_info const*, void const*, __cxxabiv1::__class_type_info::__dyncast_result&) const
 .text._ZNK10__cxxabiv117__class_type_info11__do_upcastEPKS0_PKvRNS0_15__upcast_resultE
                0x0800f13a       0x18 d:/robomaster/gcc-arm-none-eabi-10.3-2021.10/bin/../lib/gcc/arm-none-eabi/10.3.1/../../../../arm-none-eabi/lib/thumb/v7e-m/nofp\libstdc++_nano.a(class_type_info.o)
                0x0800f13a                __cxxabiv1::__class_type_info::__do_upcast(__cxxabiv1::__class_type_info const*, void const*, __cxxabiv1::__class_type_info::__upcast_result&) const
 .text._ZNK10__cxxabiv117__class_type_info10__do_catchEPKSt9type_infoPPvj
                0x0800f152       0x2a d:/robomaster/gcc-arm-none-eabi-10.3-2021.10/bin/../lib/gcc/arm-none-eabi/10.3.1/../../../../arm-none-eabi/lib/thumb/v7e-m/nofp\libstdc++_nano.a(class_type_info.o)
                0x0800f152                __cxxabiv1::__class_type_info::__do_catch(std::type_info const*, void**, unsigned int) const
 .text._ZdlPvj  0x0800f17c        0x4 d:/robomaster/gcc-arm-none-eabi-10.3-2021.10/bin/../lib/gcc/arm-none-eabi/10.3.1/../../../../arm-none-eabi/lib/thumb/v7e-m/nofp\libstdc++_nano.a(del_ops.o)
                0x0800f17c                operator delete(void*, unsigned int)
 .text.__cxa_pure_virtual
                0x0800f180        0x6 d:/robomaster/gcc-arm-none-eabi-10.3-2021.10/bin/../lib/gcc/arm-none-eabi/10.3.1/../../../../arm-none-eabi/lib/thumb/v7e-m/nofp\libstdc++_nano.a(pure.o)
                0x0800f180                __cxa_pure_virtual
 *fill*         0x0800f186        0x2 
 .text._ZN10__cxxabiv120__si_class_type_infoD2Ev
                0x0800f188       0x14 d:/robomaster/gcc-arm-none-eabi-10.3-2021.10/bin/../lib/gcc/arm-none-eabi/10.3.1/../../../../arm-none-eabi/lib/thumb/v7e-m/nofp\libstdc++_nano.a(si_class_type_info.o)
                0x0800f188                __cxxabiv1::__si_class_type_info::~__si_class_type_info()
                0x0800f188                __cxxabiv1::__si_class_type_info::~__si_class_type_info()
 .text._ZN10__cxxabiv120__si_class_type_infoD0Ev
                0x0800f19c       0x14 d:/robomaster/gcc-arm-none-eabi-10.3-2021.10/bin/../lib/gcc/arm-none-eabi/10.3.1/../../../../arm-none-eabi/lib/thumb/v7e-m/nofp\libstdc++_nano.a(si_class_type_info.o)
                0x0800f19c                __cxxabiv1::__si_class_type_info::~__si_class_type_info()
 .text._ZNK10__cxxabiv120__si_class_type_info20__do_find_public_srcEiPKvPKNS_17__class_type_infoES2_
                0x0800f1b0       0x3c d:/robomaster/gcc-arm-none-eabi-10.3-2021.10/bin/../lib/gcc/arm-none-eabi/10.3.1/../../../../arm-none-eabi/lib/thumb/v7e-m/nofp\libstdc++_nano.a(si_class_type_info.o)
                0x0800f1b0                __cxxabiv1::__si_class_type_info::__do_find_public_src(int, void const*, __cxxabiv1::__class_type_info const*, void const*) const
 .text._ZNK10__cxxabiv120__si_class_type_info12__do_dyncastEiNS_17__class_type_info10__sub_kindEPKS1_PKvS4_S6_RNS1_16__dyncast_resultE
                0x0800f1ec       0x74 d:/robomaster/gcc-arm-none-eabi-10.3-2021.10/bin/../lib/gcc/arm-none-eabi/10.3.1/../../../../arm-none-eabi/lib/thumb/v7e-m/nofp\libstdc++_nano.a(si_class_type_info.o)
                0x0800f1ec                __cxxabiv1::__si_class_type_info::__do_dyncast(int, __cxxabiv1::__class_type_info::__sub_kind, __cxxabiv1::__class_type_info const*, void const*, __cxxabiv1::__class_type_info const*, void const*, __cxxabiv1::__class_type_info::__dyncast_result&) const
 .text._ZNK10__cxxabiv120__si_class_type_info11__do_upcastEPKNS_17__class_type_infoEPKvRNS1_15__upcast_resultE
                0x0800f260       0x2a d:/robomaster/gcc-arm-none-eabi-10.3-2021.10/bin/../lib/gcc/arm-none-eabi/10.3.1/../../../../arm-none-eabi/lib/thumb/v7e-m/nofp\libstdc++_nano.a(si_class_type_info.o)
                0x0800f260                __cxxabiv1::__si_class_type_info::__do_upcast(__cxxabiv1::__class_type_info const*, void const*, __cxxabiv1::__class_type_info::__upcast_result&) const
 .text._ZNSt9type_infoD2Ev
                0x0800f28a        0x2 d:/robomaster/gcc-arm-none-eabi-10.3-2021.10/bin/../lib/gcc/arm-none-eabi/10.3.1/../../../../arm-none-eabi/lib/thumb/v7e-m/nofp\libstdc++_nano.a(tinfo.o)
                0x0800f28a                std::type_info::~type_info()
                0x0800f28a                std::type_info::~type_info()
 .text._ZNKSt9type_info14__is_pointer_pEv
                0x0800f28c        0x4 d:/robomaster/gcc-arm-none-eabi-10.3-2021.10/bin/../lib/gcc/arm-none-eabi/10.3.1/../../../../arm-none-eabi/lib/thumb/v7e-m/nofp\libstdc++_nano.a(tinfo.o)
                0x0800f28c                std::type_info::__is_pointer_p() const
                0x0800f28c                std::type_info::__is_function_p() const
 .text._ZNKSt9type_infoeqERKS_
                0x0800f290       0x2c d:/robomaster/gcc-arm-none-eabi-10.3-2021.10/bin/../lib/gcc/arm-none-eabi/10.3.1/../../../../arm-none-eabi/lib/thumb/v7e-m/nofp\libstdc++_nano.a(tinfo.o)