Component: ARM Compiler 6.12 Tool: armlink [5d624300]

==============================================================================

Section Cross References

    startup_stm32f407xx.o(RESET) refers to startup_stm32f407xx.o(STACK) for __initial_sp
    startup_stm32f407xx.o(RESET) refers to startup_stm32f407xx.o(.text) for Reset_Handler
    startup_stm32f407xx.o(RESET) refers to lto-llvm-937a90.o(.text.NMI_Handler) for NMI_Handler
    startup_stm32f407xx.o(RESET) refers to lto-llvm-937a90.o(.text.HardFault_Handler) for HardFault_Handler
    startup_stm32f407xx.o(RESET) refers to lto-llvm-937a90.o(.text.MemManage_Handler) for MemManage_Handler
    startup_stm32f407xx.o(RESET) refers to lto-llvm-937a90.o(.text.BusFault_Handler) for BusFault_Handler
    startup_stm32f407xx.o(RESET) refers to lto-llvm-937a90.o(.text.UsageFault_Handler) for UsageFault_Handler
    startup_stm32f407xx.o(RESET) refers to lto-llvm-937a90.o(.text.SVC_Handler) for SVC_Handler
    startup_stm32f407xx.o(RESET) refers to lto-llvm-937a90.o(.text.DebugMon_Handler) for DebugMon_Handler
    startup_stm32f407xx.o(RESET) refers to lto-llvm-937a90.o(.text.PendSV_Handler) for PendSV_Handler
    startup_stm32f407xx.o(RESET) refers to lto-llvm-937a90.o(.text.SysTick_Handler) for SysTick_Handler
    startup_stm32f407xx.o(RESET) refers to lto-llvm-937a90.o(.text.EXTI0_IRQHandler) for EXTI0_IRQHandler
    startup_stm32f407xx.o(RESET) refers to lto-llvm-937a90.o(.text.EXTI3_IRQHandler) for EXTI3_IRQHandler
    startup_stm32f407xx.o(RESET) refers to lto-llvm-937a90.o(.text.DMA1_Stream1_IRQHandler) for DMA1_Stream1_IRQHandler
    startup_stm32f407xx.o(RESET) refers to lto-llvm-937a90.o(.text.CAN1_RX0_IRQHandler) for CAN1_RX0_IRQHandler
    startup_stm32f407xx.o(RESET) refers to lto-llvm-937a90.o(.text.TIM1_UP_TIM10_IRQHandler) for TIM1_UP_TIM10_IRQHandler
    startup_stm32f407xx.o(RESET) refers to lto-llvm-937a90.o(.text.USART1_IRQHandler) for USART1_IRQHandler
    startup_stm32f407xx.o(RESET) refers to lto-llvm-937a90.o(.text.USART3_IRQHandler) for USART3_IRQHandler
    startup_stm32f407xx.o(RESET) refers to lto-llvm-937a90.o(.text.DMA2_Stream2_IRQHandler) for DMA2_Stream2_IRQHandler
    startup_stm32f407xx.o(RESET) refers to lto-llvm-937a90.o(.text.CAN2_RX0_IRQHandler) for CAN2_RX0_IRQHandler
    startup_stm32f407xx.o(RESET) refers to lto-llvm-937a90.o(.text.OTG_FS_IRQHandler) for OTG_FS_IRQHandler
    startup_stm32f407xx.o(RESET) refers to lto-llvm-937a90.o(.text.DMA2_Stream7_IRQHandler) for DMA2_Stream7_IRQHandler
    startup_stm32f407xx.o(RESET) refers to lto-llvm-937a90.o(.text.USART6_IRQHandler) for USART6_IRQHandler
    startup_stm32f407xx.o(.text) refers to lto-llvm-937a90.o(.text.SystemInit) for SystemInit
    startup_stm32f407xx.o(.text) refers to entry.o(.ARM.Collect$$$$00000000) for __main
    cxa_virtual.cpp.o(.text.__cxa_pure_virtual) refers to abort_message.cpp.o(.text.abort_message) for abort_message
    cxa_virtual.cpp.o(.ARM.exidx.text.__cxa_pure_virtual) refers to cxa_virtual.cpp.o(.text.__cxa_pure_virtual) for [Anonymous Symbol]
    cxa_virtual.cpp.o(.text.__cxa_deleted_virtual) refers to abort_message.cpp.o(.text.abort_message) for abort_message
    cxa_virtual.cpp.o(.ARM.exidx.text.__cxa_deleted_virtual) refers to cxa_virtual.cpp.o(.text.__cxa_deleted_virtual) for [Anonymous Symbol]
    log2.o(i.__hardfp_log2) refers (Special) to iusefp.o(.text) for __I$use$fp
    log2.o(i.__hardfp_log2) refers to cdcmple.o(.text) for __aeabi_cdcmpeq
    log2.o(i.__hardfp_log2) refers to dunder.o(i.__mathlib_dbl_infnan) for __mathlib_dbl_infnan
    log2.o(i.__hardfp_log2) refers to errno.o(i.__set_errno) for __set_errno
    log2.o(i.__hardfp_log2) refers to dunder.o(i.__mathlib_dbl_invalid) for __mathlib_dbl_invalid
    log2.o(i.__hardfp_log2) refers to frexp.o(i.frexp) for frexp
    log2.o(i.__hardfp_log2) refers to dmul.o(.text) for __aeabi_dmul
    log2.o(i.__hardfp_log2) refers to log.o(i.log) for log
    log2.o(i.__hardfp_log2) refers to ddiv.o(.text) for __aeabi_ddiv
    log2.o(i.__hardfp_log2) refers to dflti.o(.text) for __aeabi_i2d
    log2.o(i.__hardfp_log2) refers to dadd.o(.text) for __aeabi_dadd
    log2.o(i.log2) refers (Special) to iusefp.o(.text) for __I$use$fp
    log2.o(i.log2) refers to cdcmple.o(.text) for __aeabi_cdcmpeq
    log2.o(i.log2) refers to dunder.o(i.__mathlib_dbl_infnan) for __mathlib_dbl_infnan
    log2.o(i.log2) refers to errno.o(i.__set_errno) for __set_errno
    log2.o(i.log2) refers to dunder.o(i.__mathlib_dbl_invalid) for __mathlib_dbl_invalid
    log2.o(i.log2) refers to frexp.o(i.frexp) for frexp
    log2.o(i.log2) refers to dmul.o(.text) for __aeabi_dmul
    log2.o(i.log2) refers to log.o(i.log) for log
    log2.o(i.log2) refers to ddiv.o(.text) for __aeabi_ddiv
    log2.o(i.log2) refers to dflti.o(.text) for __aeabi_i2d
    log2.o(i.log2) refers to dadd.o(.text) for __aeabi_dadd
    log2_x.o(i.____hardfp_log2$lsc) refers (Special) to iusefp.o(.text) for __I$use$fp
[...]
    hadc1                                    0x20001dec   Data          72  lto-llvm-937a90.o(.bss.hadc1)
    [Anonymous Symbol]                       0x20001dec   Section        0  lto-llvm-937a90.o(.bss.hadc1)
    hadc3                                    0x20001e34   Data          72  lto-llvm-937a90.o(.bss.hadc3)
    [Anonymous Symbol]                       0x20001e34   Section        0  lto-llvm-937a90.o(.bss.hadc3)
    hcan1                                    0x20001e7c   Data          40  lto-llvm-937a90.o(.bss.hcan1)
    [Anonymous Symbol]                       0x20001e7c   Section        0  lto-llvm-937a90.o(.bss.hcan1)
    hcan2                                    0x20001ea4   Data          40  lto-llvm-937a90.o(.bss.hcan2)
    [Anonymous Symbol]                       0x20001ea4   Section        0  lto-llvm-937a90.o(.bss.hcan2)
    hdma_usart1_rx                           0x20001ecc   Data          96  lto-llvm-937a90.o(.bss.hdma_usart1_rx)
    [Anonymous Symbol]                       0x20001ecc   Section        0  lto-llvm-937a90.o(.bss.hdma_usart1_rx)
    hdma_usart1_tx                           0x20001f2c   Data          96  lto-llvm-937a90.o(.bss.hdma_usart1_tx)
    [Anonymous Symbol]                       0x20001f2c   Section        0  lto-llvm-937a90.o(.bss.hdma_usart1_tx)
    hdma_usart3_rx                           0x20001f8c   Data          96  lto-llvm-937a90.o(.bss.hdma_usart3_rx)
    [Anonymous Symbol]                       0x20001f8c   Section        0  lto-llvm-937a90.o(.bss.hdma_usart3_rx)
    hi2c3                                    0x20001fec   Data          84  lto-llvm-937a90.o(.bss.hi2c3)
    [Anonymous Symbol]                       0x20001fec   Section        0  lto-llvm-937a90.o(.bss.hi2c3)
    hiwdg                                    0x20002040   Data          12  lto-llvm-937a90.o(.bss.hiwdg)
    [Anonymous Symbol]                       0x20002040   Section        0  lto-llvm-937a90.o(.bss.hiwdg)
    hpcd_USB_OTG_FS                          0x2000204c   Data        1032  lto-llvm-937a90.o(.bss.hpcd_USB_OTG_FS)
    [Anonymous Symbol]                       0x2000204c   Section        0  lto-llvm-937a90.o(.bss.hpcd_USB_OTG_FS)
    hspi1                                    0x20002454   Data          88  lto-llvm-937a90.o(.bss.hspi1)
    [Anonymous Symbol]                       0x20002454   Section        0  lto-llvm-937a90.o(.bss.hspi1)
    hspi2                                    0x200024ac   Data          88  lto-llvm-937a90.o(.bss.hspi2)
    [Anonymous Symbol]                       0x200024ac   Section        0  lto-llvm-937a90.o(.bss.hspi2)
    htim1                                    0x20002504   Data          64  lto-llvm-937a90.o(.bss.htim1)
    [Anonymous Symbol]                       0x20002504   Section        0  lto-llvm-937a90.o(.bss.htim1)
    htim10                                   0x20002544   Data          64  lto-llvm-937a90.o(.bss.htim10)
    [Anonymous Symbol]                       0x20002544   Section        0  lto-llvm-937a90.o(.bss.htim10)
    htim4                                    0x20002584   Data          64  lto-llvm-937a90.o(.bss.htim4)
    [Anonymous Symbol]                       0x20002584   Section        0  lto-llvm-937a90.o(.bss.htim4)
    htim5                                    0x200025c4   Data          64  lto-llvm-937a90.o(.bss.htim5)
    [Anonymous Symbol]                       0x200025c4   Section        0  lto-llvm-937a90.o(.bss.htim5)
    htim8                                    0x20002604   Data          64  lto-llvm-937a90.o(.bss.htim8)
    [Anonymous Symbol]                       0x20002604   Section        0  lto-llvm-937a90.o(.bss.htim8)
    huart1                                   0x20002644   Data          64  lto-llvm-937a90.o(.bss.huart1)
    [Anonymous Symbol]                       0x20002644   Section        0  lto-llvm-937a90.o(.bss.huart1)
    huart3                                   0x20002684   Data          64  lto-llvm-937a90.o(.bss.huart3)
    [Anonymous Symbol]                       0x20002684   Section        0  lto-llvm-937a90.o(.bss.huart3)
    huart6                                   0x200026c4   Data          64  lto-llvm-937a90.o(.bss.huart6)
    [Anonymous Symbol]                       0x200026c4   Section        0  lto-llvm-937a90.o(.bss.huart6)
    init_Flag                                0x20002704   Data           1  lto-llvm-937a90.o(.bss.init_Flag)
    [Anonymous Symbol]                       0x20002704   Section        0  lto-llvm-937a90.o(.bss.init_Flag)
    key_last_stamp                           0x20002708   Data           4  lto-llvm-937a90.o(.bss.key_last_stamp)
    [Anonymous Symbol]                       0x20002708   Section        0  lto-llvm-937a90.o(.bss.key_last_stamp)
    period                                   0x2000270c   Data           1  lto-llvm-937a90.o(.bss.period)
    [Anonymous Symbol]                       0x2000270c   Section        0  lto-llvm-937a90.o(.bss.period)
    uwTick                                   0x20002710   Data           4  lto-llvm-937a90.o(.bss.uwTick)
    [Anonymous Symbol]                       0x20002710   Section        0  lto-llvm-937a90.o(.bss.uwTick)
    vccBat                                   0x20002714   Data           4  lto-llvm-937a90.o(.bss.vccBat)
    [Anonymous Symbol]                       0x20002714   Section        0  lto-llvm-937a90.o(.bss.vccBat)
    vccMoni                                  0x20002718   Data           4  lto-llvm-937a90.o(.bss.vccMoni)
    [Anonymous Symbol]                       0x20002718   Section        0  lto-llvm-937a90.o(.bss.vccMoni)
    HEAP                                     0x20002720   Section     4096  startup_stm32f407xx.o(HEAP)
    STACK                                    0x20003720   Section     2048  startup_stm32f407xx.o(STACK)

    Global Symbols

    Symbol Name                              Value     Ov Type        Size  Object(Section)

    BuildAttributes$$THM_ISAv4$E$P$D$K$B$S$7EM$VFPi3$EXTD16$VFPS$VFMA$PE$A:L22UL41UL21$X:L11$S22US41US21$IEEE1$IW$~IW$USESV6$~STKCKD$USESV7$~SHL$OTIME$ROPI$IEEEX$EBA8$MICROLIB$REQ8$PRES8$EABIv2 0x00000000   Number         0  anon$$obj.o ABSOLUTE
    _clock_init                               - Undefined Weak Reference
    _microlib_exit                            - Undefined Weak Reference
    __Vectors_Size                           0x00000188   Number         0  startup_stm32f407xx.o ABSOLUTE
    __Vectors                                0x08000000   Data           4  startup_stm32f407xx.o(RESET)
    __dso_handle                             0x08000000   Number         0  startup_stm32f407xx.o(RESET)
    __Vectors_End                            0x08000188   Data           0  startup_stm32f407xx.o(RESET)
    __main                                   0x08000189   Thumb Code     0  entry.o(.ARM.Collect$$$$00000000)
    _main_stk                                0x08000189   Thumb Code     0  entry2.o(.ARM.Collect$$$$00000001)
    _main_scatterload                        0x0800018d   Thumb Code     0  entry5.o(.ARM.Collect$$$$00000004)
    __main_after_scatterload                 0x08000191   Thumb Code     0  entry5.o(.ARM.Collect$$$$00000004)
    _main_clock                              0x08000191   Thumb Code     0  entry7b.o(.ARM.Collect$$$$00000008)
    _main_cpp_init$empty                     0x08000191   Thumb Code     0  entry8a.o(.ARM.Collect$$$$00000009)
    _main_cpp_init                           0x08000195   Thumb Code     0  entry8b.o(.ARM.Collect$$$$0000000A)
    _main_init                               0x08000195   Thumb Code     0  entry9a.o(.ARM.Collect$$$$0000000B)
    __rt_final_cpp                           0x0800019d   Thumb Code     0  entry10a.o(.ARM.Collect$$$$0000000D)
    __rt_final_cpp$nonempty                  0x0800019d   Thumb Code     0  entry10b.o(.ARM.Collect$$$$0000000E)
    __rt_final_exit                          0x080001a1   Thumb Code     0  entry11a.o(.ARM.Collect$$$$0000000F)
    Reset_Handler                            0x080001a5   Thumb Code     8  startup_stm32f407xx.o(.text)
    ADC_IRQHandler                           0x080001bf   Thumb Code     0  startup_stm32f407xx.o(.text)
    CAN1_RX1_IRQHandler                      0x080001bf   Thumb Code     0  startup_stm32f407xx.o(.text)
    CAN1_SCE_IRQHandler                      0x080001bf   Thumb Code     0  startup_stm32f407xx.o(.text)
    CAN1_TX_IRQHandler                       0x080001bf   Thumb Code     0  startup_stm32f407xx.o(.text)
    CAN2_RX1_IRQHandler                      0x080001bf   Thumb Code     0  startup_stm32f407xx.o(.text)
    CAN2_SCE_IRQHandler                      0x080001bf   Thumb Code     0  startup_stm32f407xx.o(.text)
    CAN2_TX_IRQHandler                       0x080001bf   Thumb Code     0  startup_stm32f407xx.o(.text)
    DCMI_IRQHandler                          0x080001bf   Thumb Code     0  startup_stm32f407xx.o(.text)
    DMA1_Stream0_IRQHandler                  0x080001bf   Thumb Code     0  startup_stm32f407xx.o(.text)
    DMA1_Stream2_IRQHandler                  0x080001bf   Thumb Code     0  startup_stm32f407xx.o(.text)
    DMA1_Stream3_IRQHandler                  0x080001bf   Thumb Code     0  startup_stm32f407xx.o(.text)
    DMA1_Stream4_IRQHandler                  0x080001bf   Thumb Code     0  startup_stm32f407xx.o(.text)
    DMA1_Stream5_IRQHandler                  0x080001bf   Thumb Code     0  startup_stm32f407xx.o(.text)
    DMA1_Stream6_IRQHandler                  0x080001bf   Thumb Code     0  startup_stm32f407xx.o(.text)
    DMA1_Stream7_IRQHandler                  0x080001bf   Thumb Code     0  startup_stm32f407xx.o(.text)
    DMA2_Stream0_IRQHandler                  0x080001bf   Thumb Code     0  startup_stm32f407xx.o(.text)
    DMA2_Stream1_IRQHandler                  0x080001bf   Thumb Code     0  startup_stm32f407xx.o(.text)
    DMA2_Stream3_IRQHandler                  0x080001bf   Thumb Code     0  startup_stm32f407xx.o(.text)
    DMA2_Stream4_IRQHandler                  0x080001bf   Thumb Code     0  startup_stm32f407xx.o(.text)
    DMA2_Stream5_IRQHandler                  0x080001bf   Thumb Code     0  startup_stm32f407xx.o(.text)
    DMA2_Stream6_IRQHandler                  0x080001bf   Thumb Code     0  startup_stm32f407xx.o(.text)
    ETH_IRQHandler                           0x080001bf   Thumb Code     0  startup_stm32f407xx.o(.text)
    ETH_WKUP_IRQHandler                      0x080001bf   Thumb Code     0  startup_stm32f407xx.o(.text)
    EXTI15_10_IRQHandler                     0x080001bf   Thumb Code     0  startup_stm32f407xx.o(.text)
    EXTI1_IRQHandler                         0x080001bf   Thumb Code     0  startup_stm32f407xx.o(.text)
    EXTI2_IRQHandler                         0x080001bf   Thumb Code     0  startup_stm32f407xx.o(.text)
    EXTI4_IRQHandler                         0x080001bf   Thumb Code     0  startup_stm32f407xx.o(.text)
    EXTI9_5_IRQHandler                       0x080001bf   Thumb Code     0  startup_stm32f407xx.o(.text)
    FLASH_IRQHandler                         0x080001bf   Thumb Code     0  startup_stm32f407xx.o(.text)
    FMC_IRQHandler                           0x080001bf   Thumb Code     0  startup_stm32f407xx.o(.text)
    FPU_IRQHandler                           0x080001bf   Thumb Code     0  startup_stm32f407xx.o(.text)
    HASH_RNG_IRQHandler                      0x080001bf   Thumb Code     0  startup_stm32f407xx.o(.text)
    I2C1_ER_IRQHandler                       0x080001bf   Thumb Code     0  startup_stm32f407xx.o(.text)
    I2C1_EV_IRQHandler                       0x080001bf   Thumb Code     0  startup_stm32f407xx.o(.text)
    I2C2_ER_IRQHandler                       0x080001bf   Thumb Code     0  startup_stm32f407xx.o(.text)
    I2C2_EV_IRQHandler                       0x080001bf   Thumb Code     0  startup_stm32f407xx.o(.text)
    I2C3_ER_IRQHandler                       0x080001bf   Thumb Code     0  startup_stm32f407xx.o(.text)
    I2C3_EV_IRQHandler                       0x080001bf   Thumb Code     0  startup_stm32f407xx.o(.text)
    OTG_FS_WKUP_IRQHandler                   0x080001bf   Thumb Code     0  startup_stm32f407xx.o(.text)
    OTG_HS_EP1_IN_IRQHandler                 0x080001bf   Thumb Code     0  startup_stm32f407xx.o(.text)
    OTG_HS_EP1_OUT_IRQHandler                0x080001bf   Thumb Code     0  startup_stm32f407xx.o(.text)
    OTG_HS_IRQHandler                        0x080001bf   Thumb Code     0  startup_stm32f407xx.o(.text)
    OTG_HS_WKUP_IRQHandler                   0x080001bf   Thumb Code     0  startup_stm32f407xx.o(.text)
    PVD_IRQHandler                           0x080001bf   Thumb Code     0  startup_stm32f407xx.o(.text)
    RCC_IRQHandler                           0x080001bf   Thumb Code     0  startup_stm32f407xx.o(.text)
    RTC_Alarm_IRQHandler                     0x080001bf   Thumb Code     0  startup_stm32f407xx.o(.text)
    RTC_WKUP_IRQHandler                      0x080001bf   Thumb Code     0  startup_stm32f407xx.o(.text)
    SDIO_IRQHandler                          0x080001bf   Thumb Code     0  startup_stm32f407xx.o(.text)
    SPI1_IRQHandler                          0x080001bf   Thumb Code     0  startup_stm32f407xx.o(.text)
    SPI2_IRQHandler                          0x080001bf   Thumb Code     0  startup_stm32f407xx.o(.text)
    SPI3_IRQHandler                          0x080001bf   Thumb Code     0  startup_stm32f407xx.o(.text)
    TAMP_STAMP_IRQHandler                    0x080001bf   Thumb Code     0  startup_stm32f407xx.o(.text)
    TIM1_BRK_TIM9_IRQHandler                 0x080001bf   Thumb Code     0  startup_stm32f407xx.o(.text)
    TIM1_CC_IRQHandler                       0x080001bf   Thumb Code     0  startup_stm32f407xx.o(.text)
    TIM1_TRG_COM_TIM11_IRQHandler            0x080001bf   Thumb Code     0  startup_stm32f407xx.o(.text)
    TIM2_IRQHandler                          0x080001bf   Thumb Code     0  startup_stm32f407xx.o(.text)
    TIM3_IRQHandler                          0x080001bf   Thumb Code     0  startup_stm32f407xx.o(.text)
    TIM4_IRQHandler                          0x080001bf   Thumb Code     0  startup_stm32f407xx.o(.text)
    TIM5_IRQHandler                          0x080001bf   Thumb Code     0  startup_stm32f407xx.o(.text)
    TIM6_DAC_IRQHandler                      0x080001bf   Thumb Code     0  startup_stm32f407xx.o(.text)
    TIM7_IRQHandler                          0x080001bf   Thumb Code     0  startup_stm32f407xx.o(.text)
    TIM8_BRK_TIM12_IRQHandler                0x080001bf   Thumb Code     0  startup_stm32f407xx.o(.text)
    TIM8_CC_IRQHandler                       0x080001bf   Thumb Code     0  startup_stm32f407xx.o(.text)
    TIM8_TRG_COM_TIM14_IRQHandler            0x080001bf   Thumb Code     0  startup_stm32f407xx.o(.text)
    TIM8_UP_TIM13_IRQHandler                 0x080001bf   Thumb Code     0  startup_stm32f407xx.o(.text)
    UART4_IRQHandler                         0x080001bf   Thumb Code     0  startup_stm32f407xx.o(.text)
    UART5_IRQHandler                         0x080001bf   Thumb Code     0  startup_stm32f407xx.o(.text)
    USART2_IRQHandler                        0x080001bf   Thumb Code     0  startup_stm32f407xx.o(.text)
    WWDG_IRQHandler                          0x080001bf   Thumb Code     0  startup_stm32f407xx.o(.text)
    __cxa_atexit                             0x080001c9   Thumb Code    10  cxa_atexit.o(.text)
    __aeabi_uldivmod                         0x080001d3   Thumb Code    98  uldiv.o(.text)
    __aeabi_memcpy                           0x08000235   Thumb Code    36  memcpya.o(.text)
    __aeabi_memcpy4                          0x08000235   Thumb Code     0  memcpya.o(.text)
    __aeabi_memcpy8                          0x08000235   Thumb Code     0  memcpya.o(.text)
    __I$use$fp                               0x08000259   Thumb Code     0  iusefp.o(.text)
    __aeabi_atexit                           0x08000259   Thumb Code    46  aeabi_atexit.o(.text)
    __aeabi_dadd                             0x08000287   Thumb Code   322  dadd.o(.text)
    __aeabi_dsub                             0x080003c9   Thumb Code     6  dadd.o(.text)
    __aeabi_drsub                            0x080003cf   Thumb Code     6  dadd.o(.text)
    __aeabi_dmul                             0x080003d5   Thumb Code   228  dmul.o(.text)
    __aeabi_ddiv                             0x080004b9   Thumb Code   222  ddiv.o(.text)
    __aeabi_i2d                              0x08000597   Thumb Code    34  dflti.o(.text)
    __aeabi_cdcmpeq                          0x080005b9   Thumb Code     0  cdcmple.o(.text)
    __aeabi_cdcmple                          0x080005b9   Thumb Code    48  cdcmple.o(.text)
    __scatterload                            0x080005e9   Thumb Code    28  init.o(.text)
    __scatterload_rt2                        0x080005e9   Thumb Code     0  init.o(.text)
    __aeabi_llsl                             0x0800060d   Thumb Code    30  llshl.o(.text)
    _ll_shift_l                              0x0800060d   Thumb Code     0  llshl.o(.text)
    __aeabi_llsr                             0x0800062b   Thumb Code    32  llushr.o(.text)
    _ll_ushift_r                             0x0800062b   Thumb Code     0  llushr.o(.text)
    __aeabi_lasr                             0x0800064b   Thumb Code    36  llsshr.o(.text)
    _ll_sshift_r                             0x0800064b   Thumb Code     0  llsshr.o(.text)
    __rt_ddtor_pointer_addr                  0x08000671   Thumb Code     4  cpp_dtor.o(.text)
    __cxa_finalize                           0x08000679   Thumb Code    66  cxa_finalize.o(.text)
    _double_round                            0x080006bb   Thumb Code    30  depilogue.o(.text)
    _double_epilogue                         0x080006d9   Thumb Code   156  depilogue.o(.text)
    __rt_lib_shutdown_cpp_2                  0x08000775   Thumb Code     2  cpp_final.o(.text)
    __aeabi_memset                           0x08000777   Thumb Code    14  memseta.o(.text)
    __aeabi_memset4                          0x08000777   Thumb Code     0  memseta.o(.text)
    __aeabi_memset8                          0x08000777   Thumb Code     0  memseta.o(.text)
    __aeabi_memclr                           0x08000785   Thumb Code     4  memseta.o(.text)
    __aeabi_memclr4                          0x08000785   Thumb Code     0  memseta.o(.text)
    __aeabi_memclr8                          0x08000785   Thumb Code     0  memseta.o(.text)
    _memset$wrapper                          0x08000789   Thumb Code    18  memseta.o(.text)
    __cpp_initialize__aeabi_                 0x0800079d   Thumb Code    22  cpp_init.o(.text)
    __aeabi_ui2d                             0x080007bd   Thumb Code    26  dfltui.o(.text)
    __aeabi_d2uiz                            0x080007d7   Thumb Code    50  dfixui.o(.text)
    __aeabi_f2d                              0x08000809   Thumb Code    38  f2d.o(.text)
    __aeabi_d2f                              0x0800082f   Thumb Code    56  d2f.o(.text)
    _float_round                             0x08000867   Thumb Code    18  fepilogue.o(.text)
    _float_epilogue                          0x08000879   Thumb Code    92  fepilogue.o(.text)
    __decompress                             0x080008d5   Thumb Code     0  __dczerorl2.o(.text)
    __decompress1                            0x080008d5   Thumb Code    86  __dczerorl2.o(.text)
    BusFault_Handler                         0x08000ab9   Thumb Code     4  lto-llvm-937a90.o(.text.BusFault_Handler)
    CAN1_RX0_IRQHandler                      0x08000abd   Thumb Code    16  lto-llvm-937a90.o(.text.CAN1_RX0_IRQHandler)
    CAN2_RX0_IRQHandler                      0x08000acd   Thumb Code    16  lto-llvm-937a90.o(.text.CAN2_RX0_IRQHandler)
    DMA1_Stream1_IRQHandler                  0x08000b89   Thumb Code    16  lto-llvm-937a90.o(.text.DMA1_Stream1_IRQHandler)
    DMA2_Stream2_IRQHandler                  0x08000b99   Thumb Code    16  lto-llvm-937a90.o(.text.DMA2_Stream2_IRQHandler)
    DMA2_Stream7_IRQHandler                  0x08000ba9   Thumb Code    16  lto-llvm-937a90.o(.text.DMA2_Stream7_IRQHandler)
    DebugMon_Handler                         0x08000cf5   Thumb Code     2  lto-llvm-937a90.o(.text.DebugMon_Handler)
    EXTI0_IRQHandler                         0x08000cf9   Thumb Code    10  lto-llvm-937a90.o(.text.EXTI0_IRQHandler)
    EXTI3_IRQHandler                         0x08000d05   Thumb Code    10  lto-llvm-937a90.o(.text.EXTI3_IRQHandler)
    HardFault_Handler                        0x080060a5   Thumb Code     4  lto-llvm-937a90.o(.text.HardFault_Handler)
    MemManage_Handler                        0x08006c49   Thumb Code     4  lto-llvm-937a90.o(.text.MemManage_Handler)
    NMI_Handler                              0x08006c4d   Thumb Code     2  lto-llvm-937a90.o(.text.NMI_Handler)
    OTG_FS_IRQHandler                        0x08006cb5   Thumb Code     8  lto-llvm-937a90.o(.text.OTG_FS_IRQHandler)
    PendSV_Handler                           0x08007075   Thumb Code     2  lto-llvm-937a90.o(.text.PendSV_Handler)
    SVC_Handler                              0x08007079   Thumb Code     2  lto-llvm-937a90.o(.text.SVC_Handler)
    SysTick_Handler                          0x080070d1   Thumb Code     8  lto-llvm-937a90.o(.text.SysTick_Handler)
    SystemInit                               0x08007199   Thumb Code   110  lto-llvm-937a90.o(.text.SystemInit)
    TIM1_UP_TIM10_IRQHandler                 0x08007209   Thumb Code    28  lto-llvm-937a90.o(.text.TIM1_UP_TIM10_IRQHandler)
    USART1_IRQHandler                        0x08007c59   Thumb Code    16  lto-llvm-937a90.o(.text.USART1_IRQHandler)
    USART3_IRQHandler                        0x08007c69   Thumb Code     8  lto-llvm-937a90.o(.text.USART3_IRQHandler)
    USART6_IRQHandler                        0x08007c71   Thumb Code    16  lto-llvm-937a90.o(.text.USART6_IRQHandler)
    UsageFault_Handler                       0x0800a8f5   Thumb Code     4  lto-llvm-937a90.o(.text.UsageFault_Handler)
    __cxa_pure_virtual                       0x0800bcc9   Thumb Code    40  cxa_virtual.cpp.o(.text.__cxa_pure_virtual)
    abort_message                            0x0800bdf3   Thumb Code     4  abort_message.cpp.o(.text.abort_message)
    main                                     0x0800bdf9   Thumb Code   168  lto-llvm-937a90.o(.text.main)
    __hardfp_log                             0x0800bea1   Thumb Code   872  log.o(i.__hardfp_log)
    __hardfp_log2                            0x0800c269   Thumb Code   220  log2.o(i.__hardfp_log2)
    __kernel_poly                            0x0800c369   Thumb Code   248  poly.o(i.__kernel_poly)
    __mathlib_dbl_divzero                    0x0800c461   Thumb Code    28  dunder.o(i.__mathlib_dbl_divzero)
    __mathlib_dbl_infnan                     0x0800c491   Thumb Code    20  dunder.o(i.__mathlib_dbl_infnan)
    __mathlib_dbl_invalid                    0x0800c4a9   Thumb Code    24  dunder.o(i.__mathlib_dbl_invalid)
    __scatterload_copy                       0x0800c4c9   Thumb Code    14  handlers.o(i.__scatterload_copy)
    __scatterload_null                       0x0800c4d7   Thumb Code     2  handlers.o(i.__scatterload_null)
    __scatterload_zeroinit                   0x0800c4d9   Thumb Code    14  handlers.o(i.__scatterload_zeroinit)
    __set_errno                              0x0800c4e9   Thumb Code     6  errno.o(i.__set_errno)
    free                                     0x0800c4f5   Thumb Code    76  malloc.o(i.free)
    frexp                                    0x0800c549   Thumb Code   118  frexp.o(i.frexp)
    log                                      0x0800c5d5   Thumb Code    16  log.o(i.log)
    malloc                                   0x0800c5e5   Thumb Code    92  malloc.o(i.malloc)
    __mathlib_zero                           0x0800c688   Data           8  qnan.o(.constdata)
    Region$$Table$$Base                      0x0800c714   Number         0  anon$$obj.o(Region$$Table)
    Region$$Table$$Limit                     0x0800c734   Number         0  anon$$obj.o(Region$$Table)
    SHT$$INIT_ARRAY$$Base                    0x0800c734   Number         0  lto-llvm-937a90.o(.init_array)
    SHT$$INIT_ARRAY$$Limit                   0x0800c73c   Number         0  cpp_init.o(.init_array)
    __microlib_freelist                      0x20000000   Data           4  mvars.o(.data)
    __microlib_freelist_initialised          0x20000004   Data           4  mvars.o(.data)
    __heap_base                              0x20002720   Data           0  startup_stm32f407xx.o(HEAP)
    __heap_limit                             0x20003720   Data           0  startup_stm32f407xx.o(HEAP)
    __initial_sp                             0x20003f20   Data           0  startup_stm32f407xx.o(STACK)



==============================================================================

Memory Map of the image

  Image Entry point : 0x08000189

  Load Region LR_IROM1 (Base: 0x08000000, Size: 0x0000c988, Max: 0x00100000, ABSOLUTE, COMPRESSED[0x0000c828])

    Execution Region ER_IROM1 (Exec base: 0x08000000, Load base: 0x08000000, Size: 0x0000c73c, Max: 0x00100000, ABSOLUTE)

    Exec Addr    Load Addr    Size         Type   Attr      Idx    E Section Name        Object

    0x08000000   0x08000000   0x00000188   Data   RO            3    RESET               startup_stm32f407xx.o
    0x08000188   0x08000188   0x00000000   Code   RO           77  * .ARM.Collect$$$$00000000  mc_w.l(entry.o)
    0x08000188   0x08000188   0x00000004   Code   RO          175    .ARM.Collect$$$$00000001  mc_w.l(entry2.o)
    0x0800018c   0x0800018c   0x00000004   Code   RO          178    .ARM.Collect$$$$00000004  mc_w.l(entry5.o)
    0x08000190   0x08000190   0x00000000   Code   RO          180    .ARM.Collect$$$$00000008  mc_w.l(entry7b.o)
    0x08000190   0x08000190   0x00000004   Code   RO          181    .ARM.Collect$$$$00000009  mc_w.l(entry8a.o)
    0x08000194   0x08000194   0x00000000   Code   RO          182    .ARM.Collect$$$$0000000A  mc_w.l(entry8b.o)
    0x08000194   0x08000194   0x00000008   Code   RO          183    .ARM.Collect$$$$0000000B  mc_w.l(entry9a.o)
    0x0800019c   0x0800019c   0x00000000   Code   RO          185    .ARM.Collect$$$$0000000D  mc_w.l(entry10a.o)
    0x0800019c   0x0800019c   0x00000004   Code   RO          186    .ARM.Collect$$$$0000000E  mc_w.l(entry10b.o)
    0x080001a0   0x080001a0   0x00000000   Code   RO          187    .ARM.Collect$$$$0000000F  mc_w.l(entry11a.o)
    0x080001a0   0x080001a0   0x00000004   Code   RO          176    .ARM.Collect$$$$00002712  mc_w.l(entry2.o)
    0x080001a4   0x080001a4   0x00000024   Code   RO            4    .text               startup_stm32f407xx.o
    0x080001c8   0x080001c8   0x0000000a   Code   RO          136    .text               mc_w.l(cxa_atexit.o)
    0x080001d2   0x080001d2   0x00000062   Code   RO          196    .text               mc_w.l(uldiv.o)
    0x08000234   0x08000234   0x00000024   Code   RO          198    .text               mc_w.l(memcpya.o)
    0x08000258   0x08000258   0x00000000   Code   RO          211    .text               mc_w.l(iusefp.o)
    0x08000258   0x08000258   0x0000002e   Code   RO          212    .text               mc_w.l(aeabi_atexit.o)
    0x08000286   0x08000286   0x0000014e   Code   RO          214    .text               mf_w.l(dadd.o)
    0x080003d4   0x080003d4   0x000000e4   Code   RO          216    .text               mf_w.l(dmul.o)
    0x080004b8   0x080004b8   0x000000de   Code   RO          218    .text               mf_w.l(ddiv.o)
    0x08000596   0x08000596   0x00000022   Code   RO          220    .text               mf_w.l(dflti.o)
    0x080005b8   0x080005b8   0x00000030   Code   RO          224    .text               mf_w.l(cdcmple.o)
    0x080005e8   0x080005e8   0x00000024   Code   RO          231    .text               mc_w.l(init.o)
    0x0800060c   0x0800060c   0x0000001e   Code   RO          234    .text               mc_w.l(llshl.o)
    0x0800062a   0x0800062a   0x00000020   Code   RO          236    .text               mc_w.l(llushr.o)
    0x0800064a   0x0800064a   0x00000024   Code   RO          238    .text               mc_w.l(llsshr.o)
    0x0800066e   0x0800066e   0x00000002   PAD
    0x08000670   0x08000670   0x00000008   Code   RO          243    .text               mc_w.l(cpp_dtor.o)
    0x08000678   0x08000678   0x00000042   Code   RO          246    .text               mc_w.l(cxa_finalize.o)
    0x080006ba   0x080006ba   0x000000ba   Code   RO          248    .text               mf_w.l(depilogue.o)
    0x08000774   0x08000774   0x00000002   Code   RO          252    .text               mc_w.l(cpp_final.o)
    0x08000776   0x08000776   0x00000024   Code   RO         1005    .text               mc_w.l(memseta.o)
    0x0800079a   0x0800079a   0x00000002   PAD
    0x0800079c   0x0800079c   0x00000020   Code   RO         1010    .text               mc_w.l(cpp_init.o)
    0x080007bc   0x080007bc   0x0000001a   Code   RO         1012    .text               mf_w.l(dfltui.o)
    0x080007d6   0x080007d6   0x00000032   Code   RO         1014    .text               mf_w.l(dfixui.o)
    0x08000808   0x08000808   0x00000026   Code   RO         1016    .text               mf_w.l(f2d.o)
    0x0800082e   0x0800082e   0x00000038   Code   RO         1018    .text               mf_w.l(d2f.o)
    0x08000866   0x08000866   0x0000006e   Code   RO         1020    .text               mf_w.l(fepilogue.o)
    0x080008d4   0x080008d4   0x00000056   Code   RO         1030    .text               mc_w.l(__dczerorl2.o)
    0x0800092a   0x0800092a   0x00000002   PAD
    0x0800092c   0x0800092c   0x0000018a   Code   RO          541    .text.ADC_Init      lto-llvm-937a90.o
    0x08000ab6   0x08000ab6   0x00000002   PAD
    0x08000ab8   0x08000ab8   0x00000004   Code   RO          281    .text.BusFault_Handler  lto-llvm-937a90.o
    0x08000abc   0x08000abc   0x00000010   Code   RO          299    .text.CAN1_RX0_IRQHandler  lto-llvm-937a90.o
    0x08000acc   0x08000acc   0x00000010   Code   RO          307    .text.CAN2_RX0_IRQHandler  lto-llvm-937a90.o
    0x08000adc   0x08000adc   0x00000056   Code   RO          357    .text.CDC_Control_FS  lto-llvm-937a90.o
    0x08000b32   0x08000b32   0x00000002   PAD
    0x08000b34   0x08000b34   0x00000004   Code   RO          355    .text.CDC_DeInit_FS  lto-llvm-937a90.o
    0x08000b38   0x08000b38   0x0000002c   Code   RO          353    .text.CDC_Init_FS   lto-llvm-937a90.o
    0x08000b64   0x08000b64   0x00000024   Code   RO          359    .text.CDC_Receive_FS  lto-llvm-937a90.o
    0x08000b88   0x08000b88   0x00000010   Code   RO          297    .text.DMA1_Stream1_IRQHandler  lto-llvm-937a90.o
    0x08000b98   0x08000b98   0x00000010   Code   RO          305    .text.DMA2_Stream2_IRQHandler  lto-llvm-937a90.o
    0x08000ba8   0x08000ba8   0x00000010   Code   RO          311    .text.DMA2_Stream7_IRQHandler  lto-llvm-937a90.o
    0x08000bb8   0x08000bb8   0x00000056   Code   RO          503    .text.DMA_CalcBaseAndBitshift  lto-llvm-937a90.o
    0x08000c0e   0x08000c0e   0x00000002   PAD
    0x08000c10   0x08000c10   0x000000e4   Code   RO          501    .text.DMA_CheckFifoParam  lto-llvm-937a90.o
    0x08000cf4   0x08000cf4   0x00000002   Code   RO          287    .text.DebugMon_Handler  lto-llvm-937a90.o
    0x08000cf6   0x08000cf6   0x00000002   PAD
    0x08000cf8   0x08000cf8   0x0000000a   Code   RO          293    .text.EXTI0_IRQHandler  lto-llvm-937a90.o
    0x08000d02   0x08000d02   0x00000002   PAD
    0x08000d04   0x08000d04   0x0000000a   Code   RO          295    .text.EXTI3_IRQHandler  lto-llvm-937a90.o
    0x08000d0e   0x08000d0e   0x00000002   PAD
    0x08000d10   0x08000d10   0x0000005a   Code   RO          423    .text.Get_SerialNum  lto-llvm-937a90.o
    0x08000d6a   0x08000d6a   0x00000002   PAD
    0x08000d6c   0x08000d6c   0x0000021c   Code   RO          551    .text.HAL_ADC_ConfigChannel  lto-llvm-937a90.o
    0x08000f88   0x08000f88   0x0000000e   Code   RO          549    .text.HAL_ADC_GetValue  lto-llvm-937a90.o
    0x08000f96   0x08000f96   0x00000002   PAD
    0x08000f98   0x08000f98   0x000000a8   Code   RO          539    .text.HAL_ADC_Init  lto-llvm-937a90.o
    0x08001040   0x08001040   0x000000c2   Code   RO          321    .text.HAL_ADC_MspInit  lto-llvm-937a90.o
    0x08001102   0x08001102   0x00000002   PAD
    0x08001104   0x08001104   0x00000116   Code   RO          547    .text.HAL_ADC_PollForConversion  lto-llvm-937a90.o
    0x0800121a   0x0800121a   0x00000002   PAD
    0x0800121c   0x0800121c   0x000001b6   Code   RO          543    .text.HAL_ADC_Start  lto-llvm-937a90.o
    0x080013d2   0x080013d2   0x00000002   PAD
    0x080013d4   0x080013d4   0x00000070   Code   RO          545    .text.HAL_ADC_Stop  lto-llvm-937a90.o
    0x08001444   0x08001444   0x00000050   Code   RO          585    .text.HAL_CAN_ActivateNotification  lto-llvm-937a90.o
    0x08001494   0x08001494   0x00000170   Code   RO          581    .text.HAL_CAN_AddTxMessage  lto-llvm-937a90.o
    0x08001604   0x08001604   0x000001aa   Code   RO          577    .text.HAL_CAN_ConfigFilter  lto-llvm-937a90.o
    0x080017ae   0x080017ae   0x00000002   PAD
    0x080017b0   0x080017b0   0x00000008   Code   RO          611    .text.HAL_CAN_ErrorCallback  lto-llvm-937a90.o
    0x080017b8   0x080017b8   0x000001ee   Code   RO          583    .text.HAL_CAN_GetRxMessage  lto-llvm-937a90.o
    0x080019a6   0x080019a6   0x00000002   PAD
    0x080019a8   0x080019a8   0x000003e2   Code   RO          587    .text.HAL_CAN_IRQHandler  lto-llvm-937a90.o
    0x08001d8a   0x08001d8a   0x00000002   PAD
    0x08001d8c   0x08001d8c   0x000001da   Code   RO          575    .text.HAL_CAN_Init  lto-llvm-937a90.o
    0x08001f66   0x08001f66   0x00000002   PAD
    0x08001f68   0x08001f68   0x00000178   Code   RO          337    .text.HAL_CAN_MspInit  lto-llvm-937a90.o
    0x080020e0   0x080020e0   0x00000008   Code   RO          601    .text.HAL_CAN_RxFifo0FullCallback  lto-llvm-937a90.o
    0x080020e8   0x080020e8   0x00000010   Code   RO          893    .text.HAL_CAN_RxFifo0MsgPendingCallback  lto-llvm-937a90.o
    0x080020f8   0x080020f8   0x00000008   Code   RO          603    .text.HAL_CAN_RxFifo1FullCallback  lto-llvm-937a90.o
    0x08002100   0x08002100   0x00000008   Code   RO          605    .text.HAL_CAN_RxFifo1MsgPendingCallback  lto-llvm-937a90.o
    0x08002108   0x08002108   0x00000008   Code   RO          607    .text.HAL_CAN_SleepCallback  lto-llvm-937a90.o
    0x08002110   0x08002110   0x00000086   Code   RO          579    .text.HAL_CAN_Start  lto-llvm-937a90.o
    0x08002196   0x08002196   0x00000002   PAD
    0x08002198   0x08002198   0x00000008   Code   RO          591    .text.HAL_CAN_TxMailbox0AbortCallback  lto-llvm-937a90.o
    0x080021a0   0x080021a0   0x00000008   Code   RO          589    .text.HAL_CAN_TxMailbox0CompleteCallback  lto-llvm-937a90.o
    0x080021a8   0x080021a8   0x00000008   Code   RO          595    .text.HAL_CAN_TxMailbox1AbortCallback  lto-llvm-937a90.o
    0x080021b0   0x080021b0   0x00000008   Code   RO          593    .text.HAL_CAN_TxMailbox1CompleteCallback  lto-llvm-937a90.o
    0x080021b8   0x080021b8   0x00000008   Code   RO          599    .text.HAL_CAN_TxMailbox2AbortCallback  lto-llvm-937a90.o
    0x080021c0   0x080021c0   0x00000008   Code   RO          597    .text.HAL_CAN_TxMailbox2CompleteCallback  lto-llvm-937a90.o
    0x080021c8   0x080021c8   0x00000008   Code   RO          609    .text.HAL_CAN_WakeUpFromRxMsgCallback  lto-llvm-937a90.o
    0x080021d0   0x080021d0   0x00000044   Code   RO          505    .text.HAL_DMA_Abort_IT  lto-llvm-937a90.o
    0x08002214   0x08002214   0x00000338   Code   RO          507    .text.HAL_DMA_IRQHandler  lto-llvm-937a90.o
    0x0800254c   0x0800254c   0x0000016e   Code   RO          499    .text.HAL_DMA_Init  lto-llvm-937a90.o
    0x080026ba   0x080026ba   0x00000002   PAD
    0x080026bc   0x080026bc   0x00000038   Code   RO          537    .text.HAL_Delay     lto-llvm-937a90.o
    0x080026f4   0x080026f4   0x00000084   Code   RO          863    .text.HAL_GPIO_EXTI_Callback  lto-llvm-937a90.o
    0x08002778   0x08002778   0x00000038   Code   RO          497    .text.HAL_GPIO_EXTI_IRQHandler  lto-llvm-937a90.o
    0x080027b0   0x080027b0   0x0000039a   Code   RO          491    .text.HAL_GPIO_Init  lto-llvm-937a90.o
    0x08002b4a   0x08002b4a   0x00000002   PAD
    0x08002b4c   0x08002b4c   0x00000036   Code   RO          493    .text.HAL_GPIO_ReadPin  lto-llvm-937a90.o
    0x08002b82   0x08002b82   0x00000002   PAD
    0x08002b84   0x08002b84   0x00000030   Code   RO          495    .text.HAL_GPIO_WritePin  lto-llvm-937a90.o
    0x08002bb4   0x08002bb4   0x0000000c   Code   RO          535    .text.HAL_GetTick   lto-llvm-937a90.o
    0x08002bc0   0x08002bc0   0x0000027a   Code   RO          613    .text.HAL_I2C_Init  lto-llvm-937a90.o
    0x08002e3a   0x08002e3a   0x00000002   PAD
    0x08002e3c   0x08002e3c   0x000000da   Code   RO          341    .text.HAL_I2C_MspInit  lto-llvm-937a90.o
    0x08002f16   0x08002f16   0x00000002   PAD
    0x08002f18   0x08002f18   0x00000084   Code   RO          617    .text.HAL_IWDG_Init  lto-llvm-937a90.o
    0x08002f9c   0x08002f9c   0x0000001a   Code   RO          619    .text.HAL_IWDG_Refresh  lto-llvm-937a90.o
    0x08002fb6   0x08002fb6   0x00000002   PAD
    0x08002fb8   0x08002fb8   0x00000010   Code   RO          533    .text.HAL_IncTick   lto-llvm-937a90.o
    0x08002fc8   0x08002fc8   0x00000032   Code   RO          529    .text.HAL_Init      lto-llvm-937a90.o
    0x08002ffa   0x08002ffa   0x00000002   PAD
    0x08002ffc   0x08002ffc   0x00000062   Code   RO          531    .text.HAL_InitTick  lto-llvm-937a90.o
    0x0800305e   0x0800305e   0x00000002   PAD
    0x08003060   0x08003060   0x0000004a   Code   RO          315    .text.HAL_MspInit   lto-llvm-937a90.o
    0x080030aa   0x080030aa   0x00000002   PAD
    0x080030ac   0x080030ac   0x00000014   Code   RO          521    .text.HAL_NVIC_EnableIRQ  lto-llvm-937a90.o
    0x080030c0   0x080030c0   0x00000030   Code   RO          513    .text.HAL_NVIC_SetPriority  lto-llvm-937a90.o
    0x080030f0   0x080030f0   0x00000012   Code   RO          509    .text.HAL_NVIC_SetPriorityGrouping  lto-llvm-937a90.o
    0x08003102   0x08003102   0x00000002   PAD
    0x08003104   0x08003104   0x0000000e   Code   RO          653    .text.HAL_PCDEx_LPM_Callback  lto-llvm-937a90.o
    0x08003112   0x08003112   0x00000002   PAD
    0x08003114   0x08003114   0x00000020   Code   RO          651    .text.HAL_PCDEx_SetRxFiFo  lto-llvm-937a90.o
    0x08003134   0x08003134   0x000000a2   Code   RO          649    .text.HAL_PCDEx_SetTxFiFo  lto-llvm-937a90.o
    0x080031d6   0x080031d6   0x00000002   PAD
    0x080031d8   0x080031d8   0x00000014   Code   RO          381    .text.HAL_PCD_ConnectCallback  lto-llvm-937a90.o
    0x080031ec   0x080031ec   0x00000026   Code   RO          367    .text.HAL_PCD_DataInStageCallback  lto-llvm-937a90.o
    0x08003212   0x08003212   0x00000002   PAD
    0x08003214   0x08003214   0x00000028   Code   RO          365    .text.HAL_PCD_DataOutStageCallback  lto-llvm-937a90.o
    0x0800323c   0x0800323c   0x00000014   Code   RO          383    .text.HAL_PCD_DisconnectCallback  lto-llvm-937a90.o
    0x08003250   0x08003250   0x000000a8   Code   RO          637    .text.HAL_PCD_EP_Close  lto-llvm-937a90.o
    0x080032f8   0x080032f8   0x000000c8   Code   RO          647    .text.HAL_PCD_EP_ClrStall  lto-llvm-937a90.o
    0x080033c0   0x080033c0   0x00000022   Code   RO          641    .text.HAL_PCD_EP_GetRxCount  lto-llvm-937a90.o
    0x080033e2   0x080033e2   0x00000002   PAD
    0x080033e4   0x080033e4   0x000000ea   Code   RO          635    .text.HAL_PCD_EP_Open  lto-llvm-937a90.o
    0x080034ce   0x080034ce   0x00000002   PAD
    0x080034d0   0x080034d0   0x00000084   Code   RO          639    .text.HAL_PCD_EP_Receive  lto-llvm-937a90.o
    0x08003554   0x08003554   0x000000de   Code   RO          645    .text.HAL_PCD_EP_SetStall  lto-llvm-937a90.o
    0x08003632   0x08003632   0x00000002   PAD
    0x08003634   0x08003634   0x00000084   Code   RO          643    .text.HAL_PCD_EP_Transmit  lto-llvm-937a90.o
    0x080036b8   0x080036b8   0x0000063a   Code   RO          625    .text.HAL_PCD_IRQHandler  lto-llvm-937a90.o
    0x08003cf2   0x08003cf2   0x00000002   PAD
    0x08003cf4   0x08003cf4   0x0000001c   Code   RO          379    .text.HAL_PCD_ISOINIncompleteCallback  lto-llvm-937a90.o
    0x08003d10   0x08003d10   0x0000001c   Code   RO          377    .text.HAL_PCD_ISOOUTIncompleteCallback  lto-llvm-937a90.o
    0x08003d2c   0x08003d2c   0x0000029a   Code   RO          621    .text.HAL_PCD_Init  lto-llvm-937a90.o
    0x08003fc6   0x08003fc6   0x00000002   PAD
    0x08003fc8   0x08003fc8   0x000000ac   Code   RO          361    .text.HAL_PCD_MspInit  lto-llvm-937a90.o
    0x08004074   0x08004074   0x00000052   Code   RO          371    .text.HAL_PCD_ResetCallback  lto-llvm-937a90.o
    0x080040c6   0x080040c6   0x00000002   PAD
    0x080040c8   0x080040c8   0x00000014   Code   RO          375    .text.HAL_PCD_ResumeCallback  lto-llvm-937a90.o
    0x080040dc   0x080040dc   0x00000014   Code   RO          369    .text.HAL_PCD_SOFCallback  lto-llvm-937a90.o
    0x080040f0   0x080040f0   0x0000005e   Code   RO          633    .text.HAL_PCD_SetAddress  lto-llvm-937a90.o
    0x0800414e   0x0800414e   0x00000002   PAD
    0x08004150   0x08004150   0x00000018   Code   RO          363    .text.HAL_PCD_SetupStageCallback  lto-llvm-937a90.o
    0x08004168   0x08004168   0x0000007a   Code   RO          623    .text.HAL_PCD_Start  lto-llvm-937a90.o
    0x080041e2   0x080041e2   0x00000002   PAD
    0x080041e4   0x080041e4   0x0000003e   Code   RO          373    .text.HAL_PCD_SuspendCallback  lto-llvm-937a90.o
    0x08004222   0x08004222   0x00000002   PAD
    0x08004224   0x08004224   0x00000264   Code   RO          481    .text.HAL_RCC_ClockConfig  lto-llvm-937a90.o
    0x08004488   0x08004488   0x0000000c   Code   RO          485    .text.HAL_RCC_GetHCLKFreq  lto-llvm-937a90.o
    0x08004494   0x08004494   0x00000022   Code   RO          487    .text.HAL_RCC_GetPCLK1Freq  lto-llvm-937a90.o
    0x080044b6   0x080044b6   0x00000002   PAD
    0x080044b8   0x080044b8   0x00000022   Code   RO          489    .text.HAL_RCC_GetPCLK2Freq  lto-llvm-937a90.o
    0x080044da   0x080044da   0x00000002   PAD
    0x080044dc   0x080044dc   0x000000de   Code   RO          483    .text.HAL_RCC_GetSysClockFreq  lto-llvm-937a90.o
    0x080045ba   0x080045ba   0x00000002   PAD
    0x080045bc   0x080045bc   0x000006a4   Code   RO          479    .text.HAL_RCC_OscConfig  lto-llvm-937a90.o
    0x08004c60   0x08004c60   0x000000ba   Code   RO          615    .text.HAL_SPI_Init  lto-llvm-937a90.o
    0x08004d1a   0x08004d1a   0x00000002   PAD
    0x08004d1c   0x08004d1c   0x00000198   Code   RO          347    .text.HAL_SPI_MspInit  lto-llvm-937a90.o
    0x08004eb4   0x08004eb4   0x00000010   Code   RO          525    .text.HAL_SYSTICK_Config  lto-llvm-937a90.o
    0x08004ec4   0x08004ec4   0x00000008   Code   RO          477    .text.HAL_TIMEx_BreakCallback  lto-llvm-937a90.o
    0x08004ecc   0x08004ecc   0x00000008   Code   RO          471    .text.HAL_TIMEx_CommutCallback  lto-llvm-937a90.o
    0x08004ed4   0x08004ed4   0x000000b2   Code   RO          475    .text.HAL_TIMEx_ConfigBreakDeadTime  lto-llvm-937a90.o
    0x08004f86   0x08004f86   0x00000002   PAD
    0x08004f88   0x08004f88   0x00000122   Code   RO          473    .text.HAL_TIMEx_MasterConfigSynchronization  lto-llvm-937a90.o
    0x080050aa   0x080050aa   0x00000002   PAD
    0x080050ac   0x080050ac   0x00000058   Code   RO          427    .text.HAL_TIM_Base_Init  lto-llvm-937a90.o
    0x08005104   0x08005104   0x0000013a   Code   RO          273    .text.HAL_TIM_Base_MspInit  lto-llvm-937a90.o
    0x0800523e   0x0800523e   0x00000002   PAD
    0x08005240   0x08005240   0x00000036   Code   RO          431    .text.HAL_TIM_Base_Start_IT  lto-llvm-937a90.o
    0x08005276   0x08005276   0x00000002   PAD
    0x08005278   0x08005278   0x00000162   Code   RO          463    .text.HAL_TIM_ConfigClockSource  lto-llvm-937a90.o
    0x080053da   0x080053da   0x00000002   PAD
    0x080053dc   0x080053dc   0x00000008   Code   RO          443    .text.HAL_TIM_IC_CaptureCallback  lto-llvm-937a90.o
    0x080053e4   0x080053e4   0x0000027a   Code   RO          445    .text.HAL_TIM_IRQHandler  lto-llvm-937a90.o
    0x0800565e   0x0800565e   0x00000002   PAD
    0x08005660   0x08005660   0x000001b2   Code   RO          263    .text.HAL_TIM_MspPostInit  lto-llvm-937a90.o
    0x08005812   0x08005812   0x00000002   PAD
    0x08005814   0x08005814   0x00000008   Code   RO          447    .text.HAL_TIM_OC_DelayElapsedCallback  lto-llvm-937a90.o
    0x0800581c   0x0800581c   0x00000140   Code   RO          459    .text.HAL_TIM_PWM_ConfigChannel  lto-llvm-937a90.o
    0x0800595c   0x0800595c   0x00000058   Code   RO          437    .text.HAL_TIM_PWM_Init  lto-llvm-937a90.o
    0x080059b4   0x080059b4   0x00000008   Code   RO          439    .text.HAL_TIM_PWM_MspInit  lto-llvm-937a90.o
    0x080059bc   0x080059bc   0x00000008   Code   RO          435    .text.HAL_TIM_PWM_PulseFinishedCallback  lto-llvm-937a90.o
    0x080059c4   0x080059c4   0x0000007c   Code   RO          441    .text.HAL_TIM_PWM_Start  lto-llvm-937a90.o
    0x08005a40   0x08005a40   0x000000a0   Code   RO          861    .text.HAL_TIM_PeriodElapsedCallback  lto-llvm-937a90.o
    0x08005ae0   0x08005ae0   0x00000008   Code   RO          449    .text.HAL_TIM_TriggerCallback  lto-llvm-937a90.o
    0x08005ae8   0x08005ae8   0x00000008   Code   RO          559    .text.HAL_UART_ErrorCallback  lto-llvm-937a90.o
    0x08005af0   0x08005af0   0x00000208   Code   RO          565    .text.HAL_UART_IRQHandler  lto-llvm-937a90.o
    0x08005cf8   0x08005cf8   0x0000009a   Code   RO          553    .text.HAL_UART_Init  lto-llvm-937a90.o
    0x08005d92   0x08005d92   0x00000002   PAD
    0x08005d94   0x08005d94   0x000002fe   Code   RO          329    .text.HAL_UART_MspInit  lto-llvm-937a90.o
    0x08006092   0x08006092   0x00000002   PAD
    0x08006094   0x08006094   0x00000008   Code   RO          563    .text.HAL_UART_RxCpltCallback  lto-llvm-937a90.o
    0x0800609c   0x0800609c   0x00000008   Code   RO          561    .text.HAL_UART_TxCpltCallback  lto-llvm-937a90.o
    0x080060a4   0x080060a4   0x00000004   Code   RO          277    .text.HardFault_Handler  lto-llvm-937a90.o
    0x080060a8   0x080060a8   0x00000076   Code   RO          425    .text.IntToUnicode  lto-llvm-937a90.o
    0x0800611e   0x0800611e   0x00000002   PAD
    0x08006120   0x08006120   0x0000007c   Code   RO          317    .text.MX_ADC1_Init  lto-llvm-937a90.o
    0x0800619c   0x0800619c   0x0000007c   Code   RO          319    .text.MX_ADC3_Init  lto-llvm-937a90.o
    0x08006218   0x08006218   0x00000046   Code   RO          333    .text.MX_CAN1_Init  lto-llvm-937a90.o
    0x0800625e   0x0800625e   0x00000002   PAD
    0x08006260   0x08006260   0x00000046   Code   RO          335    .text.MX_CAN2_Init  lto-llvm-937a90.o
    0x080062a6   0x080062a6   0x00000002   PAD
    0x080062a8   0x080062a8   0x00000076   Code   RO          331    .text.MX_DMA_Init   lto-llvm-937a90.o
    0x0800631e   0x0800631e   0x00000002   PAD
    0x08006320   0x08006320   0x00000238   Code   RO          259    .text.MX_GPIO_Init  lto-llvm-937a90.o
    0x08006558   0x08006558   0x00000042   Code   RO          339    .text.MX_I2C3_Init  lto-llvm-937a90.o
    0x0800659a   0x0800659a   0x00000002   PAD
    0x0800659c   0x0800659c   0x0000002e   Code   RO          349    .text.MX_IWDG_Init  lto-llvm-937a90.o
    0x080065ca   0x080065ca   0x00000002   PAD
    0x080065cc   0x080065cc   0x0000004c   Code   RO          343    .text.MX_SPI1_Init  lto-llvm-937a90.o
    0x08006618   0x08006618   0x00000048   Code   RO          345    .text.MX_SPI2_Init  lto-llvm-937a90.o
    0x08006660   0x08006660   0x00000036   Code   RO          271    .text.MX_TIM10_Init  lto-llvm-937a90.o
    0x08006696   0x08006696   0x00000002   PAD
    0x08006698   0x08006698   0x00000176   Code   RO          261    .text.MX_TIM1_Init  lto-llvm-937a90.o
    0x0800680e   0x0800680e   0x00000002   PAD
    0x08006810   0x08006810   0x000000d6   Code   RO          265    .text.MX_TIM4_Init  lto-llvm-937a90.o
    0x080068e6   0x080068e6   0x00000002   PAD
    0x080068e8   0x080068e8   0x00000110   Code   RO          267    .text.MX_TIM5_Init  lto-llvm-937a90.o
    0x080069f8   0x080069f8   0x00000154   Code   RO          269    .text.MX_TIM8_Init  lto-llvm-937a90.o
    0x08006b4c   0x08006b4c   0x0000003a   Code   RO          323    .text.MX_USART1_UART_Init  lto-llvm-937a90.o
    0x08006b86   0x08006b86   0x00000002   PAD
    0x08006b88   0x08006b88   0x0000003e   Code   RO          325    .text.MX_USART3_UART_Init  lto-llvm-937a90.o
    0x08006bc6   0x08006bc6   0x00000002   PAD
    0x08006bc8   0x08006bc8   0x0000003a   Code   RO          327    .text.MX_USART6_UART_Init  lto-llvm-937a90.o
    0x08006c02   0x08006c02   0x00000002   PAD
    0x08006c04   0x08006c04   0x00000044   Code   RO          351    .text.MX_USB_DEVICE_Init  lto-llvm-937a90.o
    0x08006c48   0x08006c48   0x00000004   Code   RO          279    .text.MemManage_Handler  lto-llvm-937a90.o
    0x08006c4c   0x08006c4c   0x00000002   Code   RO          275    .text.NMI_Handler   lto-llvm-937a90.o
    0x08006c4e   0x08006c4e   0x00000002   PAD
    0x08006c50   0x08006c50   0x00000062   Code   RO          517    .text.NVIC_EncodePriority  lto-llvm-937a90.o
    0x08006cb2   0x08006cb2   0x00000002   PAD
    0x08006cb4   0x08006cb4   0x00000008   Code   RO          309    .text.OTG_FS_IRQHandler  lto-llvm-937a90.o
    0x08006cbc   0x08006cbc   0x000000c0   Code   RO          629    .text.PCD_EP_OutSetupPacket_int  lto-llvm-937a90.o
    0x08006d7c   0x08006d7c   0x000001ce   Code   RO          627    .text.PCD_EP_OutXfrComplete_int  lto-llvm-937a90.o
    0x08006f4a   0x08006f4a   0x00000002   PAD
    0x08006f4c   0x08006f4c   0x00000128   Code   RO          631    .text.PCD_WriteEmptyTxFifo  lto-llvm-937a90.o
    0x08007074   0x08007074   0x00000002   Code   RO          289    .text.PendSV_Handler  lto-llvm-937a90.o
    0x08007076   0x08007076   0x00000002   PAD
    0x08007078   0x08007078   0x00000002   Code   RO          285    .text.SVC_Handler   lto-llvm-937a90.o
    0x0800707a   0x0800707a   0x00000002   PAD
    0x0800707c   0x0800707c   0x00000052   Code   RO          527    .text.SysTick_Config  lto-llvm-937a90.o
    0x080070ce   0x080070ce   0x00000002   PAD
    0x080070d0   0x080070d0   0x00000008   Code   RO          291    .text.SysTick_Handler  lto-llvm-937a90.o
    0x080070d8   0x080070d8   0x000000be   Code   RO          255    .text.SystemClock_Config  lto-llvm-937a90.o
    0x08007196   0x08007196   0x00000002   PAD
    0x08007198   0x08007198   0x0000006e   Code   RO          715    .text.SystemInit    lto-llvm-937a90.o
    0x08007206   0x08007206   0x00000002   PAD
    0x08007208   0x08007208   0x0000001c   Code   RO          301    .text.TIM1_UP_TIM10_IRQHandler  lto-llvm-937a90.o
    0x08007224   0x08007224   0x0000019a   Code   RO          429    .text.TIM_Base_SetConfig  lto-llvm-937a90.o
    0x080073be   0x080073be   0x00000002   PAD
    0x080073c0   0x080073c0   0x00000036   Code   RO          433    .text.TIM_CCxChannelCmd  lto-llvm-937a90.o
    0x080073f6   0x080073f6   0x00000002   PAD
    0x080073f8   0x080073f8   0x00000034   Code   RO          461    .text.TIM_ETR_SetConfig  lto-llvm-937a90.o
    0x0800742c   0x0800742c   0x0000002a   Code   RO          467    .text.TIM_ITRx_SetConfig  lto-llvm-937a90.o
    0x08007456   0x08007456   0x00000002   PAD
    0x08007458   0x08007458   0x000000ea   Code   RO          451    .text.TIM_OC1_SetConfig  lto-llvm-937a90.o
    0x08007542   0x08007542   0x00000002   PAD
    0x08007544   0x08007544   0x000000f4   Code   RO          453    .text.TIM_OC2_SetConfig  lto-llvm-937a90.o
    0x08007638   0x08007638   0x000000f2   Code   RO          455    .text.TIM_OC3_SetConfig  lto-llvm-937a90.o
    0x0800772a   0x0800772a   0x00000002   PAD
    0x0800772c   0x0800772c   0x000000a4   Code   RO          457    .text.TIM_OC4_SetConfig  lto-llvm-937a90.o
    0x080077d0   0x080077d0   0x00000050   Code   RO          465    .text.TIM_TI1_ConfigInputStage  lto-llvm-937a90.o
    0x08007820   0x08007820   0x00000052   Code   RO          469    .text.TIM_TI2_ConfigInputStage  lto-llvm-937a90.o
    0x08007872   0x08007872   0x00000002   PAD
    0x08007874   0x08007874   0x00000020   Code   RO          569    .text.UART_DMAAbortOnError  lto-llvm-937a90.o
    0x08007894   0x08007894   0x00000028   Code   RO          557    .text.UART_EndRxTransfer  lto-llvm-937a90.o
    0x080078bc   0x080078bc   0x00000024   Code   RO          573    .text.UART_EndTransmit_IT  lto-llvm-937a90.o
    0x080078e0   0x080078e0   0x000000ea   Code   RO          567    .text.UART_Receive_IT  lto-llvm-937a90.o
    0x080079ca   0x080079ca   0x00000002   PAD
    0x080079cc   0x080079cc   0x000001ee   Code   RO          555    .text.UART_SetConfig  lto-llvm-937a90.o
    0x08007bba   0x08007bba   0x00000002   PAD
    0x08007bbc   0x08007bbc   0x0000009c   Code   RO          571    .text.UART_Transmit_IT  lto-llvm-937a90.o
    0x08007c58   0x08007c58   0x00000010   Code   RO          303    .text.USART1_IRQHandler  lto-llvm-937a90.o
    0x08007c68   0x08007c68   0x00000008   Code   RO          901    .text.USART3_IRQHandler  lto-llvm-937a90.o
    0x08007c70   0x08007c70   0x00000010   Code   RO          313    .text.USART6_IRQHandler  lto-llvm-937a90.o
    0x08007c80   0x08007c80   0x000000a4   Code   RO          801    .text.USBD_CDC_DataIn  lto-llvm-937a90.o
    0x08007d24   0x08007d24   0x00000058   Code   RO          803    .text.USBD_CDC_DataOut  lto-llvm-937a90.o
    0x08007d7c   0x08007d7c   0x00000066   Code   RO          795    .text.USBD_CDC_DeInit  lto-llvm-937a90.o
    0x08007de2   0x08007de2   0x00000002   PAD
    0x08007de4   0x08007de4   0x00000048   Code   RO          799    .text.USBD_CDC_EP0_RxReady  lto-llvm-937a90.o
    0x08007e2c   0x08007e2c   0x00000016   Code   RO          811    .text.USBD_CDC_GetDeviceQualifierDescriptor  lto-llvm-937a90.o
    0x08007e42   0x08007e42   0x00000002   PAD
    0x08007e44   0x08007e44   0x00000016   Code   RO          807    .text.USBD_CDC_GetFSCfgDesc  lto-llvm-937a90.o
    0x08007e5a   0x08007e5a   0x00000002   PAD
    0x08007e5c   0x08007e5c   0x00000016   Code   RO          805    .text.USBD_CDC_GetHSCfgDesc  lto-llvm-937a90.o
    0x08007e72   0x08007e72   0x00000002   PAD
    0x08007e74   0x08007e74   0x00000016   Code   RO          809    .text.USBD_CDC_GetOtherSpeedCfgDesc  lto-llvm-937a90.o
    0x08007e8a   0x08007e8a   0x00000002   PAD
    0x08007e8c   0x08007e8c   0x000000f2   Code   RO          793    .text.USBD_CDC_Init  lto-llvm-937a90.o
    0x08007f7e   0x08007f7e   0x00000002   PAD
    0x08007f80   0x08007f80   0x0000005e   Code   RO          819    .text.USBD_CDC_ReceivePacket  lto-llvm-937a90.o
    0x08007fde   0x08007fde   0x00000002   PAD
    0x08007fe0   0x08007fe0   0x0000002a   Code   RO          813    .text.USBD_CDC_RegisterInterface  lto-llvm-937a90.o
    0x0800800a   0x0800800a   0x00000002   PAD
    0x0800800c   0x0800800c   0x0000001c   Code   RO          817    .text.USBD_CDC_SetRxBuffer  lto-llvm-937a90.o
    0x08008028   0x08008028   0x0000002a   Code   RO          815    .text.USBD_CDC_SetTxBuffer  lto-llvm-937a90.o
    0x08008052   0x08008052   0x00000002   PAD
    0x08008054   0x08008054   0x00000150   Code   RO          797    .text.USBD_CDC_Setup  lto-llvm-937a90.o
    0x080081a4   0x080081a4   0x0000001c   Code   RO          727    .text.USBD_ClrClassConfig  lto-llvm-937a90.o
    0x080081c0   0x080081c0   0x00000040   Code   RO          767    .text.USBD_ClrFeature  lto-llvm-937a90.o
    0x08008200   0x08008200   0x0000001e   Code   RO          787    .text.USBD_CtlContinueRx  lto-llvm-937a90.o
    0x0800821e   0x0800821e   0x00000002   PAD
    0x08008220   0x08008220   0x0000001e   Code   RO          783    .text.USBD_CtlContinueSendData  lto-llvm-937a90.o
    0x0800823e   0x0800823e   0x00000002   PAD
    0x08008240   0x08008240   0x0000001c   Code   RO          769    .text.USBD_CtlError  lto-llvm-937a90.o
    0x0800825c   0x0800825c   0x0000003c   Code   RO          785    .text.USBD_CtlPrepareRx  lto-llvm-937a90.o
    0x08008298   0x08008298   0x0000001e   Code   RO          791    .text.USBD_CtlReceiveStatus  lto-llvm-937a90.o
    0x080082b6   0x080082b6   0x00000002   PAD
    0x080082b8   0x080082b8   0x00000038   Code   RO          781    .text.USBD_CtlSendData  lto-llvm-937a90.o
    0x080082f0   0x080082f0   0x0000001e   Code   RO          789    .text.USBD_CtlSendStatus  lto-llvm-937a90.o
    0x0800830e   0x0800830e   0x00000002   PAD
    0x08008310   0x08008310   0x0000003e   Code   RO          419    .text.USBD_FS_ConfigStrDescriptor  lto-llvm-937a90.o
    0x0800834e   0x0800834e   0x00000002   PAD
    0x08008350   0x08008350   0x0000001a   Code   RO          409    .text.USBD_FS_DeviceDescriptor  lto-llvm-937a90.o
    0x0800836a   0x0800836a   0x00000002   PAD
    0x0800836c   0x0800836c   0x0000003e   Code   RO          421    .text.USBD_FS_InterfaceStrDescriptor  lto-llvm-937a90.o
    0x080083aa   0x080083aa   0x00000002   PAD
    0x080083ac   0x080083ac   0x0000001a   Code   RO          411    .text.USBD_FS_LangIDStrDescriptor  lto-llvm-937a90.o
    0x080083c6   0x080083c6   0x00000002   PAD
    0x080083c8   0x080083c8   0x00000024   Code   RO          413    .text.USBD_FS_ManufacturerStrDescriptor  lto-llvm-937a90.o
    0x080083ec   0x080083ec   0x0000003e   Code   RO          415    .text.USBD_FS_ProductStrDescriptor  lto-llvm-937a90.o
    0x0800842a   0x0800842a   0x00000002   PAD
    0x0800842c   0x0800842c   0x00000020   Code   RO          417    .text.USBD_FS_SerialStrDescriptor  lto-llvm-937a90.o
    0x0800844c   0x0800844c   0x00000060   Code   RO          761    .text.USBD_GetConfig  lto-llvm-937a90.o
    0x080084ac   0x080084ac   0x000001ac   Code   RO          755    .text.USBD_GetDescriptor  lto-llvm-937a90.o
    0x08008658   0x08008658   0x0000002e   Code   RO          779    .text.USBD_GetLen   lto-llvm-937a90.o
    0x08008686   0x08008686   0x00000002   PAD
    0x08008688   0x08008688   0x00000062   Code   RO          763    .text.USBD_GetStatus  lto-llvm-937a90.o
    0x080086ea   0x080086ea   0x00000002   PAD
    0x080086ec   0x080086ec   0x00000088   Code   RO          777    .text.USBD_GetString  lto-llvm-937a90.o
    0x08008774   0x08008774   0x0000004c   Code   RO          387    .text.USBD_Get_USB_Status  lto-llvm-937a90.o
    0x080087c0   0x080087c0   0x00000076   Code   RO          717    .text.USBD_Init     lto-llvm-937a90.o
    0x08008836   0x08008836   0x00000002   PAD
    0x08008838   0x08008838   0x00000036   Code   RO          397    .text.USBD_LL_ClearStallEP  lto-llvm-937a90.o
    0x0800886e   0x0800886e   0x00000002   PAD
    0x08008870   0x08008870   0x0000003a   Code   RO          393    .text.USBD_LL_CloseEP  lto-llvm-937a90.o
    0x080088aa   0x080088aa   0x00000002   PAD
    0x080088ac   0x080088ac   0x0000015e   Code   RO          733    .text.USBD_LL_DataInStage  lto-llvm-937a90.o
    0x08008a0a   0x08008a0a   0x00000002   PAD
    0x08008a0c   0x08008a0c   0x000000f2   Code   RO          731    .text.USBD_LL_DataOutStage  lto-llvm-937a90.o
    0x08008afe   0x08008afe   0x00000002   PAD
    0x08008b00   0x08008b00   0x00000008   Code   RO          749    .text.USBD_LL_DevConnected  lto-llvm-937a90.o
    0x08008b08   0x08008b08   0x0000001e   Code   RO          751    .text.USBD_LL_DevDisconnected  lto-llvm-937a90.o
    0x08008b26   0x08008b26   0x00000002   PAD
    0x08008b28   0x08008b28   0x0000001c   Code   RO          407    .text.USBD_LL_GetRxDataSize  lto-llvm-937a90.o
    0x08008b44   0x08008b44   0x00000068   Code   RO          385    .text.USBD_LL_Init  lto-llvm-937a90.o
    0x08008bac   0x08008bac   0x0000005c   Code   RO          399    .text.USBD_LL_IsStallEP  lto-llvm-937a90.o
    0x08008c08   0x08008c08   0x0000000c   Code   RO          745    .text.USBD_LL_IsoINIncomplete  lto-llvm-937a90.o
    0x08008c14   0x08008c14   0x0000000c   Code   RO          747    .text.USBD_LL_IsoOUTIncomplete  lto-llvm-937a90.o
    0x08008c20   0x08008c20   0x0000004a   Code   RO          391    .text.USBD_LL_OpenEP  lto-llvm-937a90.o
    0x08008c6a   0x08008c6a   0x00000002   PAD
    0x08008c6c   0x08008c6c   0x00000046   Code   RO          405    .text.USBD_LL_PrepareReceive  lto-llvm-937a90.o
    0x08008cb2   0x08008cb2   0x00000002   PAD
    0x08008cb4   0x08008cb4   0x0000006a   Code   RO          735    .text.USBD_LL_Reset  lto-llvm-937a90.o
    0x08008d1e   0x08008d1e   0x00000002   PAD
    0x08008d20   0x08008d20   0x00000012   Code   RO          741    .text.USBD_LL_Resume  lto-llvm-937a90.o
    0x08008d32   0x08008d32   0x00000002   PAD
    0x08008d34   0x08008d34   0x00000030   Code   RO          743    .text.USBD_LL_SOF   lto-llvm-937a90.o
    0x08008d64   0x08008d64   0x00000014   Code   RO          737    .text.USBD_LL_SetSpeed  lto-llvm-937a90.o
    0x08008d78   0x08008d78   0x00000036   Code   RO          401    .text.USBD_LL_SetUSBAddress  lto-llvm-937a90.o
    0x08008dae   0x08008dae   0x00000002   PAD
    0x08008db0   0x08008db0   0x00000078   Code   RO          729    .text.USBD_LL_SetupStage  lto-llvm-937a90.o
    0x08008e28   0x08008e28   0x00000036   Code   RO          395    .text.USBD_LL_StallEP  lto-llvm-937a90.o
    0x08008e5e   0x08008e5e   0x00000002   PAD
    0x08008e60   0x08008e60   0x0000002e   Code   RO          389    .text.USBD_LL_Start  lto-llvm-937a90.o
    0x08008e8e   0x08008e8e   0x00000002   PAD
    0x08008e90   0x08008e90   0x0000001a   Code   RO          739    .text.USBD_LL_Suspend  lto-llvm-937a90.o
    0x08008eaa   0x08008eaa   0x00000002   PAD
    0x08008eac   0x08008eac   0x00000046   Code   RO          403    .text.USBD_LL_Transmit  lto-llvm-937a90.o
    0x08008ef2   0x08008ef2   0x00000002   PAD
    0x08008ef4   0x08008ef4   0x00000044   Code   RO          775    .text.USBD_ParseSetupRequest  lto-llvm-937a90.o
    0x08008f38   0x08008f38   0x00000042   Code   RO          719    .text.USBD_RegisterClass  lto-llvm-937a90.o
    0x08008f7a   0x08008f7a   0x00000002   PAD
    0x08008f7c   0x08008f7c   0x00000008   Code   RO          723    .text.USBD_RunTestMode  lto-llvm-937a90.o
    0x08008f84   0x08008f84   0x0000008c   Code   RO          757    .text.USBD_SetAddress  lto-llvm-937a90.o
    0x08009010   0x08009010   0x0000003e   Code   RO          725    .text.USBD_SetClassConfig  lto-llvm-937a90.o
    0x0800904e   0x0800904e   0x00000002   PAD
    0x08009050   0x08009050   0x00000132   Code   RO          759    .text.USBD_SetConfig  lto-llvm-937a90.o
    0x08009182   0x08009182   0x00000002   PAD
    0x08009184   0x08009184   0x00000026   Code   RO          765    .text.USBD_SetFeature  lto-llvm-937a90.o
    0x080091aa   0x080091aa   0x00000002   PAD
    0x080091ac   0x080091ac   0x00000018   Code   RO          721    .text.USBD_Start    lto-llvm-937a90.o
    0x080091c4   0x080091c4   0x000000aa   Code   RO          753    .text.USBD_StdDevReq  lto-llvm-937a90.o
    0x0800926e   0x0800926e   0x00000002   PAD
    0x08009270   0x08009270   0x00000304   Code   RO          773    .text.USBD_StdEPReq  lto-llvm-937a90.o
    0x08009574   0x08009574   0x0000008e   Code   RO          771    .text.USBD_StdItfReq  lto-llvm-937a90.o
    0x08009602   0x08009602   0x00000002   PAD
    0x08009604   0x08009604   0x000000de   Code   RO          677    .text.USB_ActivateEndpoint  lto-llvm-937a90.o
    0x080096e2   0x080096e2   0x00000002   PAD
    0x080096e4   0x080096e4   0x0000004a   Code   RO          711    .text.USB_ActivateSetup  lto-llvm-937a90.o
    0x0800972e   0x0800972e   0x00000002   PAD
    0x08009730   0x08009730   0x000000f6   Code   RO          655    .text.USB_CoreInit  lto-llvm-937a90.o
    0x08009826   0x08009826   0x00000002   PAD
    0x08009828   0x08009828   0x0000007e   Code   RO          657    .text.USB_CoreReset  lto-llvm-937a90.o
    0x080098a6   0x080098a6   0x00000002   PAD
    0x080098a8   0x080098a8   0x000000ce   Code   RO          679    .text.USB_DeactivateEndpoint  lto-llvm-937a90.o
    0x08009976   0x08009976   0x00000002   PAD
    0x08009978   0x08009978   0x00000022   Code   RO          695    .text.USB_DevConnect  lto-llvm-937a90.o
    0x0800999a   0x0800999a   0x00000002   PAD
    0x0800999c   0x0800999c   0x00000022   Code   RO          697    .text.USB_DevDisconnect  lto-llvm-937a90.o
    0x080099be   0x080099be   0x00000002   PAD
    0x080099c0   0x080099c0   0x000002d6   Code   RO          667    .text.USB_DevInit   lto-llvm-937a90.o
    0x08009c96   0x08009c96   0x00000002   PAD
    0x08009c98   0x08009c98   0x00000012   Code   RO          663    .text.USB_DisableGlobalInt  lto-llvm-937a90.o
    0x08009caa   0x08009caa   0x00000002   PAD
    0x08009cac   0x08009cac   0x000001ee   Code   RO          685    .text.USB_EP0StartXfer  lto-llvm-937a90.o
    0x08009e9a   0x08009e9a   0x00000002   PAD
    0x08009e9c   0x08009e9c   0x0000009a   Code   RO          713    .text.USB_EP0_OutStart  lto-llvm-937a90.o
    0x08009f36   0x08009f36   0x00000002   PAD
    0x08009f38   0x08009f38   0x0000009e   Code   RO          691    .text.USB_EPClearStall  lto-llvm-937a90.o
    0x08009fd6   0x08009fd6   0x00000002   PAD
    0x08009fd8   0x08009fd8   0x000000a6   Code   RO          689    .text.USB_EPSetStall  lto-llvm-937a90.o
    0x0800a07e   0x0800a07e   0x00000002   PAD
    0x0800a080   0x0800a080   0x0000035e   Code   RO          681    .text.USB_EPStartXfer  lto-llvm-937a90.o
    0x0800a3de   0x0800a3de   0x00000002   PAD
    0x0800a3e0   0x0800a3e0   0x00000012   Code   RO          661    .text.USB_EnableGlobalInt  lto-llvm-937a90.o
    0x0800a3f2   0x0800a3f2   0x00000002   PAD
    0x0800a3f4   0x0800a3f4   0x0000004c   Code   RO          673    .text.USB_FlushRxFifo  lto-llvm-937a90.o
    0x0800a440   0x0800a440   0x00000054   Code   RO          671    .text.USB_FlushTxFifo  lto-llvm-937a90.o
    0x0800a494   0x0800a494   0x0000004c   Code   RO          675    .text.USB_GetDevSpeed  lto-llvm-937a90.o
    0x0800a4e0   0x0800a4e0   0x00000010   Code   RO          709    .text.USB_GetMode   lto-llvm-937a90.o
    0x0800a4f0   0x0800a4f0   0x00000024   Code   RO          703    .text.USB_ReadDevAllInEpInterrupt  lto-llvm-937a90.o
    0x0800a514   0x0800a514   0x00000024   Code   RO          701    .text.USB_ReadDevAllOutEpInterrupt  lto-llvm-937a90.o
    0x0800a538   0x0800a538   0x0000004e   Code   RO          707    .text.USB_ReadDevInEPInterrupt  lto-llvm-937a90.o
    0x0800a586   0x0800a586   0x00000002   PAD
    0x0800a588   0x0800a588   0x0000002e   Code   RO          705    .text.USB_ReadDevOutEPInterrupt  lto-llvm-937a90.o
    0x0800a5b6   0x0800a5b6   0x00000002   PAD
    0x0800a5b8   0x0800a5b8   0x0000001a   Code   RO          699    .text.USB_ReadInterrupts  lto-llvm-937a90.o
    0x0800a5d2   0x0800a5d2   0x00000002   PAD
    0x0800a5d4   0x0800a5d4   0x0000004c   Code   RO          687    .text.USB_ReadPacket  lto-llvm-937a90.o
    0x0800a620   0x0800a620   0x0000005c   Code   RO          665    .text.USB_SetCurrentMode  lto-llvm-937a90.o
    0x0800a67c   0x0800a67c   0x00000034   Code   RO          693    .text.USB_SetDevAddress  lto-llvm-937a90.o
    0x0800a6b0   0x0800a6b0   0x00000020   Code   RO          669    .text.USB_SetDevSpeed  lto-llvm-937a90.o
    0x0800a6d0   0x0800a6d0   0x000001b8   Code   RO          659    .text.USB_SetTurnaroundTime  lto-llvm-937a90.o
    0x0800a888   0x0800a888   0x0000006a   Code   RO          683    .text.USB_WritePacket  lto-llvm-937a90.o
    0x0800a8f2   0x0800a8f2   0x00000002   PAD
    0x0800a8f4   0x0800a8f4   0x00000004   Code   RO          283    .text.UsageFault_Handler  lto-llvm-937a90.o
    0x0800a8f8   0x0800a8f8   0x00000014   Code   RO          821    .text._GLOBAL__sub_I_ChassisTask.cpp  lto-llvm-937a90.o
    0x0800a90c   0x0800a90c   0x00000008   Code   RO          843    .text._GLOBAL__sub_I_UserTask.cpp  lto-llvm-937a90.o
    0x0800a914   0x0800a914   0x00000004   PAD
    0x0800a918   0x0800a918   0x00000114   Code   RO          841    .text._Z10CtrlHandlev  lto-llvm-937a90.o
    0x0800aa2c   0x0800aa2c   0x00000010   Code   RO          851    .text._Z10UserHandlev  lto-llvm-937a90.o
    0x0800aa3c   0x0800aa3c   0x00000040   Code   RO          839    .text._Z11ChassisStopv  lto-llvm-937a90.o
    0x0800aa7c   0x0800aa7c   0x0000006c   Code   RO          833    .text._Z13ChassisHandlev  lto-llvm-937a90.o
    0x0800aae8   0x0800aae8   0x0000006a   Code   RO          853    .text._Z13aRGB_led_showj  lto-llvm-937a90.o
    0x0800ab52   0x0800ab52   0x00000002   PAD
    0x0800ab54   0x0800ab54   0x00000022   Code   RO          859    .text._Z14bsp_flash_readP12flash_data_t  lto-llvm-937a90.o
    0x0800ab76   0x0800ab76   0x00000002   PAD
    0x0800ab78   0x0800ab78   0x000000c4   Code   RO          835    .text._Z15WheelsSpeedCalcfff  lto-llvm-937a90.o
    0x0800ac3c   0x0800ac3c   0x00000174   Code   RO          855    .text._Z15aRGB_led_changej  lto-llvm-937a90.o
    0x0800adb0   0x0800adb0   0x000001b8   Code   RO          857    .text._Z15bsp_ADC_vccMoniv  lto-llvm-937a90.o
    0x0800af68   0x0800af68   0x00000042   Code   RO          837    .text._Z18ChassisSetVelocityfff  lto-llvm-937a90.o
    0x0800afaa   0x0800afaa   0x00000002   PAD
    0x0800afac   0x0800afac   0x00000010   Code   RO          847    .text._Z8UserStopv  lto-llvm-937a90.o
    0x0800afbc   0x0800afbc   0x00000178   Code   RO          897    .text._ZN13RemoteControl10sbus_to_rcEPVKh  lto-llvm-937a90.o
    0x0800b134   0x0800b134   0x000000a2   Code   RO          895    .text._ZN13RemoteControl4initEv  lto-llvm-937a90.o
    0x0800b1d6   0x0800b1d6   0x00000002   PAD
    0x0800b1d8   0x0800b1d8   0x0000013c   Code   RO          899    .text._ZN13RemoteControl8ITHandleEv  lto-llvm-937a90.o
    0x0800b314   0x0800b314   0x00000204   Code   RO          875    .text._ZN3PID7PIDCalcEff  lto-llvm-937a90.o
    0x0800b518   0x0800b518   0x00000008   Code   RO          869    .text._ZN5Motor11ErrorHandleEv  lto-llvm-937a90.o
    0x0800b520   0x0800b520   0x0000006e   Code   RO          873    .text._ZN5Motor13IntensityCalcEv  lto-llvm-937a90.o
    0x0800b58e   0x0800b58e   0x00000002   PAD
    0x0800b590   0x0800b590   0x000001b8   Code   RO          879    .text._ZN5Motor14CANPackageSendEv  lto-llvm-937a90.o
    0x0800b748   0x0800b748   0x00000018   Code   RO          889    .text._ZN5Motor14SetTargetSpeedEf  lto-llvm-937a90.o
    0x0800b760   0x0800b760   0x000001f0   Code   RO          871    .text._ZN5Motor16MotorStateUpdateEv  lto-llvm-937a90.o
    0x0800b950   0x0800b950   0x0000005a   Code   RO          877    .text._ZN5Motor4InitEv  lto-llvm-937a90.o
    0x0800b9aa   0x0800b9aa   0x00000002   PAD
    0x0800b9ac   0x0800b9ac   0x0000000e   Code   RO          891    .text._ZN5Motor4StopEv  lto-llvm-937a90.o
    0x0800b9ba   0x0800b9ba   0x00000002   PAD
    0x0800b9bc   0x0800b9bc   0x0000007a   Code   RO          867    .text._ZN5Motor6HandleEv  lto-llvm-937a90.o
    0x0800ba36   0x0800ba36   0x00000002   PAD
    0x0800ba38   0x0800ba38   0x000000b4   Code   RO          887    .text._ZN5Motor9IT_HandleEP19__CAN_HandleTypeDef  lto-llvm-937a90.o
    0x0800baec   0x0800baec   0x000000d6   Code   RO          883    .text._ZN5MotorC2EjP12MOTOR_INIT_t  lto-llvm-937a90.o
    0x0800bbc2   0x0800bbc2   0x00000002   PAD
    0x0800bbc4   0x0800bbc4   0x00000028   Code   RO          885    .text._ZN5MotorD2Ev  lto-llvm-937a90.o
    0x0800bbec   0x0800bbec   0x00000016   Code   RO          881    .text._ZN6DeviceC2Ev  lto-llvm-937a90.o
    0x0800bc02   0x0800bc02   0x00000002   PAD
    0x0800bc04   0x0800bc04   0x00000032   Code   RO          523    .text.__NVIC_EnableIRQ  lto-llvm-937a90.o
    0x0800bc36   0x0800bc36   0x00000002   PAD
    0x0800bc38   0x0800bc38   0x00000010   Code   RO          515    .text.__NVIC_GetPriorityGrouping  lto-llvm-937a90.o
    0x0800bc48   0x0800bc48   0x00000042   Code   RO          519    .text.__NVIC_SetPriority  lto-llvm-937a90.o
    0x0800bc8a   0x0800bc8a   0x00000002   PAD
    0x0800bc8c   0x0800bc8c   0x0000003c   Code   RO          511    .text.__NVIC_SetPriorityGrouping  lto-llvm-937a90.o
    0x0800bcc8   0x0800bcc8   0x00000028   Code   RO           65    .text.__cxa_pure_virtual  libcppabi_w.l(cxa_virtual.cpp.o)
    0x0800bcf0   0x0800bcf0   0x00000032   Code   RO          823    .text.__cxx_global_var_init  lto-llvm-937a90.o
    0x0800bd22   0x0800bd22   0x00000002   PAD
    0x0800bd24   0x0800bd24   0x00000032   Code   RO          825    .text.__cxx_global_var_init.1  lto-llvm-937a90.o
    0x0800bd56   0x0800bd56   0x00000002   PAD
    0x0800bd58   0x0800bd58   0x00000032   Code   RO          827    .text.__cxx_global_var_init.2  lto-llvm-937a90.o
    0x0800bd8a   0x0800bd8a   0x00000002   PAD
    0x0800bd8c   0x0800bd8c   0x00000032   Code   RO          845    .text.__cxx_global_var_init.272  lto-llvm-937a90.o
    0x0800bdbe   0x0800bdbe   0x00000002   PAD
    0x0800bdc0   0x0800bdc0   0x00000032   Code   RO          829    .text.__cxx_global_var_init.3  lto-llvm-937a90.o
    0x0800bdf2   0x0800bdf2   0x00000004   Code   RO          139    .text.abort_message  libcppabi_w.l(abort_message.cpp.o)
    0x0800bdf6   0x0800bdf6   0x00000002   PAD
    0x0800bdf8   0x0800bdf8   0x000000a8   Code   RO          865    .text.main          lto-llvm-937a90.o
    0x0800bea0   0x0800bea0   0x000003c4   Code   RO          161    i.__hardfp_log      m_wm.l(log.o)
    0x0800c264   0x0800c264   0x00000004   PAD
    0x0800c268   0x0800c268   0x00000100   Code   RO           69    i.__hardfp_log2     m_wm.l(log2.o)
    0x0800c368   0x0800c368   0x000000f8   Code   RO          228    i.__kernel_poly     m_wm.l(poly.o)
    0x0800c460   0x0800c460   0x00000030   Code   RO          141    i.__mathlib_dbl_divzero  m_wm.l(dunder.o)
    0x0800c490   0x0800c490   0x00000014   Code   RO          142    i.__mathlib_dbl_infnan  m_wm.l(dunder.o)
    0x0800c4a4   0x0800c4a4   0x00000004   PAD
    0x0800c4a8   0x0800c4a8   0x00000020   Code   RO          144    i.__mathlib_dbl_invalid  m_wm.l(dunder.o)
    0x0800c4c8   0x0800c4c8   0x0000000e   Code   RO         1024    i.__scatterload_copy  mc_w.l(handlers.o)
    0x0800c4d6   0x0800c4d6   0x00000002   Code   RO         1025    i.__scatterload_null  mc_w.l(handlers.o)
    0x0800c4d8   0x0800c4d8   0x0000000e   Code   RO         1026    i.__scatterload_zeroinit  mc_w.l(handlers.o)
    0x0800c4e6   0x0800c4e6   0x00000002   PAD
    0x0800c4e8   0x0800c4e8   0x0000000c   Code   RO          206    i.__set_errno       mc_w.l(errno.o)
    0x0800c4f4   0x0800c4f4   0x00000050   Code   RO          108    i.free              mc_w.l(malloc.o)
    0x0800c544   0x0800c544   0x00000004   PAD
    0x0800c548   0x0800c548   0x0000008c   Code   RO          157    i.frexp             m_wm.l(frexp.o)
    0x0800c5d4   0x0800c5d4   0x00000010   Code   RO          163    i.log               m_wm.l(log.o)
    0x0800c5e4   0x0800c5e4   0x0000006c   Code   RO          109    i.malloc            mc_w.l(malloc.o)
    0x0800c650   0x0800c650   0x00000038   Data   RO          164    .constdata          m_wm.l(log.o)
    0x0800c688   0x0800c688   0x00000008   Data   RO          230    .constdata          m_wm.l(qnan.o)
    0x0800c690   0x0800c690   0x00000010   Data   RO          981    .rodata._ZTV5Motor  lto-llvm-937a90.o
    0x0800c6a0   0x0800c6a0   0x00000010   Data   RO          983    .rodata._ZTV6Device  lto-llvm-937a90.o
    0x0800c6b0   0x0800c6b0   0x00000010   Data   RO          938    .rodata.cst16       lto-llvm-937a90.o
    0x0800c6c0   0x0800c6c0   0x00000010   Data   RO          934    .rodata.cst8        lto-llvm-937a90.o
    0x0800c6d0   0x0800c6d0   0x00000042   Data   RO          929    .rodata.str1.1      lto-llvm-937a90.o
    0x0800c712   0x0800c712   0x00000002   PAD
    0x0800c714   0x0800c714   0x00000020   Data   RO         1023    Region$$Table       anon$$obj.o
    0x0800c734   0x0800c734   0x00000008   Data   RO          955    .init_array         lto-llvm-937a90.o
    0x0800c73c   0x0800c734   0x00000000   Data   RO         1008    .init_array         mc_w.l(cpp_init.o)


    Execution Region RW_IRAM1 (Exec base: 0x20000000, Load base: 0x0800c740, Size: 0x00003f20, Max: 0x00020000, ABSOLUTE, COMPRESSED[0x000000e8])

    Exec Addr    Load Addr    Size         Type   Attr      Idx    E Section Name        Object

    0x20000000   COMPRESSED   0x00000004   Data   RW          202    .data               mc_w.l(mvars.o)
    0x20000004   COMPRESSED   0x00000004   Data   RW          203    .data               mc_w.l(mvars.o)
    0x20000008   COMPRESSED   0x00000004   Data   RW          207    .data               mc_w.l(errno.o)
    0x2000000c   COMPRESSED   0x00000004   Data   RW          244    .data               mc_w.l(cpp_dtor.o)
    0x20000010   COMPRESSED   0x0000001c   Data   RW          928    .data.FS_Desc       lto-llvm-937a90.o
    0x2000002c   COMPRESSED   0x00000004   Data   RW          937    .data.SystemCoreClock  lto-llvm-937a90.o
    0x20000030   COMPRESSED   0x00000038   Data   RW          940    .data.USBD_CDC      lto-llvm-937a90.o
    0x20000068   COMPRESSED   0x00000043   Data   RW          943    .data.USBD_CDC_CfgFSDesc  lto-llvm-937a90.o
    0x200000ab   COMPRESSED   0x00000001   PAD
    0x200000ac   COMPRESSED   0x00000043   Data   RW          944    .data.USBD_CDC_CfgHSDesc  lto-llvm-937a90.o
    0x200000ef   COMPRESSED   0x00000001   PAD
    0x200000f0   COMPRESSED   0x0000000a   Data   RW          941    .data.USBD_CDC_DeviceQualifierDesc  lto-llvm-937a90.o
    0x200000fa   COMPRESSED   0x00000002   PAD
    0x200000fc   COMPRESSED   0x00000043   Data   RW          942    .data.USBD_CDC_OtherSpeedCfgDesc  lto-llvm-937a90.o
    0x2000013f   COMPRESSED   0x00000001   PAD
    0x20000140   COMPRESSED   0x00000012   Data   RW          933    .data.USBD_FS_DeviceDesc  lto-llvm-937a90.o
    0x20000152   COMPRESSED   0x00000002   PAD
    0x20000154   COMPRESSED   0x00000010   Data   RW          924    .data.USBD_Interface_fops_FS  lto-llvm-937a90.o
    0x20000164   COMPRESSED   0x00000004   Data   RW          932    .data.USBD_LangIDDesc  lto-llvm-937a90.o
    0x20000168   COMPRESSED   0x0000001a   Data   RW          931    .data.USBD_StringSerial  lto-llvm-937a90.o
    0x20000182   COMPRESSED   0x00000002   PAD
    0x20000184   COMPRESSED   0x00000004   Data   RW          970    .data._ZZ15aRGB_led_changejE10aRGB_value  lto-llvm-937a90.o
    0x20000188   COMPRESSED   0x00000014   Data   RW          946    .data.chassisMotorInit  lto-llvm-937a90.o
    0x2000019c   COMPRESSED   0x00000001   Data   RW          964    .data.key_raw_state  lto-llvm-937a90.o
    0x2000019d   COMPRESSED   0x00000003   PAD
    0x200001a0   COMPRESSED   0x00000048   Data   RW          945    .data.pidRegulator  lto-llvm-937a90.o
    0x200001e8   COMPRESSED   0x00000014   Data   RW          957    .data.userMotorInit  lto-llvm-937a90.o
    0x200001fc   COMPRESSED   0x00000048   Data   RW          956    .data.userPidRegulator  lto-llvm-937a90.o
    0x20000244   COMPRESSED   0x00000004   Data   RW          935    .data.uwTickPrio    lto-llvm-937a90.o
    0x20000248        -       0x000000c8   Zero   RW          949    .bss.CMBL           lto-llvm-937a90.o
    0x20000310        -       0x000000c8   Zero   RW          950    .bss.CMBR           lto-llvm-937a90.o
    0x200003d8        -       0x000000c8   Zero   RW          947    .bss.CMFL           lto-llvm-937a90.o
    0x200004a0        -       0x000000c8   Zero   RW          948    .bss.CMFR           lto-llvm-937a90.o
    0x20000568        -       0x00000001   Zero   RW          951    .bss.ChassisStopFlag  lto-llvm-937a90.o
    0x20000569   COMPRESSED   0x00000003   PAD
    0x2000056c        -       0x00000004   Zero   RW          952    .bss.FBVelocity     lto-llvm-937a90.o
    0x20000570        -       0x00000004   Zero   RW          918    .bss.HAL_RCC_CAN1_CLK_ENABLED  lto-llvm-937a90.o
    0x20000574        -       0x00000004   Zero   RW          953    .bss.LRVelocity     lto-llvm-937a90.o
    0x20000578        -       0x00000004   Zero   RW          954    .bss.RTVelocity     lto-llvm-937a90.o
    0x2000057c        -       0x00000001   Zero   RW          939    .bss.USBD_SetConfig.cfgidx  lto-llvm-937a90.o
    0x2000057d   COMPRESSED   0x00000003   PAD
    0x20000580        -       0x00000200   Zero   RW          930    .bss.USBD_StrDesc   lto-llvm-937a90.o
    0x20000780        -       0x000000c8   Zero   RW          958    .bss.UserMotor      lto-llvm-937a90.o
    0x20000848        -       0x00000800   Zero   RW          926    .bss.UserRxBufferFS  lto-llvm-937a90.o
    0x20001048        -       0x00000800   Zero   RW          925    .bss.UserTxBufferFS  lto-llvm-937a90.o
    0x20001848        -       0x00000048   Zero   RW          984    .bss._ZN13RemoteControl11sbus_rx_bufE  lto-llvm-937a90.o
    0x20001890        -       0x00000004   Zero   RW          986    .bss._ZN13RemoteControl6rcInfoE.1  lto-llvm-937a90.o
    0x20001894        -       0x00000004   Zero   RW          987    .bss._ZN13RemoteControl6rcInfoE.2  lto-llvm-937a90.o
    0x20001898        -       0x00000004   Zero   RW          988    .bss._ZN13RemoteControl6rcInfoE.3  lto-llvm-937a90.o
    0x2000189c        -       0x00000001   Zero   RW          989    .bss._ZN13RemoteControl6rcInfoE.5  lto-llvm-937a90.o
    0x2000189d   COMPRESSED   0x00000003   PAD
    0x200018a0        -       0x00000001   Zero   RW          990    .bss._ZN13RemoteControl6rcInfoE.7  lto-llvm-937a90.o
    0x200018a1   COMPRESSED   0x00000003   PAD
    0x200018a4        -       0x00000004   Zero   RW          991    .bss._ZN13RemoteControl7rc_ctrlE.0.0.0  lto-llvm-937a90.o
    0x200018a8        -       0x00000004   Zero   RW          992    .bss._ZN13RemoteControl7rc_ctrlE.0.0.1  lto-llvm-937a90.o
    0x200018ac        -       0x00000004   Zero   RW          993    .bss._ZN13RemoteControl7rc_ctrlE.0.0.2  lto-llvm-937a90.o
    0x200018b0        -       0x00000004   Zero   RW          994    .bss._ZN13RemoteControl7rc_ctrlE.0.0.3  lto-llvm-937a90.o
    0x200018b4        -       0x00000004   Zero   RW          995    .bss._ZN13RemoteControl7rc_ctrlE.0.0.4  lto-llvm-937a90.o
    0x200018b8        -       0x00000004   Zero   RW          996    .bss._ZN13RemoteControl7rc_ctrlE.0.1.0  lto-llvm-937a90.o
    0x200018bc        -       0x00000004   Zero   RW          997    .bss._ZN13RemoteControl7rc_ctrlE.0.1.1  lto-llvm-937a90.o
    0x200018c0        -       0x00000020   Zero   RW          979    .bss._ZN5Motor15motor_intensityE  lto-llvm-937a90.o
    0x200018e0        -       0x00000040   Zero   RW          978    .bss._ZN5Motor9motorPtrsE  lto-llvm-937a90.o
    0x20001920        -       0x00000004   Zero   RW          980    .bss._ZN5Motor9motor_IDsE  lto-llvm-937a90.o
    0x20001924        -       0x00000002   Zero   RW          967    .bss._ZZ13aRGB_led_showjE3red  lto-llvm-937a90.o
    0x20001926        -       0x00000002   Zero   RW          969    .bss._ZZ13aRGB_led_showjE4blue  lto-llvm-937a90.o
    0x20001928        -       0x00000001   Zero   RW          966    .bss._ZZ13aRGB_led_showjE5alpha  lto-llvm-937a90.o
    0x20001929   COMPRESSED   0x00000001   PAD
    0x2000192a        -       0x00000002   Zero   RW          968    .bss._ZZ13aRGB_led_showjE5green  lto-llvm-937a90.o
    0x2000192c        -       0x00000004   Zero   RW          971    .bss._ZZ15aRGB_led_changejE8lastTick  lto-llvm-937a90.o
    0x20001930        -       0x00000004   Zero   RW          972    .bss._ZZ15aRGB_led_changejE9lastPhase  lto-llvm-937a90.o
    0x20001934        -       0x00000004   Zero   RW          974    .bss._ZZ15bsp_ADC_vccMonivE14calibrationCnt  lto-llvm-937a90.o
    0x20001938        -       0x00000001   Zero   RW          973    .bss._ZZ15bsp_ADC_vccMonivE15calibrationCplt  lto-llvm-937a90.o
    0x20001939   COMPRESSED   0x00000003   PAD
    0x2000193c        -       0x00000004   Zero   RW          976    .bss._ZZ15bsp_ADC_vccMonivE7vrefSum  lto-llvm-937a90.o
    0x20001940        -       0x00000004   Zero   RW          975    .bss._ZZ15bsp_ADC_vccMonivE9vrefValue  lto-llvm-937a90.o
    0x20001944        -       0x00000004   Zero   RW          977    .bss._ZZ29HAL_TIM_PeriodElapsedCallbackE3cnt  lto-llvm-937a90.o
    0x20001948        -       0x00000002   Zero   RW          985    .bss._ZZN13RemoteControl8ITHandleEvE16this_time_rx_len  lto-llvm-937a90.o
    0x2000194a   COMPRESSED   0x00000002   PAD
    0x2000194c        -       0x00000004   Zero   RW          982    .bss._ZZN5Motor16MotorStateUpdateEvE8lastRead  lto-llvm-937a90.o
    0x20001950        -       0x00000200   Zero   RW          961    .bss.flashData      lto-llvm-937a90.o
    0x20001b50        -       0x0000029c   Zero   RW          923    .bss.hUsbDeviceFS   lto-llvm-937a90.o
    0x20001dec        -       0x00000048   Zero   RW          908    .bss.hadc1          lto-llvm-937a90.o
    0x20001e34        -       0x00000048   Zero   RW          909    .bss.hadc3          lto-llvm-937a90.o
    0x20001e7c        -       0x00000028   Zero   RW          916    .bss.hcan1          lto-llvm-937a90.o
    0x20001ea4        -       0x00000028   Zero   RW          917    .bss.hcan2          lto-llvm-937a90.o
    0x20001ecc        -       0x00000060   Zero   RW          914    .bss.hdma_usart1_rx  lto-llvm-937a90.o
    0x20001f2c        -       0x00000060   Zero   RW          913    .bss.hdma_usart1_tx  lto-llvm-937a90.o
    0x20001f8c        -       0x00000060   Zero   RW          915    .bss.hdma_usart3_rx  lto-llvm-937a90.o
    0x20001fec        -       0x00000054   Zero   RW          919    .bss.hi2c3          lto-llvm-937a90.o
    0x20002040        -       0x0000000c   Zero   RW          922    .bss.hiwdg          lto-llvm-937a90.o
    0x2000204c        -       0x00000408   Zero   RW          927    .bss.hpcd_USB_OTG_FS  lto-llvm-937a90.o
    0x20002454        -       0x00000058   Zero   RW          920    .bss.hspi1          lto-llvm-937a90.o
    0x200024ac        -       0x00000058   Zero   RW          921    .bss.hspi2          lto-llvm-937a90.o
    0x20002504        -       0x00000040   Zero   RW          903    .bss.htim1          lto-llvm-937a90.o
    0x20002544        -       0x00000040   Zero   RW          907    .bss.htim10         lto-llvm-937a90.o
    0x20002584        -       0x00000040   Zero   RW          904    .bss.htim4          lto-llvm-937a90.o
    0x200025c4        -       0x00000040   Zero   RW          905    .bss.htim5          lto-llvm-937a90.o
    0x20002604        -       0x00000040   Zero   RW          906    .bss.htim8          lto-llvm-937a90.o
    0x20002644        -       0x00000040   Zero   RW          910    .bss.huart1         lto-llvm-937a90.o
    0x20002684        -       0x00000040   Zero   RW          911    .bss.huart3         lto-llvm-937a90.o
    0x200026c4        -       0x00000040   Zero   RW          912    .bss.huart6         lto-llvm-937a90.o
    0x20002704        -       0x00000001   Zero   RW          962    .bss.init_Flag      lto-llvm-937a90.o
    0x20002705   COMPRESSED   0x00000003   PAD
    0x20002708        -       0x00000004   Zero   RW          965    .bss.key_last_stamp  lto-llvm-937a90.o
    0x2000270c        -       0x00000001   Zero   RW          963    .bss.period         lto-llvm-937a90.o
    0x2000270d   COMPRESSED   0x00000003   PAD
    0x20002710        -       0x00000004   Zero   RW          936    .bss.uwTick         lto-llvm-937a90.o
    0x20002714        -       0x00000004   Zero   RW          960    .bss.vccBat         lto-llvm-937a90.o
    0x20002718        -       0x00000004   Zero   RW          959    .bss.vccMoni        lto-llvm-937a90.o
    0x2000271c   COMPRESSED   0x00000004   PAD
    0x20002720        -       0x00001000   Zero   RW            2    HEAP                startup_stm32f407xx.o
    0x20003720        -       0x00000800   Zero   RW            1    STACK               startup_stm32f407xx.o


==============================================================================

Image component sizes


      Code (inc. data)   RO Data    RW Data    ZI Data      Debug   Object Name

     46092        134        138        556       9404     193798   lto-llvm-937a90.o
        36          8        392          0       6144        816   startup_stm32f407xx.o

    ----------------------------------------------------------------------
     46442        142        564        568      15576     194614   Object Totals
         0          0         32          0          0          0   (incl. Generated)
       314          0          2         12         28          0   (incl. Padding)

    ----------------------------------------------------------------------

      Code (inc. data)   RO Data    RW Data    ZI Data      Debug   Library Member Name

         4          0          0          0          0          0   abort_message.cpp.o
        40         32          0          0          0          0   cxa_virtual.cpp.o
       100         28          0          0          0        372   dunder.o
       140         22          0          0          0        132   frexp.o
       980         92         56          0          0        440   log.o
       256         36          0          0          0        164   log2.o
       248          0          0          0          0        152   poly.o
         0          0          8          0          0          0   qnan.o
        86          0          0          0          0          0   __dczerorl2.o
        46          0          0          0          0         84   aeabi_atexit.o
         8          4          0          4          0         68   cpp_dtor.o
         2          0          0          0          0         68   cpp_final.o
        32         10          0          0          0         80   cpp_init.o
        10          0          0          0          0         68   cxa_atexit.o
        66          0          0          0          0         84   cxa_finalize.o
         0          0          0          0          0          0   entry.o
         0          0          0          0          0          0   entry10a.o
         4          0          0          0          0          0   entry10b.o
         0          0          0          0          0          0   entry11a.o
         8          4          0          0          0          0   entry2.o
         4          0          0          0          0          0   entry5.o
         0          0          0          0          0          0   entry7b.o
         4          0          0          0          0          0   entry8a.o
         0          0          0          0          0          0   entry8b.o
         8          4          0          0          0          0   entry9a.o
        12          6          0          4          0         68   errno.o
        30          0          0          0          0          0   handlers.o
        36          8          0          0          0         68   init.o
         0          0          0          0          0          0   iusefp.o
        30          0          0          0          0         68   llshl.o
        36          0          0          0          0         68   llsshr.o
        32          0          0          0          0         68   llushr.o
       188         20          0          0          0        160   malloc.o
        36          0          0          0          0         68   memcpya.o
        36          0          0          0          0        108   memseta.o
         0          0          0          8          0          0   mvars.o
        98          0          0          0          0         92   uldiv.o
        48          0          0          0          0         68   cdcmple.o
        56          0          0          0          0         88   d2f.o
       334          0          0          0          0        148   dadd.o
       222          0          0          0          0        100   ddiv.o
       186          0          0          0          0        176   depilogue.o
        50          0          0          0          0         76   dfixui.o
        34          0          0          0          0         76   dflti.o
        26          0          0          0          0         76   dfltui.o
       228          0          0          0          0         96   dmul.o
        38          0          0          0          0         68   f2d.o
       110          0          0          0          0        168   fepilogue.o

    ----------------------------------------------------------------------
      3934        274         64         16          0       3620   Library Totals
        22          8          0          0          0          0   (incl. Padding)

    ----------------------------------------------------------------------

      Code (inc. data)   RO Data    RW Data    ZI Data      Debug   Library Name

        44         32          0          0          0          0   libcppabi_w.l
      1724        178         64          0          0       1260   m_wm.l
       812         56          0         16          0       1220   mc_w.l
      1332          0          0          0          0       1140   mf_w.l

    ----------------------------------------------------------------------
      3934        274         64         16          0       3620   Library Totals

    ----------------------------------------------------------------------

==============================================================================


      Code (inc. data)   RO Data    RW Data    ZI Data      Debug   

     50376        416        628        584      15576     196674   Grand Totals
     50376        416        628        232      15576     196674   ELF Image Totals (compressed)
     50376        416        628        232          0          0   ROM Totals

==============================================================================

    Total RO  Size (Code + RO Data)                51004 (  49.81kB)
    Total RW  Size (RW Data + ZI Data)             16160 (  15.78kB)
    Total ROM Size (Code + RO Data + RW Data)      51236 (  50.04kB)

==============================================================================

