Component: ARM Compiler 6.12 Tool: armlink [5d624300]

==============================================================================

Section Cross References

    startup_stm32f407xx.o(RESET) refers to startup_stm32f407xx.o(STACK) for __initial_sp
    startup_stm32f407xx.o(RESET) refers to startup_stm32f407xx.o(.text) for Reset_Handler
    startup_stm32f407xx.o(RESET) refers to lto-llvm-26abbc.o(.text.NMI_Handler) for NMI_Handler
    startup_stm32f407xx.o(RESET) refers to lto-llvm-26abbc.o(.text.HardFault_Handler) for HardFault_Handler
    startup_stm32f407xx.o(RESET) refers to lto-llvm-26abbc.o(.text.MemManage_Handler) for MemManage_Handler
    startup_stm32f407xx.o(RESET) refers to lto-llvm-26abbc.o(.text.BusFault_Handler) for BusFault_Handler
    startup_stm32f407xx.o(RESET) refers to lto-llvm-26abbc.o(.text.UsageFault_Handler) for UsageFault_Handler
    startup_stm32f407xx.o(RESET) refers to lto-llvm-26abbc.o(.text.SVC_Handler) for SVC_Handler
    startup_stm32f407xx.o(RESET) refers to lto-llvm-26abbc.o(.text.DebugMon_Handler) for DebugMon_Handler
    startup_stm32f407xx.o(RESET) refers to lto-llvm-26abbc.o(.text.PendSV_Handler) for PendSV_Handler
    startup_stm32f407xx.o(RESET) refers to lto-llvm-26abbc.o(.text.SysTick_Handler) for SysTick_Handler
    startup_stm32f407xx.o(RESET) refers to lto-llvm-26abbc.o(.text.EXTI0_IRQHandler) for EXTI0_IRQHandler
    startup_stm32f407xx.o(RESET) refers to lto-llvm-26abbc.o(.text.EXTI3_IRQHandler) for EXTI3_IRQHandler
    startup_stm32f407xx.o(RESET) refers to lto-llvm-26abbc.o(.text.DMA1_Stream1_IRQHandler) for DMA1_Stream1_IRQHandler
    startup_stm32f407xx.o(RESET) refers to lto-llvm-26abbc.o(.text.CAN1_RX0_IRQHandler) for CAN1_RX0_IRQHandler
    startup_stm32f407xx.o(RESET) refers to lto-llvm-26abbc.o(.text.TIM1_UP_TIM10_IRQHandler) for TIM1_UP_TIM10_IRQHandler
    startup_stm32f407xx.o(RESET) refers to lto-llvm-26abbc.o(.text.USART1_IRQHandler) for USART1_IRQHandler
    startup_stm32f407xx.o(RESET) refers to lto-llvm-26abbc.o(.text.USART3_IRQHandler) for USART3_IRQHandler
    startup_stm32f407xx.o(RESET) refers to lto-llvm-26abbc.o(.text.DMA2_Stream2_IRQHandler) for DMA2_Stream2_IRQHandler
    startup_stm32f407xx.o(RESET) refers to lto-llvm-26abbc.o(.text.CAN2_RX0_IRQHandler) for CAN2_RX0_IRQHandler
    startup_stm32f407xx.o(RESET) refers to lto-llvm-26abbc.o(.text.OTG_FS_IRQHandler) for OTG_FS_IRQHandler
    startup_stm32f407xx.o(RESET) refers to lto-llvm-26abbc.o(.text.DMA2_Stream7_IRQHandler) for DMA2_Stream7_IRQHandler
    startup_stm32f407xx.o(RESET) refers to lto-llvm-26abbc.o(.text.USART6_IRQHandler) for USART6_IRQHandler
    startup_stm32f407xx.o(.text) refers to lto-llvm-26abbc.o(.text.SystemInit) for SystemInit
    startup_stm32f407xx.o(.text) refers to entry.o(.ARM.Collect$$$$00000000) for __main
    cxa_virtual.cpp.o(.text.__cxa_pure_virtual) refers to abort_message.cpp.o(.text.abort_message) for abort_message
    cxa_virtual.cpp.o(.ARM.exidx.text.__cxa_pure_virtual) refers to cxa_virtual.cpp.o(.text.__cxa_pure_virtual) for [Anonymous Symbol]
    cxa_virtual.cpp.o(.text.__cxa_deleted_virtual) refers to abort_message.cpp.o(.text.abort_message) for abort_message
    cxa_virtual.cpp.o(.ARM.exidx.text.__cxa_deleted_virtual) refers to cxa_virtual.cpp.o(.text.__cxa_deleted_virtual) for [Anonymous Symbol]
    log2.o(i.__hardfp_log2) refers (Special) to iusefp.o(.text) for __I$use$fp
    log2.o(i.__hardfp_log2) refers to cdcmple.o(.text) for __aeabi_cdcmpeq
    log2.o(i.__hardfp_log2) refers to dunder.o(i.__mathlib_dbl_infnan) for __mathlib_dbl_infnan
    log2.o(i.__hardfp_log2) refers to errno.o(i.__set_errno) for __set_errno
    log2.o(i.__hardfp_log2) refers to dunder.o(i.__mathlib_dbl_invalid) for __mathlib_dbl_invalid
    log2.o(i.__hardfp_log2) refers to frexp.o(i.frexp) for frexp
    log2.o(i.__hardfp_log2) refers to dmul.o(.text) for __aeabi_dmul
    log2.o(i.__hardfp_log2) refers to log.o(i.log) for log
    log2.o(i.__hardfp_log2) refers to ddiv.o(.text) for __aeabi_ddiv
    log2.o(i.__hardfp_log2) refers to dflti.o(.text) for __aeabi_i2d
    log2.o(i.__hardfp_log2) refers to dadd.o(.text) for __aeabi_dadd
    log2.o(i.log2) refers (Special) to iusefp.o(.text) for __I$use$fp
    log2.o(i.log2) refers to cdcmple.o(.text) for __aeabi_cdcmpeq
    log2.o(i.log2) refers to dunder.o(i.__mathlib_dbl_infnan) for __mathlib_dbl_infnan
    log2.o(i.log2) refers to errno.o(i.__set_errno) for __set_errno
    log2.o(i.log2) refers to dunder.o(i.__mathlib_dbl_invalid) for __mathlib_dbl_invalid
    log2.o(i.log2) refers to frexp.o(i.frexp) for frexp
    log2.o(i.log2) refers to dmul.o(.text) for __aeabi_dmul
    log2.o(i.log2) refers to log.o(i.log) for log
    log2.o(i.log2) refers to ddiv.o(.text) for __aeabi_ddiv
    log2.o(i.log2) refers to dflti.o(.text) for __aeabi_i2d
    log2.o(i.log2) refers to dadd.o(.text) for __aeabi_dadd
    log2_x.o(i.____hardfp_log2$lsc) refers (Special) to iusefp.o(.text) for __I$use$fp
[...]
    hpcd_USB_OTG_FS                          0x20002054   Data        1032  lto-llvm-26abbc.o(.bss.hpcd_USB_OTG_FS)
    [Anonymous Symbol]                       0x20002054   Section        0  lto-llvm-26abbc.o(.bss.hpcd_USB_OTG_FS)
    hspi1                                    0x2000245c   Data          88  lto-llvm-26abbc.o(.bss.hspi1)
    [Anonymous Symbol]                       0x2000245c   Section        0  lto-llvm-26abbc.o(.bss.hspi1)
    hspi2                                    0x200024b4   Data          88  lto-llvm-26abbc.o(.bss.hspi2)
    [Anonymous Symbol]                       0x200024b4   Section        0  lto-llvm-26abbc.o(.bss.hspi2)
    htim1                                    0x2000250c   Data          64  lto-llvm-26abbc.o(.bss.htim1)
    [Anonymous Symbol]                       0x2000250c   Section        0  lto-llvm-26abbc.o(.bss.htim1)
    htim10                                   0x2000254c   Data          64  lto-llvm-26abbc.o(.bss.htim10)
    [Anonymous Symbol]                       0x2000254c   Section        0  lto-llvm-26abbc.o(.bss.htim10)
    htim4                                    0x2000258c   Data          64  lto-llvm-26abbc.o(.bss.htim4)
    [Anonymous Symbol]                       0x2000258c   Section        0  lto-llvm-26abbc.o(.bss.htim4)
    htim5                                    0x200025cc   Data          64  lto-llvm-26abbc.o(.bss.htim5)
    [Anonymous Symbol]                       0x200025cc   Section        0  lto-llvm-26abbc.o(.bss.htim5)
    htim8                                    0x2000260c   Data          64  lto-llvm-26abbc.o(.bss.htim8)
    [Anonymous Symbol]                       0x2000260c   Section        0  lto-llvm-26abbc.o(.bss.htim8)
    huart1                                   0x2000264c   Data          64  lto-llvm-26abbc.o(.bss.huart1)
    [Anonymous Symbol]                       0x2000264c   Section        0  lto-llvm-26abbc.o(.bss.huart1)
    huart3                                   0x2000268c   Data          64  lto-llvm-26abbc.o(.bss.huart3)
    [Anonymous Symbol]                       0x2000268c   Section        0  lto-llvm-26abbc.o(.bss.huart3)
    huart6                                   0x200026cc   Data          64  lto-llvm-26abbc.o(.bss.huart6)
    [Anonymous Symbol]                       0x200026cc   Section        0  lto-llvm-26abbc.o(.bss.huart6)
    init_Flag                                0x2000270c   Data           1  lto-llvm-26abbc.o(.bss.init_Flag)
    [Anonymous Symbol]                       0x2000270c   Section        0  lto-llvm-26abbc.o(.bss.init_Flag)
    key_last_stamp                           0x20002710   Data           4  lto-llvm-26abbc.o(.bss.key_last_stamp)
    [Anonymous Symbol]                       0x20002710   Section        0  lto-llvm-26abbc.o(.bss.key_last_stamp)
    period                                   0x20002714   Data           1  lto-llvm-26abbc.o(.bss.period)
    [Anonymous Symbol]                       0x20002714   Section        0  lto-llvm-26abbc.o(.bss.period)
    uwTick                                   0x20002718   Data           4  lto-llvm-26abbc.o(.bss.uwTick)
    [Anonymous Symbol]                       0x20002718   Section        0  lto-llvm-26abbc.o(.bss.uwTick)
    vccBat                                   0x2000271c   Data           4  lto-llvm-26abbc.o(.bss.vccBat)
    [Anonymous Symbol]                       0x2000271c   Section        0  lto-llvm-26abbc.o(.bss.vccBat)
    vccMoni                                  0x20002720   Data           4  lto-llvm-26abbc.o(.bss.vccMoni)
    [Anonymous Symbol]                       0x20002720   Section        0  lto-llvm-26abbc.o(.bss.vccMoni)
    x                                        0x20002724   Data           4  lto-llvm-26abbc.o(.bss.x)
    [Anonymous Symbol]                       0x20002724   Section        0  lto-llvm-26abbc.o(.bss.x)
    HEAP                                     0x20002728   Section     4096  startup_stm32f407xx.o(HEAP)
    STACK                                    0x20003728   Section     2048  startup_stm32f407xx.o(STACK)

    Global Symbols

    Symbol Name                              Value     Ov Type        Size  Object(Section)

    BuildAttributes$$THM_ISAv4$E$P$D$K$B$S$7EM$VFPi3$EXTD16$VFPS$VFMA$PE$A:L22UL41UL21$X:L11$S22US41US21$IEEE1$IW$~IW$USESV6$~STKCKD$USESV7$~SHL$OTIME$ROPI$IEEEX$EBA8$MICROLIB$REQ8$PRES8$EABIv2 0x00000000   Number         0  anon$$obj.o ABSOLUTE
    _clock_init                               - Undefined Weak Reference
    _microlib_exit                            - Undefined Weak Reference
    __Vectors_Size                           0x00000188   Number         0  startup_stm32f407xx.o ABSOLUTE
    __Vectors                                0x08000000   Data           4  startup_stm32f407xx.o(RESET)
    __dso_handle                             0x08000000   Number         0  startup_stm32f407xx.o(RESET)
    __Vectors_End                            0x08000188   Data           0  startup_stm32f407xx.o(RESET)
    __main                                   0x08000189   Thumb Code     0  entry.o(.ARM.Collect$$$$00000000)
    _main_stk                                0x08000189   Thumb Code     0  entry2.o(.ARM.Collect$$$$00000001)
    _main_scatterload                        0x0800018d   Thumb Code     0  entry5.o(.ARM.Collect$$$$00000004)
    __main_after_scatterload                 0x08000191   Thumb Code     0  entry5.o(.ARM.Collect$$$$00000004)
    _main_clock                              0x08000191   Thumb Code     0  entry7b.o(.ARM.Collect$$$$00000008)
    _main_cpp_init$empty                     0x08000191   Thumb Code     0  entry8a.o(.ARM.Collect$$$$00000009)
    _main_cpp_init                           0x08000195   Thumb Code     0  entry8b.o(.ARM.Collect$$$$0000000A)
    _main_init                               0x08000195   Thumb Code     0  entry9a.o(.ARM.Collect$$$$0000000B)
    __rt_final_cpp                           0x0800019d   Thumb Code     0  entry10a.o(.ARM.Collect$$$$0000000D)
    __rt_final_cpp$nonempty                  0x0800019d   Thumb Code     0  entry10b.o(.ARM.Collect$$$$0000000E)
    __rt_final_exit                          0x080001a1   Thumb Code     0  entry11a.o(.ARM.Collect$$$$0000000F)
    Reset_Handler                            0x080001a5   Thumb Code     8  startup_stm32f407xx.o(.text)
    ADC_IRQHandler                           0x080001bf   Thumb Code     0  startup_stm32f407xx.o(.text)
    CAN1_RX1_IRQHandler                      0x080001bf   Thumb Code     0  startup_stm32f407xx.o(.text)
    CAN1_SCE_IRQHandler                      0x080001bf   Thumb Code     0  startup_stm32f407xx.o(.text)
    CAN1_TX_IRQHandler                       0x080001bf   Thumb Code     0  startup_stm32f407xx.o(.text)
    CAN2_RX1_IRQHandler                      0x080001bf   Thumb Code     0  startup_stm32f407xx.o(.text)
    CAN2_SCE_IRQHandler                      0x080001bf   Thumb Code     0  startup_stm32f407xx.o(.text)
    CAN2_TX_IRQHandler                       0x080001bf   Thumb Code     0  startup_stm32f407xx.o(.text)
    DCMI_IRQHandler                          0x080001bf   Thumb Code     0  startup_stm32f407xx.o(.text)
    DMA1_Stream0_IRQHandler                  0x080001bf   Thumb Code     0  startup_stm32f407xx.o(.text)
    DMA1_Stream2_IRQHandler                  0x080001bf   Thumb Code     0  startup_stm32f407xx.o(.text)
    DMA1_Stream3_IRQHandler                  0x080001bf   Thumb Code     0  startup_stm32f407xx.o(.text)
    DMA1_Stream4_IRQHandler                  0x080001bf   Thumb Code     0  startup_stm32f407xx.o(.text)
    DMA1_Stream5_IRQHandler                  0x080001bf   Thumb Code     0  startup_stm32f407xx.o(.text)
    DMA1_Stream6_IRQHandler                  0x080001bf   Thumb Code     0  startup_stm32f407xx.o(.text)
    DMA1_Stream7_IRQHandler                  0x080001bf   Thumb Code     0  startup_stm32f407xx.o(.text)
    DMA2_Stream0_IRQHandler                  0x080001bf   Thumb Code     0  startup_stm32f407xx.o(.text)
    DMA2_Stream1_IRQHandler                  0x080001bf   Thumb Code     0  startup_stm32f407xx.o(.text)
    DMA2_Stream3_IRQHandler                  0x080001bf   Thumb Code     0  startup_stm32f407xx.o(.text)
    DMA2_Stream4_IRQHandler                  0x080001bf   Thumb Code     0  startup_stm32f407xx.o(.text)
    DMA2_Stream5_IRQHandler                  0x080001bf   Thumb Code     0  startup_stm32f407xx.o(.text)
    DMA2_Stream6_IRQHandler                  0x080001bf   Thumb Code     0  startup_stm32f407xx.o(.text)
    ETH_IRQHandler                           0x080001bf   Thumb Code     0  startup_stm32f407xx.o(.text)
    ETH_WKUP_IRQHandler                      0x080001bf   Thumb Code     0  startup_stm32f407xx.o(.text)
    EXTI15_10_IRQHandler                     0x080001bf   Thumb Code     0  startup_stm32f407xx.o(.text)
    EXTI1_IRQHandler                         0x080001bf   Thumb Code     0  startup_stm32f407xx.o(.text)
    EXTI2_IRQHandler                         0x080001bf   Thumb Code     0  startup_stm32f407xx.o(.text)
    EXTI4_IRQHandler                         0x080001bf   Thumb Code     0  startup_stm32f407xx.o(.text)
    EXTI9_5_IRQHandler                       0x080001bf   Thumb Code     0  startup_stm32f407xx.o(.text)
    FLASH_IRQHandler                         0x080001bf   Thumb Code     0  startup_stm32f407xx.o(.text)
    FMC_IRQHandler                           0x080001bf   Thumb Code     0  startup_stm32f407xx.o(.text)
    FPU_IRQHandler                           0x080001bf   Thumb Code     0  startup_stm32f407xx.o(.text)
    HASH_RNG_IRQHandler                      0x080001bf   Thumb Code     0  startup_stm32f407xx.o(.text)
    I2C1_ER_IRQHandler                       0x080001bf   Thumb Code     0  startup_stm32f407xx.o(.text)
    I2C1_EV_IRQHandler                       0x080001bf   Thumb Code     0  startup_stm32f407xx.o(.text)
    I2C2_ER_IRQHandler                       0x080001bf   Thumb Code     0  startup_stm32f407xx.o(.text)
    I2C2_EV_IRQHandler                       0x080001bf   Thumb Code     0  startup_stm32f407xx.o(.text)
    I2C3_ER_IRQHandler                       0x080001bf   Thumb Code     0  startup_stm32f407xx.o(.text)
    I2C3_EV_IRQHandler                       0x080001bf   Thumb Code     0  startup_stm32f407xx.o(.text)
    OTG_FS_WKUP_IRQHandler                   0x080001bf   Thumb Code     0  startup_stm32f407xx.o(.text)
    OTG_HS_EP1_IN_IRQHandler                 0x080001bf   Thumb Code     0  startup_stm32f407xx.o(.text)
    OTG_HS_EP1_OUT_IRQHandler                0x080001bf   Thumb Code     0  startup_stm32f407xx.o(.text)
    OTG_HS_IRQHandler                        0x080001bf   Thumb Code     0  startup_stm32f407xx.o(.text)
    OTG_HS_WKUP_IRQHandler                   0x080001bf   Thumb Code     0  startup_stm32f407xx.o(.text)
    PVD_IRQHandler                           0x080001bf   Thumb Code     0  startup_stm32f407xx.o(.text)
    RCC_IRQHandler                           0x080001bf   Thumb Code     0  startup_stm32f407xx.o(.text)
    RTC_Alarm_IRQHandler                     0x080001bf   Thumb Code     0  startup_stm32f407xx.o(.text)
    RTC_WKUP_IRQHandler                      0x080001bf   Thumb Code     0  startup_stm32f407xx.o(.text)
    SDIO_IRQHandler                          0x080001bf   Thumb Code     0  startup_stm32f407xx.o(.text)
    SPI1_IRQHandler                          0x080001bf   Thumb Code     0  startup_stm32f407xx.o(.text)
    SPI2_IRQHandler                          0x080001bf   Thumb Code     0  startup_stm32f407xx.o(.text)
    SPI3_IRQHandler                          0x080001bf   Thumb Code     0  startup_stm32f407xx.o(.text)
    TAMP_STAMP_IRQHandler                    0x080001bf   Thumb Code     0  startup_stm32f407xx.o(.text)
    TIM1_BRK_TIM9_IRQHandler                 0x080001bf   Thumb Code     0  startup_stm32f407xx.o(.text)
    TIM1_CC_IRQHandler                       0x080001bf   Thumb Code     0  startup_stm32f407xx.o(.text)
    TIM1_TRG_COM_TIM11_IRQHandler            0x080001bf   Thumb Code     0  startup_stm32f407xx.o(.text)
    TIM2_IRQHandler                          0x080001bf   Thumb Code     0  startup_stm32f407xx.o(.text)
    TIM3_IRQHandler                          0x080001bf   Thumb Code     0  startup_stm32f407xx.o(.text)
    TIM4_IRQHandler                          0x080001bf   Thumb Code     0  startup_stm32f407xx.o(.text)
    TIM5_IRQHandler                          0x080001bf   Thumb Code     0  startup_stm32f407xx.o(.text)
    TIM6_DAC_IRQHandler                      0x080001bf   Thumb Code     0  startup_stm32f407xx.o(.text)
    TIM7_IRQHandler                          0x080001bf   Thumb Code     0  startup_stm32f407xx.o(.text)
    TIM8_BRK_TIM12_IRQHandler                0x080001bf   Thumb Code     0  startup_stm32f407xx.o(.text)
    TIM8_CC_IRQHandler                       0x080001bf   Thumb Code     0  startup_stm32f407xx.o(.text)
    TIM8_TRG_COM_TIM14_IRQHandler            0x080001bf   Thumb Code     0  startup_stm32f407xx.o(.text)
    TIM8_UP_TIM13_IRQHandler                 0x080001bf   Thumb Code     0  startup_stm32f407xx.o(.text)
    UART4_IRQHandler                         0x080001bf   Thumb Code     0  startup_stm32f407xx.o(.text)
    UART5_IRQHandler                         0x080001bf   Thumb Code     0  startup_stm32f407xx.o(.text)
    USART2_IRQHandler                        0x080001bf   Thumb Code     0  startup_stm32f407xx.o(.text)
    WWDG_IRQHandler                          0x080001bf   Thumb Code     0  startup_stm32f407xx.o(.text)
    __cxa_atexit                             0x080001c9   Thumb Code    10  cxa_atexit.o(.text)
    __aeabi_uldivmod                         0x080001d3   Thumb Code    98  uldiv.o(.text)
    __aeabi_memcpy                           0x08000235   Thumb Code    36  memcpya.o(.text)
    __aeabi_memcpy4                          0x08000235   Thumb Code     0  memcpya.o(.text)
    __aeabi_memcpy8                          0x08000235   Thumb Code     0  memcpya.o(.text)
    __I$use$fp                               0x08000259   Thumb Code     0  iusefp.o(.text)
    __aeabi_atexit                           0x08000259   Thumb Code    46  aeabi_atexit.o(.text)
    __aeabi_dadd                             0x08000287   Thumb Code   322  dadd.o(.text)
    __aeabi_dsub                             0x080003c9   Thumb Code     6  dadd.o(.text)
    __aeabi_drsub                            0x080003cf   Thumb Code     6  dadd.o(.text)
    __aeabi_dmul                             0x080003d5   Thumb Code   228  dmul.o(.text)
    __aeabi_ddiv                             0x080004b9   Thumb Code   222  ddiv.o(.text)
    __aeabi_i2d                              0x08000597   Thumb Code    34  dflti.o(.text)
    __aeabi_cdcmpeq                          0x080005b9   Thumb Code     0  cdcmple.o(.text)
    __aeabi_cdcmple                          0x080005b9   Thumb Code    48  cdcmple.o(.text)
    __scatterload                            0x080005e9   Thumb Code    28  init.o(.text)
    __scatterload_rt2                        0x080005e9   Thumb Code     0  init.o(.text)
    __aeabi_llsl                             0x0800060d   Thumb Code    30  llshl.o(.text)
    _ll_shift_l                              0x0800060d   Thumb Code     0  llshl.o(.text)
    __aeabi_llsr                             0x0800062b   Thumb Code    32  llushr.o(.text)
    _ll_ushift_r                             0x0800062b   Thumb Code     0  llushr.o(.text)
    __aeabi_lasr                             0x0800064b   Thumb Code    36  llsshr.o(.text)
    _ll_sshift_r                             0x0800064b   Thumb Code     0  llsshr.o(.text)
    __rt_ddtor_pointer_addr                  0x08000671   Thumb Code     4  cpp_dtor.o(.text)
    __cxa_finalize                           0x08000679   Thumb Code    66  cxa_finalize.o(.text)
    _double_round                            0x080006bb   Thumb Code    30  depilogue.o(.text)
    _double_epilogue                         0x080006d9   Thumb Code   156  depilogue.o(.text)
    __rt_lib_shutdown_cpp_2                  0x08000775   Thumb Code     2  cpp_final.o(.text)
    __aeabi_memset                           0x08000777   Thumb Code    14  memseta.o(.text)
    __aeabi_memset4                          0x08000777   Thumb Code     0  memseta.o(.text)
    __aeabi_memset8                          0x08000777   Thumb Code     0  memseta.o(.text)
    __aeabi_memclr                           0x08000785   Thumb Code     4  memseta.o(.text)
    __aeabi_memclr4                          0x08000785   Thumb Code     0  memseta.o(.text)
    __aeabi_memclr8                          0x08000785   Thumb Code     0  memseta.o(.text)
    _memset$wrapper                          0x08000789   Thumb Code    18  memseta.o(.text)
    __cpp_initialize__aeabi_                 0x0800079d   Thumb Code    22  cpp_init.o(.text)
    __aeabi_ui2d                             0x080007bd   Thumb Code    26  dfltui.o(.text)
    __aeabi_d2uiz                            0x080007d7   Thumb Code    50  dfixui.o(.text)
    __aeabi_f2d                              0x08000809   Thumb Code    38  f2d.o(.text)
    __aeabi_d2f                              0x0800082f   Thumb Code    56  d2f.o(.text)
    _float_round                             0x08000867   Thumb Code    18  fepilogue.o(.text)
    _float_epilogue                          0x08000879   Thumb Code    92  fepilogue.o(.text)
    __decompress                             0x080008d5   Thumb Code     0  __dczerorl2.o(.text)
    __decompress1                            0x080008d5   Thumb Code    86  __dczerorl2.o(.text)
    BusFault_Handler                         0x08000ab9   Thumb Code     4  lto-llvm-26abbc.o(.text.BusFault_Handler)
    CAN1_RX0_IRQHandler                      0x08000abd   Thumb Code    16  lto-llvm-26abbc.o(.text.CAN1_RX0_IRQHandler)
    CAN2_RX0_IRQHandler                      0x08000acd   Thumb Code    16  lto-llvm-26abbc.o(.text.CAN2_RX0_IRQHandler)
    DMA1_Stream1_IRQHandler                  0x08000b89   Thumb Code    16  lto-llvm-26abbc.o(.text.DMA1_Stream1_IRQHandler)
    DMA2_Stream2_IRQHandler                  0x08000b99   Thumb Code    16  lto-llvm-26abbc.o(.text.DMA2_Stream2_IRQHandler)
    DMA2_Stream7_IRQHandler                  0x08000ba9   Thumb Code    16  lto-llvm-26abbc.o(.text.DMA2_Stream7_IRQHandler)
    DebugMon_Handler                         0x08000cf5   Thumb Code     2  lto-llvm-26abbc.o(.text.DebugMon_Handler)
    EXTI0_IRQHandler                         0x08000cf9   Thumb Code    10  lto-llvm-26abbc.o(.text.EXTI0_IRQHandler)
    EXTI3_IRQHandler                         0x08000d05   Thumb Code    10  lto-llvm-26abbc.o(.text.EXTI3_IRQHandler)
    HardFault_Handler                        0x0800686d   Thumb Code     4  lto-llvm-26abbc.o(.text.HardFault_Handler)
    MemManage_Handler                        0x08007435   Thumb Code     4  lto-llvm-26abbc.o(.text.MemManage_Handler)
    NMI_Handler                              0x08007439   Thumb Code     2  lto-llvm-26abbc.o(.text.NMI_Handler)
    OTG_FS_IRQHandler                        0x080074a1   Thumb Code     8  lto-llvm-26abbc.o(.text.OTG_FS_IRQHandler)
    PendSV_Handler                           0x08007861   Thumb Code     2  lto-llvm-26abbc.o(.text.PendSV_Handler)
    SVC_Handler                              0x08007ac5   Thumb Code     2  lto-llvm-26abbc.o(.text.SVC_Handler)
    SysTick_Handler                          0x08007b1d   Thumb Code     8  lto-llvm-26abbc.o(.text.SysTick_Handler)
    SystemInit                               0x08007be5   Thumb Code   110  lto-llvm-26abbc.o(.text.SystemInit)
    TIM1_UP_TIM10_IRQHandler                 0x08007c55   Thumb Code    28  lto-llvm-26abbc.o(.text.TIM1_UP_TIM10_IRQHandler)
    USART1_IRQHandler                        0x080086a5   Thumb Code    16  lto-llvm-26abbc.o(.text.USART1_IRQHandler)
    USART3_IRQHandler                        0x080086b5   Thumb Code     8  lto-llvm-26abbc.o(.text.USART3_IRQHandler)
    USART6_IRQHandler                        0x080086bd   Thumb Code    16  lto-llvm-26abbc.o(.text.USART6_IRQHandler)
    UsageFault_Handler                       0x0800b341   Thumb Code     4  lto-llvm-26abbc.o(.text.UsageFault_Handler)
    __cxa_pure_virtual                       0x0800c725   Thumb Code    40  cxa_virtual.cpp.o(.text.__cxa_pure_virtual)
    abort_message                            0x0800c84f   Thumb Code     4  abort_message.cpp.o(.text.abort_message)
    main                                     0x0800c931   Thumb Code   168  lto-llvm-26abbc.o(.text.main)
    __hardfp_log                             0x0800c9d9   Thumb Code   872  log.o(i.__hardfp_log)
    __hardfp_log2                            0x0800cda1   Thumb Code   220  log2.o(i.__hardfp_log2)
    __kernel_poly                            0x0800cea1   Thumb Code   248  poly.o(i.__kernel_poly)
    __mathlib_dbl_divzero                    0x0800cf99   Thumb Code    28  dunder.o(i.__mathlib_dbl_divzero)
    __mathlib_dbl_infnan                     0x0800cfc9   Thumb Code    20  dunder.o(i.__mathlib_dbl_infnan)
    __mathlib_dbl_invalid                    0x0800cfe1   Thumb Code    24  dunder.o(i.__mathlib_dbl_invalid)
    __scatterload_copy                       0x0800d001   Thumb Code    14  handlers.o(i.__scatterload_copy)
    __scatterload_null                       0x0800d00f   Thumb Code     2  handlers.o(i.__scatterload_null)
    __scatterload_zeroinit                   0x0800d011   Thumb Code    14  handlers.o(i.__scatterload_zeroinit)
    __set_errno                              0x0800d021   Thumb Code     6  errno.o(i.__set_errno)
    free                                     0x0800d02d   Thumb Code    76  malloc.o(i.free)
    frexp                                    0x0800d081   Thumb Code   118  frexp.o(i.frexp)
    log                                      0x0800d10d   Thumb Code    16  log.o(i.log)
    malloc                                   0x0800d11d   Thumb Code    92  malloc.o(i.malloc)
    __mathlib_zero                           0x0800d1c0   Data           8  qnan.o(.constdata)
    Region$$Table$$Base                      0x0800d24c   Number         0  anon$$obj.o(Region$$Table)
    Region$$Table$$Limit                     0x0800d26c   Number         0  anon$$obj.o(Region$$Table)
    SHT$$INIT_ARRAY$$Base                    0x0800d26c   Number         0  lto-llvm-26abbc.o(.init_array)
    SHT$$INIT_ARRAY$$Limit                   0x0800d274   Number         0  cpp_init.o(.init_array)
    __microlib_freelist                      0x20000000   Data           4  mvars.o(.data)
    __microlib_freelist_initialised          0x20000004   Data           4  mvars.o(.data)
    __heap_base                              0x20002728   Data           0  startup_stm32f407xx.o(HEAP)
    __heap_limit                             0x20003728   Data           0  startup_stm32f407xx.o(HEAP)
    __initial_sp                             0x20003f28   Data           0  startup_stm32f407xx.o(STACK)



==============================================================================

Memory Map of the image

  Image Entry point : 0x08000189

  Load Region LR_IROM1 (Base: 0x08000000, Size: 0x0000d4c0, Max: 0x00100000, ABSOLUTE, COMPRESSED[0x0000d360])

    Execution Region ER_IROM1 (Exec base: 0x08000000, Load base: 0x08000000, Size: 0x0000d274, Max: 0x00100000, ABSOLUTE)

    Exec Addr    Load Addr    Size         Type   Attr      Idx    E Section Name        Object

    0x08000000   0x08000000   0x00000188   Data   RO            3    RESET               startup_stm32f407xx.o
    0x08000188   0x08000188   0x00000000   Code   RO           80  * .ARM.Collect$$$$00000000  mc_w.l(entry.o)
    0x08000188   0x08000188   0x00000004   Code   RO          178    .ARM.Collect$$$$00000001  mc_w.l(entry2.o)
    0x0800018c   0x0800018c   0x00000004   Code   RO          181    .ARM.Collect$$$$00000004  mc_w.l(entry5.o)
    0x08000190   0x08000190   0x00000000   Code   RO          183    .ARM.Collect$$$$00000008  mc_w.l(entry7b.o)
    0x08000190   0x08000190   0x00000004   Code   RO          184    .ARM.Collect$$$$00000009  mc_w.l(entry8a.o)
    0x08000194   0x08000194   0x00000000   Code   RO          185    .ARM.Collect$$$$0000000A  mc_w.l(entry8b.o)
    0x08000194   0x08000194   0x00000008   Code   RO          186    .ARM.Collect$$$$0000000B  mc_w.l(entry9a.o)
    0x0800019c   0x0800019c   0x00000000   Code   RO          188    .ARM.Collect$$$$0000000D  mc_w.l(entry10a.o)
    0x0800019c   0x0800019c   0x00000004   Code   RO          189    .ARM.Collect$$$$0000000E  mc_w.l(entry10b.o)
    0x080001a0   0x080001a0   0x00000000   Code   RO          190    .ARM.Collect$$$$0000000F  mc_w.l(entry11a.o)
    0x080001a0   0x080001a0   0x00000004   Code   RO          179    .ARM.Collect$$$$00002712  mc_w.l(entry2.o)
    0x080001a4   0x080001a4   0x00000024   Code   RO            4    .text               startup_stm32f407xx.o
    0x080001c8   0x080001c8   0x0000000a   Code   RO          139    .text               mc_w.l(cxa_atexit.o)
    0x080001d2   0x080001d2   0x00000062   Code   RO          199    .text               mc_w.l(uldiv.o)
    0x08000234   0x08000234   0x00000024   Code   RO          201    .text               mc_w.l(memcpya.o)
    0x08000258   0x08000258   0x00000000   Code   RO          214    .text               mc_w.l(iusefp.o)
    0x08000258   0x08000258   0x0000002e   Code   RO          215    .text               mc_w.l(aeabi_atexit.o)
    0x08000286   0x08000286   0x0000014e   Code   RO          217    .text               mf_w.l(dadd.o)
    0x080003d4   0x080003d4   0x000000e4   Code   RO          219    .text               mf_w.l(dmul.o)
    0x080004b8   0x080004b8   0x000000de   Code   RO          221    .text               mf_w.l(ddiv.o)
    0x08000596   0x08000596   0x00000022   Code   RO          223    .text               mf_w.l(dflti.o)
    0x080005b8   0x080005b8   0x00000030   Code   RO          227    .text               mf_w.l(cdcmple.o)
    0x080005e8   0x080005e8   0x00000024   Code   RO          234    .text               mc_w.l(init.o)
    0x0800060c   0x0800060c   0x0000001e   Code   RO          237    .text               mc_w.l(llshl.o)
    0x0800062a   0x0800062a   0x00000020   Code   RO          239    .text               mc_w.l(llushr.o)
    0x0800064a   0x0800064a   0x00000024   Code   RO          241    .text               mc_w.l(llsshr.o)
    0x0800066e   0x0800066e   0x00000002   PAD
    0x08000670   0x08000670   0x00000008   Code   RO          246    .text               mc_w.l(cpp_dtor.o)
    0x08000678   0x08000678   0x00000042   Code   RO          249    .text               mc_w.l(cxa_finalize.o)
    0x080006ba   0x080006ba   0x000000ba   Code   RO          251    .text               mf_w.l(depilogue.o)
    0x08000774   0x08000774   0x00000002   Code   RO          255    .text               mc_w.l(cpp_final.o)
    0x08000776   0x08000776   0x00000024   Code   RO         1030    .text               mc_w.l(memseta.o)
    0x0800079a   0x0800079a   0x00000002   PAD
    0x0800079c   0x0800079c   0x00000020   Code   RO         1035    .text               mc_w.l(cpp_init.o)
    0x080007bc   0x080007bc   0x0000001a   Code   RO         1037    .text               mf_w.l(dfltui.o)
    0x080007d6   0x080007d6   0x00000032   Code   RO         1039    .text               mf_w.l(dfixui.o)
    0x08000808   0x08000808   0x00000026   Code   RO         1041    .text               mf_w.l(f2d.o)
    0x0800082e   0x0800082e   0x00000038   Code   RO         1043    .text               mf_w.l(d2f.o)
    0x08000866   0x08000866   0x0000006e   Code   RO         1045    .text               mf_w.l(fepilogue.o)
    0x080008d4   0x080008d4   0x00000056   Code   RO         1055    .text               mc_w.l(__dczerorl2.o)
    0x0800092a   0x0800092a   0x00000002   PAD
    0x0800092c   0x0800092c   0x0000018a   Code   RO          544    .text.ADC_Init      lto-llvm-26abbc.o
    0x08000ab6   0x08000ab6   0x00000002   PAD
    0x08000ab8   0x08000ab8   0x00000004   Code   RO          284    .text.BusFault_Handler  lto-llvm-26abbc.o
    0x08000abc   0x08000abc   0x00000010   Code   RO          302    .text.CAN1_RX0_IRQHandler  lto-llvm-26abbc.o
    0x08000acc   0x08000acc   0x00000010   Code   RO          310    .text.CAN2_RX0_IRQHandler  lto-llvm-26abbc.o
    0x08000adc   0x08000adc   0x00000056   Code   RO          360    .text.CDC_Control_FS  lto-llvm-26abbc.o
    0x08000b32   0x08000b32   0x00000002   PAD
    0x08000b34   0x08000b34   0x00000004   Code   RO          358    .text.CDC_DeInit_FS  lto-llvm-26abbc.o
    0x08000b38   0x08000b38   0x0000002c   Code   RO          356    .text.CDC_Init_FS   lto-llvm-26abbc.o
    0x08000b64   0x08000b64   0x00000024   Code   RO          362    .text.CDC_Receive_FS  lto-llvm-26abbc.o
    0x08000b88   0x08000b88   0x00000010   Code   RO          300    .text.DMA1_Stream1_IRQHandler  lto-llvm-26abbc.o
    0x08000b98   0x08000b98   0x00000010   Code   RO          308    .text.DMA2_Stream2_IRQHandler  lto-llvm-26abbc.o
    0x08000ba8   0x08000ba8   0x00000010   Code   RO          314    .text.DMA2_Stream7_IRQHandler  lto-llvm-26abbc.o
    0x08000bb8   0x08000bb8   0x00000056   Code   RO          506    .text.DMA_CalcBaseAndBitshift  lto-llvm-26abbc.o
    0x08000c0e   0x08000c0e   0x00000002   PAD
    0x08000c10   0x08000c10   0x000000e4   Code   RO          504    .text.DMA_CheckFifoParam  lto-llvm-26abbc.o
    0x08000cf4   0x08000cf4   0x00000002   Code   RO          290    .text.DebugMon_Handler  lto-llvm-26abbc.o
    0x08000cf6   0x08000cf6   0x00000002   PAD
    0x08000cf8   0x08000cf8   0x0000000a   Code   RO          296    .text.EXTI0_IRQHandler  lto-llvm-26abbc.o
    0x08000d02   0x08000d02   0x00000002   PAD
    0x08000d04   0x08000d04   0x0000000a   Code   RO          298    .text.EXTI3_IRQHandler  lto-llvm-26abbc.o
    0x08000d0e   0x08000d0e   0x00000002   PAD
    0x08000d10   0x08000d10   0x0000005a   Code   RO          426    .text.Get_SerialNum  lto-llvm-26abbc.o
    0x08000d6a   0x08000d6a   0x00000002   PAD
    0x08000d6c   0x08000d6c   0x0000021c   Code   RO          554    .text.HAL_ADC_ConfigChannel  lto-llvm-26abbc.o
    0x08000f88   0x08000f88   0x0000000e   Code   RO          552    .text.HAL_ADC_GetValue  lto-llvm-26abbc.o
    0x08000f96   0x08000f96   0x00000002   PAD
    0x08000f98   0x08000f98   0x000000a8   Code   RO          542    .text.HAL_ADC_Init  lto-llvm-26abbc.o
    0x08001040   0x08001040   0x000000c2   Code   RO          324    .text.HAL_ADC_MspInit  lto-llvm-26abbc.o
    0x08001102   0x08001102   0x00000002   PAD
    0x08001104   0x08001104   0x00000116   Code   RO          550    .text.HAL_ADC_PollForConversion  lto-llvm-26abbc.o
    0x0800121a   0x0800121a   0x00000002   PAD
    0x0800121c   0x0800121c   0x000001b6   Code   RO          546    .text.HAL_ADC_Start  lto-llvm-26abbc.o
    0x080013d2   0x080013d2   0x00000002   PAD
    0x080013d4   0x080013d4   0x00000070   Code   RO          548    .text.HAL_ADC_Stop  lto-llvm-26abbc.o
    0x08001444   0x08001444   0x00000050   Code   RO          588    .text.HAL_CAN_ActivateNotification  lto-llvm-26abbc.o
    0x08001494   0x08001494   0x00000170   Code   RO          584    .text.HAL_CAN_AddTxMessage  lto-llvm-26abbc.o
    0x08001604   0x08001604   0x000001aa   Code   RO          580    .text.HAL_CAN_ConfigFilter  lto-llvm-26abbc.o
    0x080017ae   0x080017ae   0x00000002   PAD
    0x080017b0   0x080017b0   0x00000008   Code   RO          614    .text.HAL_CAN_ErrorCallback  lto-llvm-26abbc.o
    0x080017b8   0x080017b8   0x000001ee   Code   RO          586    .text.HAL_CAN_GetRxMessage  lto-llvm-26abbc.o
    0x080019a6   0x080019a6   0x00000002   PAD
    0x080019a8   0x080019a8   0x000003e2   Code   RO          590    .text.HAL_CAN_IRQHandler  lto-llvm-26abbc.o
    0x08001d8a   0x08001d8a   0x00000002   PAD
    0x08001d8c   0x08001d8c   0x000001da   Code   RO          578    .text.HAL_CAN_Init  lto-llvm-26abbc.o
    0x08001f66   0x08001f66   0x00000002   PAD
    0x08001f68   0x08001f68   0x00000178   Code   RO          340    .text.HAL_CAN_MspInit  lto-llvm-26abbc.o
    0x080020e0   0x080020e0   0x00000008   Code   RO          604    .text.HAL_CAN_RxFifo0FullCallback  lto-llvm-26abbc.o
    0x080020e8   0x080020e8   0x00000010   Code   RO          908    .text.HAL_CAN_RxFifo0MsgPendingCallback  lto-llvm-26abbc.o
    0x080020f8   0x080020f8   0x00000008   Code   RO          606    .text.HAL_CAN_RxFifo1FullCallback  lto-llvm-26abbc.o
    0x08002100   0x08002100   0x00000008   Code   RO          608    .text.HAL_CAN_RxFifo1MsgPendingCallback  lto-llvm-26abbc.o
    0x08002108   0x08002108   0x00000008   Code   RO          610    .text.HAL_CAN_SleepCallback  lto-llvm-26abbc.o
    0x08002110   0x08002110   0x00000086   Code   RO          582    .text.HAL_CAN_Start  lto-llvm-26abbc.o
    0x08002196   0x08002196   0x00000002   PAD
    0x08002198   0x08002198   0x00000008   Code   RO          594    .text.HAL_CAN_TxMailbox0AbortCallback  lto-llvm-26abbc.o
    0x080021a0   0x080021a0   0x00000008   Code   RO          592    .text.HAL_CAN_TxMailbox0CompleteCallback  lto-llvm-26abbc.o
    0x080021a8   0x080021a8   0x00000008   Code   RO          598    .text.HAL_CAN_TxMailbox1AbortCallback  lto-llvm-26abbc.o
    0x080021b0   0x080021b0   0x00000008   Code   RO          596    .text.HAL_CAN_TxMailbox1CompleteCallback  lto-llvm-26abbc.o
    0x080021b8   0x080021b8   0x00000008   Code   RO          602    .text.HAL_CAN_TxMailbox2AbortCallback  lto-llvm-26abbc.o
    0x080021c0   0x080021c0   0x00000008   Code   RO          600    .text.HAL_CAN_TxMailbox2CompleteCallback  lto-llvm-26abbc.o
    0x080021c8   0x080021c8   0x00000008   Code   RO          612    .text.HAL_CAN_WakeUpFromRxMsgCallback  lto-llvm-26abbc.o
    0x080021d0   0x080021d0   0x00000044   Code   RO          508    .text.HAL_DMA_Abort_IT  lto-llvm-26abbc.o
    0x08002214   0x08002214   0x00000338   Code   RO          510    .text.HAL_DMA_IRQHandler  lto-llvm-26abbc.o
    0x0800254c   0x0800254c   0x0000016e   Code   RO          502    .text.HAL_DMA_Init  lto-llvm-26abbc.o
    0x080026ba   0x080026ba   0x00000002   PAD
    0x080026bc   0x080026bc   0x00000038   Code   RO          540    .text.HAL_Delay     lto-llvm-26abbc.o
    0x080026f4   0x080026f4   0x00000084   Code   RO          878    .text.HAL_GPIO_EXTI_Callback  lto-llvm-26abbc.o
    0x08002778   0x08002778   0x00000038   Code   RO          500    .text.HAL_GPIO_EXTI_IRQHandler  lto-llvm-26abbc.o
    0x080027b0   0x080027b0   0x0000039a   Code   RO          494    .text.HAL_GPIO_Init  lto-llvm-26abbc.o
    0x08002b4a   0x08002b4a   0x00000002   PAD
    0x08002b4c   0x08002b4c   0x00000036   Code   RO          496    .text.HAL_GPIO_ReadPin  lto-llvm-26abbc.o
    0x08002b82   0x08002b82   0x00000002   PAD
    0x08002b84   0x08002b84   0x0000002e   Code   RO          498    .text.HAL_GPIO_WritePin  lto-llvm-26abbc.o
    0x08002bb2   0x08002bb2   0x00000002   PAD
    0x08002bb4   0x08002bb4   0x0000000c   Code   RO          538    .text.HAL_GetTick   lto-llvm-26abbc.o
    0x08002bc0   0x08002bc0   0x0000027a   Code   RO          616    .text.HAL_I2C_Init  lto-llvm-26abbc.o
    0x08002e3a   0x08002e3a   0x00000002   PAD
    0x08002e3c   0x08002e3c   0x000000da   Code   RO          344    .text.HAL_I2C_MspInit  lto-llvm-26abbc.o
    0x08002f16   0x08002f16   0x00000002   PAD
    0x08002f18   0x08002f18   0x00000084   Code   RO          632    .text.HAL_IWDG_Init  lto-llvm-26abbc.o
    0x08002f9c   0x08002f9c   0x0000001a   Code   RO          634    .text.HAL_IWDG_Refresh  lto-llvm-26abbc.o
    0x08002fb6   0x08002fb6   0x00000002   PAD
    0x08002fb8   0x08002fb8   0x00000010   Code   RO          536    .text.HAL_IncTick   lto-llvm-26abbc.o
    0x08002fc8   0x08002fc8   0x00000032   Code   RO          532    .text.HAL_Init      lto-llvm-26abbc.o
    0x08002ffa   0x08002ffa   0x00000002   PAD
    0x08002ffc   0x08002ffc   0x00000062   Code   RO          534    .text.HAL_InitTick  lto-llvm-26abbc.o
    0x0800305e   0x0800305e   0x00000002   PAD
    0x08003060   0x08003060   0x0000004a   Code   RO          318    .text.HAL_MspInit   lto-llvm-26abbc.o
    0x080030aa   0x080030aa   0x00000002   PAD
    0x080030ac   0x080030ac   0x00000014   Code   RO          524    .text.HAL_NVIC_EnableIRQ  lto-llvm-26abbc.o
    0x080030c0   0x080030c0   0x00000030   Code   RO          516    .text.HAL_NVIC_SetPriority  lto-llvm-26abbc.o
    0x080030f0   0x080030f0   0x00000012   Code   RO          512    .text.HAL_NVIC_SetPriorityGrouping  lto-llvm-26abbc.o
    0x08003102   0x08003102   0x00000002   PAD
    0x08003104   0x08003104   0x0000000e   Code   RO          668    .text.HAL_PCDEx_LPM_Callback  lto-llvm-26abbc.o
    0x08003112   0x08003112   0x00000002   PAD
    0x08003114   0x08003114   0x00000020   Code   RO          666    .text.HAL_PCDEx_SetRxFiFo  lto-llvm-26abbc.o
    0x08003134   0x08003134   0x000000a2   Code   RO          664    .text.HAL_PCDEx_SetTxFiFo  lto-llvm-26abbc.o
    0x080031d6   0x080031d6   0x00000002   PAD
    0x080031d8   0x080031d8   0x00000014   Code   RO          384    .text.HAL_PCD_ConnectCallback  lto-llvm-26abbc.o
    0x080031ec   0x080031ec   0x00000026   Code   RO          370    .text.HAL_PCD_DataInStageCallback  lto-llvm-26abbc.o
    0x08003212   0x08003212   0x00000002   PAD
    0x08003214   0x08003214   0x00000028   Code   RO          368    .text.HAL_PCD_DataOutStageCallback  lto-llvm-26abbc.o
    0x0800323c   0x0800323c   0x00000014   Code   RO          386    .text.HAL_PCD_DisconnectCallback  lto-llvm-26abbc.o
    0x08003250   0x08003250   0x000000a8   Code   RO          652    .text.HAL_PCD_EP_Close  lto-llvm-26abbc.o
    0x080032f8   0x080032f8   0x000000c8   Code   RO          662    .text.HAL_PCD_EP_ClrStall  lto-llvm-26abbc.o
    0x080033c0   0x080033c0   0x00000022   Code   RO          656    .text.HAL_PCD_EP_GetRxCount  lto-llvm-26abbc.o
    0x080033e2   0x080033e2   0x00000002   PAD
    0x080033e4   0x080033e4   0x000000ea   Code   RO          650    .text.HAL_PCD_EP_Open  lto-llvm-26abbc.o
    0x080034ce   0x080034ce   0x00000002   PAD
    0x080034d0   0x080034d0   0x00000084   Code   RO          654    .text.HAL_PCD_EP_Receive  lto-llvm-26abbc.o
    0x08003554   0x08003554   0x000000de   Code   RO          660    .text.HAL_PCD_EP_SetStall  lto-llvm-26abbc.o
    0x08003632   0x08003632   0x00000002   PAD
    0x08003634   0x08003634   0x00000084   Code   RO          658    .text.HAL_PCD_EP_Transmit  lto-llvm-26abbc.o
    0x080036b8   0x080036b8   0x0000063a   Code   RO          640    .text.HAL_PCD_IRQHandler  lto-llvm-26abbc.o
    0x08003cf2   0x08003cf2   0x00000002   PAD
    0x08003cf4   0x08003cf4   0x0000001c   Code   RO          382    .text.HAL_PCD_ISOINIncompleteCallback  lto-llvm-26abbc.o
    0x08003d10   0x08003d10   0x0000001c   Code   RO          380    .text.HAL_PCD_ISOOUTIncompleteCallback  lto-llvm-26abbc.o
    0x08003d2c   0x08003d2c   0x0000029a   Code   RO          636    .text.HAL_PCD_Init  lto-llvm-26abbc.o
    0x08003fc6   0x08003fc6   0x00000002   PAD
    0x08003fc8   0x08003fc8   0x000000ac   Code   RO          364    .text.HAL_PCD_MspInit  lto-llvm-26abbc.o
    0x08004074   0x08004074   0x00000052   Code   RO          374    .text.HAL_PCD_ResetCallback  lto-llvm-26abbc.o
    0x080040c6   0x080040c6   0x00000002   PAD
    0x080040c8   0x080040c8   0x00000014   Code   RO          378    .text.HAL_PCD_ResumeCallback  lto-llvm-26abbc.o
    0x080040dc   0x080040dc   0x00000014   Code   RO          372    .text.HAL_PCD_SOFCallback  lto-llvm-26abbc.o
    0x080040f0   0x080040f0   0x0000005e   Code   RO          648    .text.HAL_PCD_SetAddress  lto-llvm-26abbc.o
    0x0800414e   0x0800414e   0x00000002   PAD
    0x08004150   0x08004150   0x00000018   Code   RO          366    .text.HAL_PCD_SetupStageCallback  lto-llvm-26abbc.o
    0x08004168   0x08004168   0x0000007a   Code   RO          638    .text.HAL_PCD_Start  lto-llvm-26abbc.o
    0x080041e2   0x080041e2   0x00000002   PAD
    0x080041e4   0x080041e4   0x0000003e   Code   RO          376    .text.HAL_PCD_SuspendCallback  lto-llvm-26abbc.o
    0x08004222   0x08004222   0x00000002   PAD
    0x08004224   0x08004224   0x00000264   Code   RO          484    .text.HAL_RCC_ClockConfig  lto-llvm-26abbc.o
    0x08004488   0x08004488   0x0000000c   Code   RO          488    .text.HAL_RCC_GetHCLKFreq  lto-llvm-26abbc.o
    0x08004494   0x08004494   0x00000022   Code   RO          490    .text.HAL_RCC_GetPCLK1Freq  lto-llvm-26abbc.o
    0x080044b6   0x080044b6   0x00000002   PAD
    0x080044b8   0x080044b8   0x00000022   Code   RO          492    .text.HAL_RCC_GetPCLK2Freq  lto-llvm-26abbc.o
    0x080044da   0x080044da   0x00000002   PAD
    0x080044dc   0x080044dc   0x000000de   Code   RO          486    .text.HAL_RCC_GetSysClockFreq  lto-llvm-26abbc.o
    0x080045ba   0x080045ba   0x00000002   PAD
    0x080045bc   0x080045bc   0x000006a4   Code   RO          482    .text.HAL_RCC_OscConfig  lto-llvm-26abbc.o
    0x08004c60   0x08004c60   0x000000ba   Code   RO          618    .text.HAL_SPI_Init  lto-llvm-26abbc.o
    0x08004d1a   0x08004d1a   0x00000002   PAD
    0x08004d1c   0x08004d1c   0x00000154   Code   RO          350    .text.HAL_SPI_MspInit  lto-llvm-26abbc.o
    0x08004e70   0x08004e70   0x00000230   Code   RO          626    .text.HAL_SPI_Receive  lto-llvm-26abbc.o
    0x080050a0   0x080050a0   0x0000027e   Code   RO          620    .text.HAL_SPI_Transmit  lto-llvm-26abbc.o
    0x0800531e   0x0800531e   0x00000002   PAD
    0x08005320   0x08005320   0x0000035a   Code   RO          628    .text.HAL_SPI_TransmitReceive  lto-llvm-26abbc.o
    0x0800567a   0x0800567a   0x00000002   PAD
    0x0800567c   0x0800567c   0x00000010   Code   RO          528    .text.HAL_SYSTICK_Config  lto-llvm-26abbc.o
    0x0800568c   0x0800568c   0x00000008   Code   RO          480    .text.HAL_TIMEx_BreakCallback  lto-llvm-26abbc.o
    0x08005694   0x08005694   0x00000008   Code   RO          474    .text.HAL_TIMEx_CommutCallback  lto-llvm-26abbc.o
    0x0800569c   0x0800569c   0x000000b2   Code   RO          478    .text.HAL_TIMEx_ConfigBreakDeadTime  lto-llvm-26abbc.o
    0x0800574e   0x0800574e   0x00000002   PAD
    0x08005750   0x08005750   0x00000122   Code   RO          476    .text.HAL_TIMEx_MasterConfigSynchronization  lto-llvm-26abbc.o
    0x08005872   0x08005872   0x00000002   PAD
    0x08005874   0x08005874   0x00000058   Code   RO          430    .text.HAL_TIM_Base_Init  lto-llvm-26abbc.o
    0x080058cc   0x080058cc   0x0000013a   Code   RO          276    .text.HAL_TIM_Base_MspInit  lto-llvm-26abbc.o
    0x08005a06   0x08005a06   0x00000002   PAD
    0x08005a08   0x08005a08   0x00000036   Code   RO          434    .text.HAL_TIM_Base_Start_IT  lto-llvm-26abbc.o
    0x08005a3e   0x08005a3e   0x00000002   PAD
    0x08005a40   0x08005a40   0x00000162   Code   RO          466    .text.HAL_TIM_ConfigClockSource  lto-llvm-26abbc.o
    0x08005ba2   0x08005ba2   0x00000002   PAD
    0x08005ba4   0x08005ba4   0x00000008   Code   RO          446    .text.HAL_TIM_IC_CaptureCallback  lto-llvm-26abbc.o
    0x08005bac   0x08005bac   0x0000027a   Code   RO          448    .text.HAL_TIM_IRQHandler  lto-llvm-26abbc.o
    0x08005e26   0x08005e26   0x00000002   PAD
    0x08005e28   0x08005e28   0x000001b2   Code   RO          266    .text.HAL_TIM_MspPostInit  lto-llvm-26abbc.o
    0x08005fda   0x08005fda   0x00000002   PAD
    0x08005fdc   0x08005fdc   0x00000008   Code   RO          450    .text.HAL_TIM_OC_DelayElapsedCallback  lto-llvm-26abbc.o
    0x08005fe4   0x08005fe4   0x00000140   Code   RO          462    .text.HAL_TIM_PWM_ConfigChannel  lto-llvm-26abbc.o
    0x08006124   0x08006124   0x00000058   Code   RO          440    .text.HAL_TIM_PWM_Init  lto-llvm-26abbc.o
    0x0800617c   0x0800617c   0x00000008   Code   RO          442    .text.HAL_TIM_PWM_MspInit  lto-llvm-26abbc.o
    0x08006184   0x08006184   0x00000008   Code   RO          438    .text.HAL_TIM_PWM_PulseFinishedCallback  lto-llvm-26abbc.o
    0x0800618c   0x0800618c   0x0000007c   Code   RO          444    .text.HAL_TIM_PWM_Start  lto-llvm-26abbc.o
    0x08006208   0x08006208   0x000000a0   Code   RO          876    .text.HAL_TIM_PeriodElapsedCallback  lto-llvm-26abbc.o
    0x080062a8   0x080062a8   0x00000008   Code   RO          452    .text.HAL_TIM_TriggerCallback  lto-llvm-26abbc.o
    0x080062b0   0x080062b0   0x00000008   Code   RO          562    .text.HAL_UART_ErrorCallback  lto-llvm-26abbc.o
    0x080062b8   0x080062b8   0x00000208   Code   RO          568    .text.HAL_UART_IRQHandler  lto-llvm-26abbc.o
    0x080064c0   0x080064c0   0x0000009a   Code   RO          556    .text.HAL_UART_Init  lto-llvm-26abbc.o
    0x0800655a   0x0800655a   0x00000002   PAD
    0x0800655c   0x0800655c   0x000002fe   Code   RO          332    .text.HAL_UART_MspInit  lto-llvm-26abbc.o
    0x0800685a   0x0800685a   0x00000002   PAD
    0x0800685c   0x0800685c   0x00000008   Code   RO          566    .text.HAL_UART_RxCpltCallback  lto-llvm-26abbc.o
    0x08006864   0x08006864   0x00000008   Code   RO          564    .text.HAL_UART_TxCpltCallback  lto-llvm-26abbc.o
    0x0800686c   0x0800686c   0x00000004   Code   RO          280    .text.HardFault_Handler  lto-llvm-26abbc.o
    0x08006870   0x08006870   0x00000076   Code   RO          428    .text.IntToUnicode  lto-llvm-26abbc.o
    0x080068e6   0x080068e6   0x00000002   PAD
    0x080068e8   0x080068e8   0x0000007c   Code   RO          320    .text.MX_ADC1_Init  lto-llvm-26abbc.o
    0x08006964   0x08006964   0x0000007c   Code   RO          322    .text.MX_ADC3_Init  lto-llvm-26abbc.o
    0x080069e0   0x080069e0   0x00000046   Code   RO          336    .text.MX_CAN1_Init  lto-llvm-26abbc.o
    0x08006a26   0x08006a26   0x00000002   PAD
    0x08006a28   0x08006a28   0x00000046   Code   RO          338    .text.MX_CAN2_Init  lto-llvm-26abbc.o
    0x08006a6e   0x08006a6e   0x00000002   PAD
    0x08006a70   0x08006a70   0x00000076   Code   RO          334    .text.MX_DMA_Init   lto-llvm-26abbc.o
    0x08006ae6   0x08006ae6   0x00000002   PAD
    0x08006ae8   0x08006ae8   0x00000256   Code   RO          262    .text.MX_GPIO_Init  lto-llvm-26abbc.o
    0x08006d3e   0x08006d3e   0x00000002   PAD
    0x08006d40   0x08006d40   0x00000042   Code   RO          342    .text.MX_I2C3_Init  lto-llvm-26abbc.o
    0x08006d82   0x08006d82   0x00000002   PAD
    0x08006d84   0x08006d84   0x0000002e   Code   RO          352    .text.MX_IWDG_Init  lto-llvm-26abbc.o
    0x08006db2   0x08006db2   0x00000002   PAD
    0x08006db4   0x08006db4   0x0000004c   Code   RO          346    .text.MX_SPI1_Init  lto-llvm-26abbc.o
    0x08006e00   0x08006e00   0x0000004c   Code   RO          348    .text.MX_SPI2_Init  lto-llvm-26abbc.o
    0x08006e4c   0x08006e4c   0x00000036   Code   RO          274    .text.MX_TIM10_Init  lto-llvm-26abbc.o
    0x08006e82   0x08006e82   0x00000002   PAD
    0x08006e84   0x08006e84   0x00000176   Code   RO          264    .text.MX_TIM1_Init  lto-llvm-26abbc.o
    0x08006ffa   0x08006ffa   0x00000002   PAD
    0x08006ffc   0x08006ffc   0x000000d6   Code   RO          268    .text.MX_TIM4_Init  lto-llvm-26abbc.o
    0x080070d2   0x080070d2   0x00000002   PAD
    0x080070d4   0x080070d4   0x00000110   Code   RO          270    .text.MX_TIM5_Init  lto-llvm-26abbc.o
    0x080071e4   0x080071e4   0x00000154   Code   RO          272    .text.MX_TIM8_Init  lto-llvm-26abbc.o
    0x08007338   0x08007338   0x0000003a   Code   RO          326    .text.MX_USART1_UART_Init  lto-llvm-26abbc.o
    0x08007372   0x08007372   0x00000002   PAD
    0x08007374   0x08007374   0x0000003e   Code   RO          328    .text.MX_USART3_UART_Init  lto-llvm-26abbc.o
    0x080073b2   0x080073b2   0x00000002   PAD
    0x080073b4   0x080073b4   0x0000003a   Code   RO          330    .text.MX_USART6_UART_Init  lto-llvm-26abbc.o
    0x080073ee   0x080073ee   0x00000002   PAD
    0x080073f0   0x080073f0   0x00000044   Code   RO          354    .text.MX_USB_DEVICE_Init  lto-llvm-26abbc.o
    0x08007434   0x08007434   0x00000004   Code   RO          282    .text.MemManage_Handler  lto-llvm-26abbc.o
    0x08007438   0x08007438   0x00000002   Code   RO          278    .text.NMI_Handler   lto-llvm-26abbc.o
    0x0800743a   0x0800743a   0x00000002   PAD
    0x0800743c   0x0800743c   0x00000062   Code   RO          520    .text.NVIC_EncodePriority  lto-llvm-26abbc.o
    0x0800749e   0x0800749e   0x00000002   PAD
    0x080074a0   0x080074a0   0x00000008   Code   RO          312    .text.OTG_FS_IRQHandler  lto-llvm-26abbc.o
    0x080074a8   0x080074a8   0x000000c0   Code   RO          644    .text.PCD_EP_OutSetupPacket_int  lto-llvm-26abbc.o
    0x08007568   0x08007568   0x000001ce   Code   RO          642    .text.PCD_EP_OutXfrComplete_int  lto-llvm-26abbc.o
    0x08007736   0x08007736   0x00000002   PAD
    0x08007738   0x08007738   0x00000128   Code   RO          646    .text.PCD_WriteEmptyTxFifo  lto-llvm-26abbc.o
    0x08007860   0x08007860   0x00000002   Code   RO          292    .text.PendSV_Handler  lto-llvm-26abbc.o
    0x08007862   0x08007862   0x00000002   PAD
    0x08007864   0x08007864   0x000000d2   Code   RO          630    .text.SPI_EndRxTransaction  lto-llvm-26abbc.o
    0x08007936   0x08007936   0x00000002   PAD
    0x08007938   0x08007938   0x000000a0   Code   RO          622    .text.SPI_EndRxTxTransaction  lto-llvm-26abbc.o
    0x080079d8   0x080079d8   0x000000ea   Code   RO          624    .text.SPI_WaitFlagStateUntilTimeout  lto-llvm-26abbc.o
    0x08007ac2   0x08007ac2   0x00000002   PAD
    0x08007ac4   0x08007ac4   0x00000002   Code   RO          288    .text.SVC_Handler   lto-llvm-26abbc.o
    0x08007ac6   0x08007ac6   0x00000002   PAD
    0x08007ac8   0x08007ac8   0x00000052   Code   RO          530    .text.SysTick_Config  lto-llvm-26abbc.o
    0x08007b1a   0x08007b1a   0x00000002   PAD
    0x08007b1c   0x08007b1c   0x00000008   Code   RO          294    .text.SysTick_Handler  lto-llvm-26abbc.o
    0x08007b24   0x08007b24   0x000000be   Code   RO          258    .text.SystemClock_Config  lto-llvm-26abbc.o
    0x08007be2   0x08007be2   0x00000002   PAD
    0x08007be4   0x08007be4   0x0000006e   Code   RO          730    .text.SystemInit    lto-llvm-26abbc.o
    0x08007c52   0x08007c52   0x00000002   PAD
    0x08007c54   0x08007c54   0x0000001c   Code   RO          304    .text.TIM1_UP_TIM10_IRQHandler  lto-llvm-26abbc.o
    0x08007c70   0x08007c70   0x0000019a   Code   RO          432    .text.TIM_Base_SetConfig  lto-llvm-26abbc.o
    0x08007e0a   0x08007e0a   0x00000002   PAD
    0x08007e0c   0x08007e0c   0x00000036   Code   RO          436    .text.TIM_CCxChannelCmd  lto-llvm-26abbc.o
    0x08007e42   0x08007e42   0x00000002   PAD
    0x08007e44   0x08007e44   0x00000034   Code   RO          464    .text.TIM_ETR_SetConfig  lto-llvm-26abbc.o
    0x08007e78   0x08007e78   0x0000002a   Code   RO          470    .text.TIM_ITRx_SetConfig  lto-llvm-26abbc.o
    0x08007ea2   0x08007ea2   0x00000002   PAD
    0x08007ea4   0x08007ea4   0x000000ea   Code   RO          454    .text.TIM_OC1_SetConfig  lto-llvm-26abbc.o
    0x08007f8e   0x08007f8e   0x00000002   PAD
    0x08007f90   0x08007f90   0x000000f4   Code   RO          456    .text.TIM_OC2_SetConfig  lto-llvm-26abbc.o
    0x08008084   0x08008084   0x000000f2   Code   RO          458    .text.TIM_OC3_SetConfig  lto-llvm-26abbc.o
    0x08008176   0x08008176   0x00000002   PAD
    0x08008178   0x08008178   0x000000a4   Code   RO          460    .text.TIM_OC4_SetConfig  lto-llvm-26abbc.o
    0x0800821c   0x0800821c   0x00000050   Code   RO          468    .text.TIM_TI1_ConfigInputStage  lto-llvm-26abbc.o
    0x0800826c   0x0800826c   0x00000052   Code   RO          472    .text.TIM_TI2_ConfigInputStage  lto-llvm-26abbc.o
    0x080082be   0x080082be   0x00000002   PAD
    0x080082c0   0x080082c0   0x00000020   Code   RO          572    .text.UART_DMAAbortOnError  lto-llvm-26abbc.o
    0x080082e0   0x080082e0   0x00000028   Code   RO          560    .text.UART_EndRxTransfer  lto-llvm-26abbc.o
    0x08008308   0x08008308   0x00000024   Code   RO          576    .text.UART_EndTransmit_IT  lto-llvm-26abbc.o
    0x0800832c   0x0800832c   0x000000ea   Code   RO          570    .text.UART_Receive_IT  lto-llvm-26abbc.o
    0x08008416   0x08008416   0x00000002   PAD
    0x08008418   0x08008418   0x000001ee   Code   RO          558    .text.UART_SetConfig  lto-llvm-26abbc.o
    0x08008606   0x08008606   0x00000002   PAD
    0x08008608   0x08008608   0x0000009c   Code   RO          574    .text.UART_Transmit_IT  lto-llvm-26abbc.o
    0x080086a4   0x080086a4   0x00000010   Code   RO          306    .text.USART1_IRQHandler  lto-llvm-26abbc.o
    0x080086b4   0x080086b4   0x00000008   Code   RO          916    .text.USART3_IRQHandler  lto-llvm-26abbc.o
    0x080086bc   0x080086bc   0x00000010   Code   RO          316    .text.USART6_IRQHandler  lto-llvm-26abbc.o
    0x080086cc   0x080086cc   0x000000a4   Code   RO          816    .text.USBD_CDC_DataIn  lto-llvm-26abbc.o
    0x08008770   0x08008770   0x00000058   Code   RO          818    .text.USBD_CDC_DataOut  lto-llvm-26abbc.o
    0x080087c8   0x080087c8   0x00000066   Code   RO          810    .text.USBD_CDC_DeInit  lto-llvm-26abbc.o
    0x0800882e   0x0800882e   0x00000002   PAD
    0x08008830   0x08008830   0x00000048   Code   RO          814    .text.USBD_CDC_EP0_RxReady  lto-llvm-26abbc.o
    0x08008878   0x08008878   0x00000016   Code   RO          826    .text.USBD_CDC_GetDeviceQualifierDescriptor  lto-llvm-26abbc.o
    0x0800888e   0x0800888e   0x00000002   PAD
    0x08008890   0x08008890   0x00000016   Code   RO          822    .text.USBD_CDC_GetFSCfgDesc  lto-llvm-26abbc.o
    0x080088a6   0x080088a6   0x00000002   PAD
    0x080088a8   0x080088a8   0x00000016   Code   RO          820    .text.USBD_CDC_GetHSCfgDesc  lto-llvm-26abbc.o
    0x080088be   0x080088be   0x00000002   PAD
    0x080088c0   0x080088c0   0x00000016   Code   RO          824    .text.USBD_CDC_GetOtherSpeedCfgDesc  lto-llvm-26abbc.o
    0x080088d6   0x080088d6   0x00000002   PAD
    0x080088d8   0x080088d8   0x000000f2   Code   RO          808    .text.USBD_CDC_Init  lto-llvm-26abbc.o
    0x080089ca   0x080089ca   0x00000002   PAD
    0x080089cc   0x080089cc   0x0000005e   Code   RO          834    .text.USBD_CDC_ReceivePacket  lto-llvm-26abbc.o
    0x08008a2a   0x08008a2a   0x00000002   PAD
    0x08008a2c   0x08008a2c   0x0000002a   Code   RO          828    .text.USBD_CDC_RegisterInterface  lto-llvm-26abbc.o
    0x08008a56   0x08008a56   0x00000002   PAD
    0x08008a58   0x08008a58   0x0000001c   Code   RO          832    .text.USBD_CDC_SetRxBuffer  lto-llvm-26abbc.o
    0x08008a74   0x08008a74   0x0000002a   Code   RO          830    .text.USBD_CDC_SetTxBuffer  lto-llvm-26abbc.o
    0x08008a9e   0x08008a9e   0x00000002   PAD
    0x08008aa0   0x08008aa0   0x00000150   Code   RO          812    .text.USBD_CDC_Setup  lto-llvm-26abbc.o
    0x08008bf0   0x08008bf0   0x0000001c   Code   RO          742    .text.USBD_ClrClassConfig  lto-llvm-26abbc.o
    0x08008c0c   0x08008c0c   0x00000040   Code   RO          782    .text.USBD_ClrFeature  lto-llvm-26abbc.o
    0x08008c4c   0x08008c4c   0x0000001e   Code   RO          802    .text.USBD_CtlContinueRx  lto-llvm-26abbc.o
    0x08008c6a   0x08008c6a   0x00000002   PAD
    0x08008c6c   0x08008c6c   0x0000001e   Code   RO          798    .text.USBD_CtlContinueSendData  lto-llvm-26abbc.o
    0x08008c8a   0x08008c8a   0x00000002   PAD
    0x08008c8c   0x08008c8c   0x0000001c   Code   RO          784    .text.USBD_CtlError  lto-llvm-26abbc.o
    0x08008ca8   0x08008ca8   0x0000003c   Code   RO          800    .text.USBD_CtlPrepareRx  lto-llvm-26abbc.o
    0x08008ce4   0x08008ce4   0x0000001e   Code   RO          806    .text.USBD_CtlReceiveStatus  lto-llvm-26abbc.o
    0x08008d02   0x08008d02   0x00000002   PAD
    0x08008d04   0x08008d04   0x00000038   Code   RO          796    .text.USBD_CtlSendData  lto-llvm-26abbc.o
    0x08008d3c   0x08008d3c   0x0000001e   Code   RO          804    .text.USBD_CtlSendStatus  lto-llvm-26abbc.o
    0x08008d5a   0x08008d5a   0x00000002   PAD
    0x08008d5c   0x08008d5c   0x0000003e   Code   RO          422    .text.USBD_FS_ConfigStrDescriptor  lto-llvm-26abbc.o
    0x08008d9a   0x08008d9a   0x00000002   PAD
    0x08008d9c   0x08008d9c   0x0000001a   Code   RO          412    .text.USBD_FS_DeviceDescriptor  lto-llvm-26abbc.o
    0x08008db6   0x08008db6   0x00000002   PAD
    0x08008db8   0x08008db8   0x0000003e   Code   RO          424    .text.USBD_FS_InterfaceStrDescriptor  lto-llvm-26abbc.o
    0x08008df6   0x08008df6   0x00000002   PAD
    0x08008df8   0x08008df8   0x0000001a   Code   RO          414    .text.USBD_FS_LangIDStrDescriptor  lto-llvm-26abbc.o
    0x08008e12   0x08008e12   0x00000002   PAD
    0x08008e14   0x08008e14   0x00000024   Code   RO          416    .text.USBD_FS_ManufacturerStrDescriptor  lto-llvm-26abbc.o
    0x08008e38   0x08008e38   0x0000003e   Code   RO          418    .text.USBD_FS_ProductStrDescriptor  lto-llvm-26abbc.o
    0x08008e76   0x08008e76   0x00000002   PAD
    0x08008e78   0x08008e78   0x00000020   Code   RO          420    .text.USBD_FS_SerialStrDescriptor  lto-llvm-26abbc.o
    0x08008e98   0x08008e98   0x00000060   Code   RO          776    .text.USBD_GetConfig  lto-llvm-26abbc.o
    0x08008ef8   0x08008ef8   0x000001ac   Code   RO          770    .text.USBD_GetDescriptor  lto-llvm-26abbc.o
    0x080090a4   0x080090a4   0x0000002e   Code   RO          794    .text.USBD_GetLen   lto-llvm-26abbc.o
    0x080090d2   0x080090d2   0x00000002   PAD
    0x080090d4   0x080090d4   0x00000062   Code   RO          778    .text.USBD_GetStatus  lto-llvm-26abbc.o
    0x08009136   0x08009136   0x00000002   PAD
    0x08009138   0x08009138   0x00000088   Code   RO          792    .text.USBD_GetString  lto-llvm-26abbc.o
    0x080091c0   0x080091c0   0x0000004c   Code   RO          390    .text.USBD_Get_USB_Status  lto-llvm-26abbc.o
    0x0800920c   0x0800920c   0x00000076   Code   RO          732    .text.USBD_Init     lto-llvm-26abbc.o
    0x08009282   0x08009282   0x00000002   PAD
    0x08009284   0x08009284   0x00000036   Code   RO          400    .text.USBD_LL_ClearStallEP  lto-llvm-26abbc.o
    0x080092ba   0x080092ba   0x00000002   PAD
    0x080092bc   0x080092bc   0x0000003a   Code   RO          396    .text.USBD_LL_CloseEP  lto-llvm-26abbc.o
    0x080092f6   0x080092f6   0x00000002   PAD
    0x080092f8   0x080092f8   0x0000015e   Code   RO          748    .text.USBD_LL_DataInStage  lto-llvm-26abbc.o
    0x08009456   0x08009456   0x00000002   PAD
    0x08009458   0x08009458   0x000000f2   Code   RO          746    .text.USBD_LL_DataOutStage  lto-llvm-26abbc.o
    0x0800954a   0x0800954a   0x00000002   PAD
    0x0800954c   0x0800954c   0x00000008   Code   RO          764    .text.USBD_LL_DevConnected  lto-llvm-26abbc.o
    0x08009554   0x08009554   0x0000001e   Code   RO          766    .text.USBD_LL_DevDisconnected  lto-llvm-26abbc.o
    0x08009572   0x08009572   0x00000002   PAD
    0x08009574   0x08009574   0x0000001c   Code   RO          410    .text.USBD_LL_GetRxDataSize  lto-llvm-26abbc.o
    0x08009590   0x08009590   0x00000068   Code   RO          388    .text.USBD_LL_Init  lto-llvm-26abbc.o
    0x080095f8   0x080095f8   0x0000005c   Code   RO          402    .text.USBD_LL_IsStallEP  lto-llvm-26abbc.o
    0x08009654   0x08009654   0x0000000c   Code   RO          760    .text.USBD_LL_IsoINIncomplete  lto-llvm-26abbc.o
    0x08009660   0x08009660   0x0000000c   Code   RO          762    .text.USBD_LL_IsoOUTIncomplete  lto-llvm-26abbc.o
    0x0800966c   0x0800966c   0x0000004a   Code   RO          394    .text.USBD_LL_OpenEP  lto-llvm-26abbc.o
    0x080096b6   0x080096b6   0x00000002   PAD
    0x080096b8   0x080096b8   0x00000046   Code   RO          408    .text.USBD_LL_PrepareReceive  lto-llvm-26abbc.o
    0x080096fe   0x080096fe   0x00000002   PAD
    0x08009700   0x08009700   0x0000006a   Code   RO          750    .text.USBD_LL_Reset  lto-llvm-26abbc.o
    0x0800976a   0x0800976a   0x00000002   PAD
    0x0800976c   0x0800976c   0x00000012   Code   RO          756    .text.USBD_LL_Resume  lto-llvm-26abbc.o
    0x0800977e   0x0800977e   0x00000002   PAD
    0x08009780   0x08009780   0x00000030   Code   RO          758    .text.USBD_LL_SOF   lto-llvm-26abbc.o
    0x080097b0   0x080097b0   0x00000014   Code   RO          752    .text.USBD_LL_SetSpeed  lto-llvm-26abbc.o
    0x080097c4   0x080097c4   0x00000036   Code   RO          404    .text.USBD_LL_SetUSBAddress  lto-llvm-26abbc.o
    0x080097fa   0x080097fa   0x00000002   PAD
    0x080097fc   0x080097fc   0x00000078   Code   RO          744    .text.USBD_LL_SetupStage  lto-llvm-26abbc.o
    0x08009874   0x08009874   0x00000036   Code   RO          398    .text.USBD_LL_StallEP  lto-llvm-26abbc.o
    0x080098aa   0x080098aa   0x00000002   PAD
    0x080098ac   0x080098ac   0x0000002e   Code   RO          392    .text.USBD_LL_Start  lto-llvm-26abbc.o
    0x080098da   0x080098da   0x00000002   PAD
    0x080098dc   0x080098dc   0x0000001a   Code   RO          754    .text.USBD_LL_Suspend  lto-llvm-26abbc.o
    0x080098f6   0x080098f6   0x00000002   PAD
    0x080098f8   0x080098f8   0x00000046   Code   RO          406    .text.USBD_LL_Transmit  lto-llvm-26abbc.o
    0x0800993e   0x0800993e   0x00000002   PAD
    0x08009940   0x08009940   0x00000044   Code   RO          790    .text.USBD_ParseSetupRequest  lto-llvm-26abbc.o
    0x08009984   0x08009984   0x00000042   Code   RO          734    .text.USBD_RegisterClass  lto-llvm-26abbc.o
    0x080099c6   0x080099c6   0x00000002   PAD
    0x080099c8   0x080099c8   0x00000008   Code   RO          738    .text.USBD_RunTestMode  lto-llvm-26abbc.o
    0x080099d0   0x080099d0   0x0000008c   Code   RO          772    .text.USBD_SetAddress  lto-llvm-26abbc.o
    0x08009a5c   0x08009a5c   0x0000003e   Code   RO          740    .text.USBD_SetClassConfig  lto-llvm-26abbc.o
    0x08009a9a   0x08009a9a   0x00000002   PAD
    0x08009a9c   0x08009a9c   0x00000132   Code   RO          774    .text.USBD_SetConfig  lto-llvm-26abbc.o
    0x08009bce   0x08009bce   0x00000002   PAD
    0x08009bd0   0x08009bd0   0x00000026   Code   RO          780    .text.USBD_SetFeature  lto-llvm-26abbc.o
    0x08009bf6   0x08009bf6   0x00000002   PAD
    0x08009bf8   0x08009bf8   0x00000018   Code   RO          736    .text.USBD_Start    lto-llvm-26abbc.o
    0x08009c10   0x08009c10   0x000000aa   Code   RO          768    .text.USBD_StdDevReq  lto-llvm-26abbc.o
    0x08009cba   0x08009cba   0x00000002   PAD
    0x08009cbc   0x08009cbc   0x00000304   Code   RO          788    .text.USBD_StdEPReq  lto-llvm-26abbc.o
    0x08009fc0   0x08009fc0   0x0000008e   Code   RO          786    .text.USBD_StdItfReq  lto-llvm-26abbc.o
    0x0800a04e   0x0800a04e   0x00000002   PAD
    0x0800a050   0x0800a050   0x000000de   Code   RO          692    .text.USB_ActivateEndpoint  lto-llvm-26abbc.o
    0x0800a12e   0x0800a12e   0x00000002   PAD
    0x0800a130   0x0800a130   0x0000004a   Code   RO          726    .text.USB_ActivateSetup  lto-llvm-26abbc.o
    0x0800a17a   0x0800a17a   0x00000002   PAD
    0x0800a17c   0x0800a17c   0x000000f6   Code   RO          670    .text.USB_CoreInit  lto-llvm-26abbc.o
    0x0800a272   0x0800a272   0x00000002   PAD
    0x0800a274   0x0800a274   0x0000007e   Code   RO          672    .text.USB_CoreReset  lto-llvm-26abbc.o
    0x0800a2f2   0x0800a2f2   0x00000002   PAD
    0x0800a2f4   0x0800a2f4   0x000000ce   Code   RO          694    .text.USB_DeactivateEndpoint  lto-llvm-26abbc.o
    0x0800a3c2   0x0800a3c2   0x00000002   PAD
    0x0800a3c4   0x0800a3c4   0x00000022   Code   RO          710    .text.USB_DevConnect  lto-llvm-26abbc.o
    0x0800a3e6   0x0800a3e6   0x00000002   PAD
    0x0800a3e8   0x0800a3e8   0x00000022   Code   RO          712    .text.USB_DevDisconnect  lto-llvm-26abbc.o
    0x0800a40a   0x0800a40a   0x00000002   PAD
    0x0800a40c   0x0800a40c   0x000002d6   Code   RO          682    .text.USB_DevInit   lto-llvm-26abbc.o
    0x0800a6e2   0x0800a6e2   0x00000002   PAD
    0x0800a6e4   0x0800a6e4   0x00000012   Code   RO          678    .text.USB_DisableGlobalInt  lto-llvm-26abbc.o
    0x0800a6f6   0x0800a6f6   0x00000002   PAD
    0x0800a6f8   0x0800a6f8   0x000001ee   Code   RO          700    .text.USB_EP0StartXfer  lto-llvm-26abbc.o
    0x0800a8e6   0x0800a8e6   0x00000002   PAD
    0x0800a8e8   0x0800a8e8   0x0000009a   Code   RO          728    .text.USB_EP0_OutStart  lto-llvm-26abbc.o
    0x0800a982   0x0800a982   0x00000002   PAD
    0x0800a984   0x0800a984   0x0000009e   Code   RO          706    .text.USB_EPClearStall  lto-llvm-26abbc.o
    0x0800aa22   0x0800aa22   0x00000002   PAD
    0x0800aa24   0x0800aa24   0x000000a6   Code   RO          704    .text.USB_EPSetStall  lto-llvm-26abbc.o
    0x0800aaca   0x0800aaca   0x00000002   PAD
    0x0800aacc   0x0800aacc   0x0000035e   Code   RO          696    .text.USB_EPStartXfer  lto-llvm-26abbc.o
    0x0800ae2a   0x0800ae2a   0x00000002   PAD
    0x0800ae2c   0x0800ae2c   0x00000012   Code   RO          676    .text.USB_EnableGlobalInt  lto-llvm-26abbc.o
    0x0800ae3e   0x0800ae3e   0x00000002   PAD
    0x0800ae40   0x0800ae40   0x0000004c   Code   RO          688    .text.USB_FlushRxFifo  lto-llvm-26abbc.o
    0x0800ae8c   0x0800ae8c   0x00000054   Code   RO          686    .text.USB_FlushTxFifo  lto-llvm-26abbc.o
    0x0800aee0   0x0800aee0   0x0000004c   Code   RO          690    .text.USB_GetDevSpeed  lto-llvm-26abbc.o
    0x0800af2c   0x0800af2c   0x00000010   Code   RO          724    .text.USB_GetMode   lto-llvm-26abbc.o
    0x0800af3c   0x0800af3c   0x00000024   Code   RO          718    .text.USB_ReadDevAllInEpInterrupt  lto-llvm-26abbc.o
    0x0800af60   0x0800af60   0x00000024   Code   RO          716    .text.USB_ReadDevAllOutEpInterrupt  lto-llvm-26abbc.o
    0x0800af84   0x0800af84   0x0000004e   Code   RO          722    .text.USB_ReadDevInEPInterrupt  lto-llvm-26abbc.o
    0x0800afd2   0x0800afd2   0x00000002   PAD
    0x0800afd4   0x0800afd4   0x0000002e   Code   RO          720    .text.USB_ReadDevOutEPInterrupt  lto-llvm-26abbc.o
    0x0800b002   0x0800b002   0x00000002   PAD
    0x0800b004   0x0800b004   0x0000001a   Code   RO          714    .text.USB_ReadInterrupts  lto-llvm-26abbc.o
    0x0800b01e   0x0800b01e   0x00000002   PAD
    0x0800b020   0x0800b020   0x0000004c   Code   RO          702    .text.USB_ReadPacket  lto-llvm-26abbc.o
    0x0800b06c   0x0800b06c   0x0000005c   Code   RO          680    .text.USB_SetCurrentMode  lto-llvm-26abbc.o
    0x0800b0c8   0x0800b0c8   0x00000034   Code   RO          708    .text.USB_SetDevAddress  lto-llvm-26abbc.o
    0x0800b0fc   0x0800b0fc   0x00000020   Code   RO          684    .text.USB_SetDevSpeed  lto-llvm-26abbc.o
    0x0800b11c   0x0800b11c   0x000001b8   Code   RO          674    .text.USB_SetTurnaroundTime  lto-llvm-26abbc.o
    0x0800b2d4   0x0800b2d4   0x0000006a   Code   RO          698    .text.USB_WritePacket  lto-llvm-26abbc.o
    0x0800b33e   0x0800b33e   0x00000002   PAD
    0x0800b340   0x0800b340   0x00000004   Code   RO          286    .text.UsageFault_Handler  lto-llvm-26abbc.o
    0x0800b344   0x0800b344   0x00000014   Code   RO          836    .text._GLOBAL__sub_I_ChassisTask.cpp  lto-llvm-26abbc.o
    0x0800b358   0x0800b358   0x00000008   Code   RO          858    .text._GLOBAL__sub_I_UserTask.cpp  lto-llvm-26abbc.o
    0x0800b360   0x0800b360   0x00000114   Code   RO          856    .text._Z10CtrlHandlev  lto-llvm-26abbc.o
    0x0800b474   0x0800b474   0x0000001a   Code   RO          866    .text._Z10UserHandlev  lto-llvm-26abbc.o
    0x0800b48e   0x0800b48e   0x00000002   PAD
    0x0800b490   0x0800b490   0x00000040   Code   RO          854    .text._Z11ChassisStopv  lto-llvm-26abbc.o
    0x0800b4d0   0x0800b4d0   0x0000006c   Code   RO          848    .text._Z13ChassisHandlev  lto-llvm-26abbc.o
    0x0800b53c   0x0800b53c   0x0000006a   Code   RO          868    .text._Z13aRGB_led_showj  lto-llvm-26abbc.o
    0x0800b5a6   0x0800b5a6   0x00000002   PAD
    0x0800b5a8   0x0800b5a8   0x00000022   Code   RO          874    .text._Z14bsp_flash_readP12flash_data_t  lto-llvm-26abbc.o
    0x0800b5ca   0x0800b5ca   0x00000002   PAD
    0x0800b5cc   0x0800b5cc   0x000000c4   Code   RO          850    .text._Z15WheelsSpeedCalcfff  lto-llvm-26abbc.o
    0x0800b690   0x0800b690   0x00000174   Code   RO          870    .text._Z15aRGB_led_changej  lto-llvm-26abbc.o
    0x0800b804   0x0800b804   0x000001b8   Code   RO          872    .text._Z15bsp_ADC_vccMoniv  lto-llvm-26abbc.o
    0x0800b9bc   0x0800b9bc   0x00000042   Code   RO          852    .text._Z18ChassisSetVelocityfff  lto-llvm-26abbc.o
    0x0800b9fe   0x0800b9fe   0x00000002   PAD
    0x0800ba00   0x0800ba00   0x00000008   Code   RO          864    .text._Z8UserInitv  lto-llvm-26abbc.o
    0x0800ba08   0x0800ba08   0x00000010   Code   RO          862    .text._Z8UserStopv  lto-llvm-26abbc.o
    0x0800ba18   0x0800ba18   0x00000178   Code   RO          912    .text._ZN13RemoteControl10sbus_to_rcEPVKh  lto-llvm-26abbc.o
    0x0800bb90   0x0800bb90   0x000000a2   Code   RO          910    .text._ZN13RemoteControl4initEv  lto-llvm-26abbc.o
    0x0800bc32   0x0800bc32   0x00000002   PAD
    0x0800bc34   0x0800bc34   0x0000013c   Code   RO          914    .text._ZN13RemoteControl8ITHandleEv  lto-llvm-26abbc.o
    0x0800bd70   0x0800bd70   0x00000204   Code   RO          890    .text._ZN3PID7PIDCalcEff  lto-llvm-26abbc.o
    0x0800bf74   0x0800bf74   0x00000008   Code   RO          884    .text._ZN5Motor11ErrorHandleEv  lto-llvm-26abbc.o
    0x0800bf7c   0x0800bf7c   0x0000006e   Code   RO          888    .text._ZN5Motor13IntensityCalcEv  lto-llvm-26abbc.o
    0x0800bfea   0x0800bfea   0x00000002   PAD
    0x0800bfec   0x0800bfec   0x000001b8   Code   RO          894    .text._ZN5Motor14CANPackageSendEv  lto-llvm-26abbc.o
    0x0800c1a4   0x0800c1a4   0x00000018   Code   RO          904    .text._ZN5Motor14SetTargetSpeedEf  lto-llvm-26abbc.o
    0x0800c1bc   0x0800c1bc   0x000001f0   Code   RO          886    .text._ZN5Motor16MotorStateUpdateEv  lto-llvm-26abbc.o
    0x0800c3ac   0x0800c3ac   0x0000005a   Code   RO          892    .text._ZN5Motor4InitEv  lto-llvm-26abbc.o
    0x0800c406   0x0800c406   0x00000002   PAD
    0x0800c408   0x0800c408   0x0000000e   Code   RO          906    .text._ZN5Motor4StopEv  lto-llvm-26abbc.o
    0x0800c416   0x0800c416   0x00000002   PAD
    0x0800c418   0x0800c418   0x0000007a   Code   RO          882    .text._ZN5Motor6HandleEv  lto-llvm-26abbc.o
    0x0800c492   0x0800c492   0x00000002   PAD
    0x0800c494   0x0800c494   0x000000b4   Code   RO          902    .text._ZN5Motor9IT_HandleEP19__CAN_HandleTypeDef  lto-llvm-26abbc.o
    0x0800c548   0x0800c548   0x000000d6   Code   RO          898    .text._ZN5MotorC2EjP12MOTOR_INIT_t  lto-llvm-26abbc.o
    0x0800c61e   0x0800c61e   0x00000002   PAD
    0x0800c620   0x0800c620   0x00000028   Code   RO          900    .text._ZN5MotorD2Ev  lto-llvm-26abbc.o
    0x0800c648   0x0800c648   0x00000016   Code   RO          896    .text._ZN6DeviceC2Ev  lto-llvm-26abbc.o
    0x0800c65e   0x0800c65e   0x00000002   PAD
    0x0800c660   0x0800c660   0x00000032   Code   RO          526    .text.__NVIC_EnableIRQ  lto-llvm-26abbc.o
    0x0800c692   0x0800c692   0x00000002   PAD
    0x0800c694   0x0800c694   0x00000010   Code   RO          518    .text.__NVIC_GetPriorityGrouping  lto-llvm-26abbc.o
    0x0800c6a4   0x0800c6a4   0x00000042   Code   RO          522    .text.__NVIC_SetPriority  lto-llvm-26abbc.o
    0x0800c6e6   0x0800c6e6   0x00000002   PAD
    0x0800c6e8   0x0800c6e8   0x0000003c   Code   RO          514    .text.__NVIC_SetPriorityGrouping  lto-llvm-26abbc.o
    0x0800c724   0x0800c724   0x00000028   Code   RO           68    .text.__cxa_pure_virtual  libcppabi_w.l(cxa_virtual.cpp.o)
    0x0800c74c   0x0800c74c   0x00000032   Code   RO          838    .text.__cxx_global_var_init  lto-llvm-26abbc.o
    0x0800c77e   0x0800c77e   0x00000002   PAD
    0x0800c780   0x0800c780   0x00000032   Code   RO          840    .text.__cxx_global_var_init.1  lto-llvm-26abbc.o
    0x0800c7b2   0x0800c7b2   0x00000002   PAD
    0x0800c7b4   0x0800c7b4   0x00000032   Code   RO          842    .text.__cxx_global_var_init.2  lto-llvm-26abbc.o
    0x0800c7e6   0x0800c7e6   0x00000002   PAD
    0x0800c7e8   0x0800c7e8   0x00000032   Code   RO          860    .text.__cxx_global_var_init.272  lto-llvm-26abbc.o
    0x0800c81a   0x0800c81a   0x00000002   PAD
    0x0800c81c   0x0800c81c   0x00000032   Code   RO          844    .text.__cxx_global_var_init.3  lto-llvm-26abbc.o
    0x0800c84e   0x0800c84e   0x00000004   Code   RO          142    .text.abort_message  libcppabi_w.l(abort_message.cpp.o)
    0x0800c852   0x0800c852   0x00000002   PAD
    0x0800c854   0x0800c854   0x0000002a   Code   RO          924    .text.adxl_Handle   lto-llvm-26abbc.o
    0x0800c87e   0x0800c87e   0x00000002   PAD
    0x0800c880   0x0800c880   0x0000001c   Code   RO          922    .text.adxl_init     lto-llvm-26abbc.o
    0x0800c89c   0x0800c89c   0x00000048   Code   RO          920    .text.adxl_read     lto-llvm-26abbc.o
    0x0800c8e4   0x0800c8e4   0x0000004c   Code   RO          918    .text.adxl_write    lto-llvm-26abbc.o
    0x0800c930   0x0800c930   0x000000a8   Code   RO          880    .text.main          lto-llvm-26abbc.o
    0x0800c9d8   0x0800c9d8   0x000003c4   Code   RO          164    i.__hardfp_log      m_wm.l(log.o)
    0x0800cd9c   0x0800cd9c   0x00000004   PAD
    0x0800cda0   0x0800cda0   0x00000100   Code   RO           72    i.__hardfp_log2     m_wm.l(log2.o)
    0x0800cea0   0x0800cea0   0x000000f8   Code   RO          231    i.__kernel_poly     m_wm.l(poly.o)
    0x0800cf98   0x0800cf98   0x00000030   Code   RO          144    i.__mathlib_dbl_divzero  m_wm.l(dunder.o)
    0x0800cfc8   0x0800cfc8   0x00000014   Code   RO          145    i.__mathlib_dbl_infnan  m_wm.l(dunder.o)
    0x0800cfdc   0x0800cfdc   0x00000004   PAD
    0x0800cfe0   0x0800cfe0   0x00000020   Code   RO          147    i.__mathlib_dbl_invalid  m_wm.l(dunder.o)
    0x0800d000   0x0800d000   0x0000000e   Code   RO         1049    i.__scatterload_copy  mc_w.l(handlers.o)
    0x0800d00e   0x0800d00e   0x00000002   Code   RO         1050    i.__scatterload_null  mc_w.l(handlers.o)
    0x0800d010   0x0800d010   0x0000000e   Code   RO         1051    i.__scatterload_zeroinit  mc_w.l(handlers.o)
    0x0800d01e   0x0800d01e   0x00000002   PAD
    0x0800d020   0x0800d020   0x0000000c   Code   RO          209    i.__set_errno       mc_w.l(errno.o)
    0x0800d02c   0x0800d02c   0x00000050   Code   RO          111    i.free              mc_w.l(malloc.o)
    0x0800d07c   0x0800d07c   0x00000004   PAD
    0x0800d080   0x0800d080   0x0000008c   Code   RO          160    i.frexp             m_wm.l(frexp.o)
    0x0800d10c   0x0800d10c   0x00000010   Code   RO          166    i.log               m_wm.l(log.o)
    0x0800d11c   0x0800d11c   0x0000006c   Code   RO          112    i.malloc            mc_w.l(malloc.o)
    0x0800d188   0x0800d188   0x00000038   Data   RO          167    .constdata          m_wm.l(log.o)
    0x0800d1c0   0x0800d1c0   0x00000008   Data   RO          233    .constdata          m_wm.l(qnan.o)
    0x0800d1c8   0x0800d1c8   0x00000010   Data   RO         1005    .rodata._ZTV5Motor  lto-llvm-26abbc.o
    0x0800d1d8   0x0800d1d8   0x00000010   Data   RO         1007    .rodata._ZTV6Device  lto-llvm-26abbc.o
    0x0800d1e8   0x0800d1e8   0x00000010   Data   RO          961    .rodata.cst16       lto-llvm-26abbc.o
    0x0800d1f8   0x0800d1f8   0x00000010   Data   RO          957    .rodata.cst8        lto-llvm-26abbc.o
    0x0800d208   0x0800d208   0x00000042   Data   RO          952    .rodata.str1.1      lto-llvm-26abbc.o
    0x0800d24a   0x0800d24a   0x00000002   PAD
    0x0800d24c   0x0800d24c   0x00000020   Data   RO         1048    Region$$Table       anon$$obj.o
    0x0800d26c   0x0800d26c   0x00000008   Data   RO          978    .init_array         lto-llvm-26abbc.o
    0x0800d274   0x0800d26c   0x00000000   Data   RO         1033    .init_array         mc_w.l(cpp_init.o)


    Execution Region RW_IRAM1 (Exec base: 0x20000000, Load base: 0x0800d278, Size: 0x00003f28, Max: 0x00020000, ABSOLUTE, COMPRESSED[0x000000e8])

    Exec Addr    Load Addr    Size         Type   Attr      Idx    E Section Name        Object

    0x20000000   COMPRESSED   0x00000004   Data   RW          205    .data               mc_w.l(mvars.o)
    0x20000004   COMPRESSED   0x00000004   Data   RW          206    .data               mc_w.l(mvars.o)
    0x20000008   COMPRESSED   0x00000004   Data   RW          210    .data               mc_w.l(errno.o)
    0x2000000c   COMPRESSED   0x00000004   Data   RW          247    .data               mc_w.l(cpp_dtor.o)
    0x20000010   COMPRESSED   0x0000001c   Data   RW          951    .data.FS_Desc       lto-llvm-26abbc.o
    0x2000002c   COMPRESSED   0x00000004   Data   RW          960    .data.SystemCoreClock  lto-llvm-26abbc.o
    0x20000030   COMPRESSED   0x00000038   Data   RW          963    .data.USBD_CDC      lto-llvm-26abbc.o
    0x20000068   COMPRESSED   0x00000043   Data   RW          966    .data.USBD_CDC_CfgFSDesc  lto-llvm-26abbc.o
    0x200000ab   COMPRESSED   0x00000001   PAD
    0x200000ac   COMPRESSED   0x00000043   Data   RW          967    .data.USBD_CDC_CfgHSDesc  lto-llvm-26abbc.o
    0x200000ef   COMPRESSED   0x00000001   PAD
    0x200000f0   COMPRESSED   0x0000000a   Data   RW          964    .data.USBD_CDC_DeviceQualifierDesc  lto-llvm-26abbc.o
    0x200000fa   COMPRESSED   0x00000002   PAD
    0x200000fc   COMPRESSED   0x00000043   Data   RW          965    .data.USBD_CDC_OtherSpeedCfgDesc  lto-llvm-26abbc.o
    0x2000013f   COMPRESSED   0x00000001   PAD
    0x20000140   COMPRESSED   0x00000012   Data   RW          956    .data.USBD_FS_DeviceDesc  lto-llvm-26abbc.o
    0x20000152   COMPRESSED   0x00000002   PAD
    0x20000154   COMPRESSED   0x00000010   Data   RW          947    .data.USBD_Interface_fops_FS  lto-llvm-26abbc.o
    0x20000164   COMPRESSED   0x00000004   Data   RW          955    .data.USBD_LangIDDesc  lto-llvm-26abbc.o
    0x20000168   COMPRESSED   0x0000001a   Data   RW          954    .data.USBD_StringSerial  lto-llvm-26abbc.o
    0x20000182   COMPRESSED   0x00000002   PAD
    0x20000184   COMPRESSED   0x00000004   Data   RW          994    .data._ZZ15aRGB_led_changejE10aRGB_value  lto-llvm-26abbc.o
    0x20000188   COMPRESSED   0x00000014   Data   RW          969    .data.chassisMotorInit  lto-llvm-26abbc.o
    0x2000019c   COMPRESSED   0x00000001   Data   RW          988    .data.key_raw_state  lto-llvm-26abbc.o
    0x2000019d   COMPRESSED   0x00000003   PAD
    0x200001a0   COMPRESSED   0x00000048   Data   RW          968    .data.pidRegulator  lto-llvm-26abbc.o
    0x200001e8   COMPRESSED   0x00000014   Data   RW          980    .data.userMotorInit  lto-llvm-26abbc.o
    0x200001fc   COMPRESSED   0x00000048   Data   RW          979    .data.userPidRegulator  lto-llvm-26abbc.o
    0x20000244   COMPRESSED   0x00000004   Data   RW          958    .data.uwTickPrio    lto-llvm-26abbc.o
    0x20000248        -       0x000000c8   Zero   RW          972    .bss.CMBL           lto-llvm-26abbc.o
    0x20000310        -       0x000000c8   Zero   RW          973    .bss.CMBR           lto-llvm-26abbc.o
    0x200003d8        -       0x000000c8   Zero   RW          970    .bss.CMFL           lto-llvm-26abbc.o
    0x200004a0        -       0x000000c8   Zero   RW          971    .bss.CMFR           lto-llvm-26abbc.o
    0x20000568        -       0x00000001   Zero   RW          974    .bss.ChassisStopFlag  lto-llvm-26abbc.o
    0x20000569   COMPRESSED   0x00000003   PAD
    0x2000056c        -       0x00000004   Zero   RW          975    .bss.FBVelocity     lto-llvm-26abbc.o
    0x20000570        -       0x00000004   Zero   RW          941    .bss.HAL_RCC_CAN1_CLK_ENABLED  lto-llvm-26abbc.o
    0x20000574        -       0x00000004   Zero   RW          976    .bss.LRVelocity     lto-llvm-26abbc.o
    0x20000578        -       0x00000004   Zero   RW          977    .bss.RTVelocity     lto-llvm-26abbc.o
    0x2000057c        -       0x00000001   Zero   RW          962    .bss.USBD_SetConfig.cfgidx  lto-llvm-26abbc.o
    0x2000057d   COMPRESSED   0x00000003   PAD
    0x20000580        -       0x00000200   Zero   RW          953    .bss.USBD_StrDesc   lto-llvm-26abbc.o
    0x20000780        -       0x000000c8   Zero   RW          981    .bss.UserMotor      lto-llvm-26abbc.o
    0x20000848        -       0x00000800   Zero   RW          949    .bss.UserRxBufferFS  lto-llvm-26abbc.o
    0x20001048        -       0x00000800   Zero   RW          948    .bss.UserTxBufferFS  lto-llvm-26abbc.o
    0x20001848        -       0x00000048   Zero   RW         1008    .bss._ZN13RemoteControl11sbus_rx_bufE  lto-llvm-26abbc.o
    0x20001890        -       0x00000004   Zero   RW         1011    .bss._ZN13RemoteControl6rcInfoE.1  lto-llvm-26abbc.o
    0x20001894        -       0x00000004   Zero   RW         1012    .bss._ZN13RemoteControl6rcInfoE.2  lto-llvm-26abbc.o
    0x20001898        -       0x00000004   Zero   RW         1013    .bss._ZN13RemoteControl6rcInfoE.3  lto-llvm-26abbc.o
    0x2000189c        -       0x00000001   Zero   RW         1014    .bss._ZN13RemoteControl6rcInfoE.5  lto-llvm-26abbc.o
    0x2000189d   COMPRESSED   0x00000003   PAD
    0x200018a0        -       0x00000001   Zero   RW         1015    .bss._ZN13RemoteControl6rcInfoE.7  lto-llvm-26abbc.o
    0x200018a1   COMPRESSED   0x00000003   PAD
    0x200018a4        -       0x00000004   Zero   RW         1016    .bss._ZN13RemoteControl7rc_ctrlE.0.0.0  lto-llvm-26abbc.o
    0x200018a8        -       0x00000004   Zero   RW         1017    .bss._ZN13RemoteControl7rc_ctrlE.0.0.1  lto-llvm-26abbc.o
    0x200018ac        -       0x00000004   Zero   RW         1018    .bss._ZN13RemoteControl7rc_ctrlE.0.0.2  lto-llvm-26abbc.o
    0x200018b0        -       0x00000004   Zero   RW         1019    .bss._ZN13RemoteControl7rc_ctrlE.0.0.3  lto-llvm-26abbc.o
    0x200018b4        -       0x00000004   Zero   RW         1020    .bss._ZN13RemoteControl7rc_ctrlE.0.0.4  lto-llvm-26abbc.o
    0x200018b8        -       0x00000004   Zero   RW         1021    .bss._ZN13RemoteControl7rc_ctrlE.0.1.0  lto-llvm-26abbc.o
    0x200018bc        -       0x00000004   Zero   RW         1022    .bss._ZN13RemoteControl7rc_ctrlE.0.1.1  lto-llvm-26abbc.o
    0x200018c0        -       0x00000020   Zero   RW         1003    .bss._ZN5Motor15motor_intensityE  lto-llvm-26abbc.o
    0x200018e0        -       0x00000040   Zero   RW         1002    .bss._ZN5Motor9motorPtrsE  lto-llvm-26abbc.o
    0x20001920        -       0x00000004   Zero   RW         1004    .bss._ZN5Motor9motor_IDsE  lto-llvm-26abbc.o
    0x20001924        -       0x00000002   Zero   RW          991    .bss._ZZ13aRGB_led_showjE3red  lto-llvm-26abbc.o
    0x20001926        -       0x00000002   Zero   RW          993    .bss._ZZ13aRGB_led_showjE4blue  lto-llvm-26abbc.o
    0x20001928        -       0x00000001   Zero   RW          990    .bss._ZZ13aRGB_led_showjE5alpha  lto-llvm-26abbc.o
    0x20001929   COMPRESSED   0x00000001   PAD
    0x2000192a        -       0x00000002   Zero   RW          992    .bss._ZZ13aRGB_led_showjE5green  lto-llvm-26abbc.o
    0x2000192c        -       0x00000004   Zero   RW          995    .bss._ZZ15aRGB_led_changejE8lastTick  lto-llvm-26abbc.o
    0x20001930        -       0x00000004   Zero   RW          996    .bss._ZZ15aRGB_led_changejE9lastPhase  lto-llvm-26abbc.o
    0x20001934        -       0x00000004   Zero   RW          998    .bss._ZZ15bsp_ADC_vccMonivE14calibrationCnt  lto-llvm-26abbc.o
    0x20001938        -       0x00000001   Zero   RW          997    .bss._ZZ15bsp_ADC_vccMonivE15calibrationCplt  lto-llvm-26abbc.o
    0x20001939   COMPRESSED   0x00000003   PAD
    0x2000193c        -       0x00000004   Zero   RW         1000    .bss._ZZ15bsp_ADC_vccMonivE7vrefSum  lto-llvm-26abbc.o
    0x20001940        -       0x00000004   Zero   RW          999    .bss._ZZ15bsp_ADC_vccMonivE9vrefValue  lto-llvm-26abbc.o
    0x20001944        -       0x00000004   Zero   RW         1001    .bss._ZZ29HAL_TIM_PeriodElapsedCallbackE3cnt  lto-llvm-26abbc.o
    0x20001948        -       0x00000002   Zero   RW         1009    .bss._ZZN13RemoteControl8ITHandleEvE16this_time_rx_len  lto-llvm-26abbc.o
    0x2000194a   COMPRESSED   0x00000002   PAD
    0x2000194c        -       0x00000004   Zero   RW         1006    .bss._ZZN5Motor16MotorStateUpdateEvE8lastRead  lto-llvm-26abbc.o
    0x20001950        -       0x00000006   Zero   RW         1010    .bss.data_rec       lto-llvm-26abbc.o
    0x20001956   COMPRESSED   0x00000002   PAD
    0x20001958        -       0x00000200   Zero   RW          985    .bss.flashData      lto-llvm-26abbc.o
    0x20001b58        -       0x0000029c   Zero   RW          946    .bss.hUsbDeviceFS   lto-llvm-26abbc.o
    0x20001df4        -       0x00000048   Zero   RW          931    .bss.hadc1          lto-llvm-26abbc.o
    0x20001e3c        -       0x00000048   Zero   RW          932    .bss.hadc3          lto-llvm-26abbc.o
    0x20001e84        -       0x00000028   Zero   RW          939    .bss.hcan1          lto-llvm-26abbc.o
    0x20001eac        -       0x00000028   Zero   RW          940    .bss.hcan2          lto-llvm-26abbc.o
    0x20001ed4        -       0x00000060   Zero   RW          937    .bss.hdma_usart1_rx  lto-llvm-26abbc.o
    0x20001f34        -       0x00000060   Zero   RW          936    .bss.hdma_usart1_tx  lto-llvm-26abbc.o
    0x20001f94        -       0x00000060   Zero   RW          938    .bss.hdma_usart3_rx  lto-llvm-26abbc.o
    0x20001ff4        -       0x00000054   Zero   RW          942    .bss.hi2c3          lto-llvm-26abbc.o
    0x20002048        -       0x0000000c   Zero   RW          945    .bss.hiwdg          lto-llvm-26abbc.o
    0x20002054        -       0x00000408   Zero   RW          950    .bss.hpcd_USB_OTG_FS  lto-llvm-26abbc.o
    0x2000245c        -       0x00000058   Zero   RW          943    .bss.hspi1          lto-llvm-26abbc.o
    0x200024b4        -       0x00000058   Zero   RW          944    .bss.hspi2          lto-llvm-26abbc.o
    0x2000250c        -       0x00000040   Zero   RW          926    .bss.htim1          lto-llvm-26abbc.o
    0x2000254c        -       0x00000040   Zero   RW          930    .bss.htim10         lto-llvm-26abbc.o
    0x2000258c        -       0x00000040   Zero   RW          927    .bss.htim4          lto-llvm-26abbc.o
    0x200025cc        -       0x00000040   Zero   RW          928    .bss.htim5          lto-llvm-26abbc.o
    0x2000260c        -       0x00000040   Zero   RW          929    .bss.htim8          lto-llvm-26abbc.o
    0x2000264c        -       0x00000040   Zero   RW          933    .bss.huart1         lto-llvm-26abbc.o
    0x2000268c        -       0x00000040   Zero   RW          934    .bss.huart3         lto-llvm-26abbc.o
    0x200026cc        -       0x00000040   Zero   RW          935    .bss.huart6         lto-llvm-26abbc.o
    0x2000270c        -       0x00000001   Zero   RW          986    .bss.init_Flag      lto-llvm-26abbc.o
    0x2000270d   COMPRESSED   0x00000003   PAD
    0x20002710        -       0x00000004   Zero   RW          989    .bss.key_last_stamp  lto-llvm-26abbc.o
    0x20002714        -       0x00000001   Zero   RW          987    .bss.period         lto-llvm-26abbc.o
    0x20002715   COMPRESSED   0x00000003   PAD
    0x20002718        -       0x00000004   Zero   RW          959    .bss.uwTick         lto-llvm-26abbc.o
    0x2000271c        -       0x00000004   Zero   RW          984    .bss.vccBat         lto-llvm-26abbc.o
    0x20002720        -       0x00000004   Zero   RW          983    .bss.vccMoni        lto-llvm-26abbc.o
    0x20002724        -       0x00000004   Zero   RW          982    .bss.x              lto-llvm-26abbc.o
    0x20002728        -       0x00001000   Zero   RW            2    HEAP                startup_stm32f407xx.o
    0x20003728        -       0x00000800   Zero   RW            1    STACK               startup_stm32f407xx.o


==============================================================================

Image component sizes


      Code (inc. data)   RO Data    RW Data    ZI Data      Debug   Object Name

     48952        134        138        556       9414     199991   lto-llvm-26abbc.o
        36          8        392          0       6144        816   startup_stm32f407xx.o

    ----------------------------------------------------------------------
     49314        142        564        568      15584     200807   Object Totals
         0          0         32          0          0          0   (incl. Generated)
       326          0          2         12         26          0   (incl. Padding)

    ----------------------------------------------------------------------

      Code (inc. data)   RO Data    RW Data    ZI Data      Debug   Library Member Name

         4          0          0          0          0          0   abort_message.cpp.o
        40         32          0          0          0          0   cxa_virtual.cpp.o
       100         28          0          0          0        372   dunder.o
       140         22          0          0          0        132   frexp.o
       980         92         56          0          0        440   log.o
       256         36          0          0          0        164   log2.o
       248          0          0          0          0        152   poly.o
         0          0          8          0          0          0   qnan.o
        86          0          0          0          0          0   __dczerorl2.o
        46          0          0          0          0         84   aeabi_atexit.o
         8          4          0          4          0         68   cpp_dtor.o
         2          0          0          0          0         68   cpp_final.o
        32         10          0          0          0         80   cpp_init.o
        10          0          0          0          0         68   cxa_atexit.o
        66          0          0          0          0         84   cxa_finalize.o
         0          0          0          0          0          0   entry.o
         0          0          0          0          0          0   entry10a.o
         4          0          0          0          0          0   entry10b.o
         0          0          0          0          0          0   entry11a.o
         8          4          0          0          0          0   entry2.o
         4          0          0          0          0          0   entry5.o
         0          0          0          0          0          0   entry7b.o
         4          0          0          0          0          0   entry8a.o
         0          0          0          0          0          0   entry8b.o
         8          4          0          0          0          0   entry9a.o
        12          6          0          4          0         68   errno.o
        30          0          0          0          0          0   handlers.o
        36          8          0          0          0         68   init.o
         0          0          0          0          0          0   iusefp.o
        30          0          0          0          0         68   llshl.o
        36          0          0          0          0         68   llsshr.o
        32          0          0          0          0         68   llushr.o
       188         20          0          0          0        160   malloc.o
        36          0          0          0          0         68   memcpya.o
        36          0          0          0          0        108   memseta.o
         0          0          0          8          0          0   mvars.o
        98          0          0          0          0         92   uldiv.o
        48          0          0          0          0         68   cdcmple.o
        56          0          0          0          0         88   d2f.o
       334          0          0          0          0        148   dadd.o
       222          0          0          0          0        100   ddiv.o
       186          0          0          0          0        176   depilogue.o
        50          0          0          0          0         76   dfixui.o
        34          0          0          0          0         76   dflti.o
        26          0          0          0          0         76   dfltui.o
       228          0          0          0          0         96   dmul.o
        38          0          0          0          0         68   f2d.o
       110          0          0          0          0        168   fepilogue.o

    ----------------------------------------------------------------------
      3934        274         64         16          0       3620   Library Totals
        22          8          0          0          0          0   (incl. Padding)

    ----------------------------------------------------------------------

      Code (inc. data)   RO Data    RW Data    ZI Data      Debug   Library Name

        44         32          0          0          0          0   libcppabi_w.l
      1724        178         64          0          0       1260   m_wm.l
       812         56          0         16          0       1220   mc_w.l
      1332          0          0          0          0       1140   mf_w.l

    ----------------------------------------------------------------------
      3934        274         64         16          0       3620   Library Totals

    ----------------------------------------------------------------------

==============================================================================


      Code (inc. data)   RO Data    RW Data    ZI Data      Debug   

     53248        416        628        584      15584     202867   Grand Totals
     53248        416        628        232      15584     202867   ELF Image Totals (compressed)
     53248        416        628        232          0          0   ROM Totals

==============================================================================

    Total RO  Size (Code + RO Data)                53876 (  52.61kB)
    Total RW  Size (RW Data + ZI Data)             16168 (  15.79kB)
    Total ROM Size (Code + RO Data + RW Data)      54108 (  52.84kB)

==============================================================================

